# tuivirt golden · antigravity_accounts_dark · 160x50
00|ACCOUNTS — auth is harness-owned · the ADE reads this list                                                                                                      |
   ~ Rgb(242, 242, 242)/Rgb(15, 15, 15)/BOLD×8; Rgb(139, 148, 158)/Rgb(15, 15, 15)/NONE×50; Rgb(212, 212, 212)/Rgb(15, 15, 15)/NONE×102
01|  ⚠ google-antigravity (ACP) — terms warning                                                                                                                    |
   ~ Rgb(255, 183, 87)/Rgb(15, 15, 15)/NONE×4; Rgb(242, 242, 242)/Rgb(15, 15, 15)/BOLD×24; Rgb(255, 183, 87)/Rgb(15, 15, 15)/NONE×16; Rgb(212, 212, 212)/Rgb(15, 15, 15)/NONE×116
02|    Google's published terms restrict third-party access to Gemini subscriptions/Antigravity; Google ships this ACP agent for editors and reportedly does not   |
   ~ Rgb(255, 183, 87)/Rgb(15, 15, 15)/NONE×158; Rgb(212, 212, 212)/Rgb(15, 15, 15)/NONE×2
03|    enforce the clause — use at your own risk.                                                                                                                  |
   ~ Rgb(255, 183, 87)/Rgb(15, 15, 15)/NONE×46; Rgb(212, 212, 212)/Rgb(15, 15, 15)/NONE×114
04|                                                                                                                                                                |
   ~ Rgb(212, 212, 212)/Rgb(15, 15, 15)/NONE×160
05|google-antigravity                                                                                                                                              |
   ~ Rgb(242, 242, 242)/Rgb(15, 15, 15)/BOLD×18; Rgb(212, 212, 212)/Rgb(15, 15, 15)/NONE×142
06|  ● google-antigravity [oauth] · p****@e******.com · active · in use                                                                                            |
   ~ Rgb(212, 212, 212)/Rgb(39, 39, 39)/NONE×2; Rgb(217, 181, 68)/Rgb(39, 39, 39)/NONE×2; Rgb(242, 242, 242)/Rgb(39, 39, 39)/BOLD×18; Rgb(217, 181, 68)/Rgb(39, 39, 39)/NONE×8; Rgb(139, 148, 158)/Rgb(39, 39, 39)/NONE×29; Rgb(217, 181, 68)/Rgb(39, 39, 39)/NONE×9; Rgb(212, 212, 212)/Rgb(39, 39, 39)/NONE×92
07|    [google-antigravity (ACP)] Google's antigravity-acp agent · google agent profile · refresh: antigravity acp · ready                                         |
   ~ Rgb(217, 181, 68)/Rgb(15, 15, 15)/NONE×31; Rgb(242, 242, 242)/Rgb(15, 15, 15)/NONE×30; Rgb(139, 148, 158)/Rgb(15, 15, 15)/NONE×53; Rgb(134, 196, 147)/Rgb(15, 15, 15)/NONE×5; Rgb(212, 212, 212)/Rgb(15, 15, 15)/NONE×41
08|      p****@e******.com · plan unknown · refreshed unknown · expires unknown · seen unknown                                                                     |
   ~ Rgb(139, 148, 158)/Rgb(15, 15, 15)/NONE×91; Rgb(212, 212, 212)/Rgb(15, 15, 15)/NONE×69
09|                                                                                                                                                                |
   ~ Rgb(212, 212, 212)/Rgb(15, 15, 15)/NONE×160
10|                                                                                                                                                                |
   ~ Rgb(212, 212, 212)/Rgb(15, 15, 15)/NONE×160
11|                                                                                                                                                                |
   ~ Rgb(212, 212, 212)/Rgb(15, 15, 15)/NONE×160
12|                                                                                                                                                                |
   ~ Rgb(212, 212, 212)/Rgb(15, 15, 15)/NONE×160
13|                                                                                                                                                                |
   ~ Rgb(212, 212, 212)/Rgb(15, 15, 15)/NONE×160
14|                                                                                                                                                                |
   ~ Rgb(212, 212, 212)/Rgb(15, 15, 15)/NONE×160
15|                                                                                                                                                                |
   ~ Rgb(212, 212, 212)/Rgb(15, 15, 15)/NONE×160
16|                                                                                                                                                                |
   ~ Rgb(212, 212, 212)/Rgb(15, 15, 15)/NONE×160
17|                                                                                                                                                                |
   ~ Rgb(212, 212, 212)/Rgb(15, 15, 15)/NONE×160
18|                                                                                                                                                                |
   ~ Rgb(212, 212, 212)/Rgb(15, 15, 15)/NONE×160
19|                                                                                                                                                                |
   ~ Rgb(212, 212, 212)/Rgb(15, 15, 15)/NONE×160
20|                                                                                                                                                                |
   ~ Rgb(212, 212, 212)/Rgb(15, 15, 15)/NONE×160
21|                                                                                                                                                                |
   ~ Rgb(212, 212, 212)/Rgb(15, 15, 15)/NONE×160
22|                                                                                                                                                                |
   ~ Rgb(212, 212, 212)/Rgb(15, 15, 15)/NONE×160
23|                                                                                                                                                                |
   ~ Rgb(212, 212, 212)/Rgb(15, 15, 15)/NONE×160
24|                                                                                                                                                                |
   ~ Rgb(212, 212, 212)/Rgb(15, 15, 15)/NONE×160
25|                                                                                                                                                                |
   ~ Rgb(212, 212, 212)/Rgb(15, 15, 15)/NONE×160
26|                                                                                                                                                                |
   ~ Rgb(212, 212, 212)/Rgb(15, 15, 15)/NONE×160
27|                                                                                                                                                                |
   ~ Rgb(212, 212, 212)/Rgb(15, 15, 15)/NONE×160
28|                                                                                                                                                                |
   ~ Rgb(212, 212, 212)/Rgb(15, 15, 15)/NONE×160
29|                                                                                                                                                                |
   ~ Rgb(212, 212, 212)/Rgb(15, 15, 15)/NONE×160
30|                                                                                                                                                                |
   ~ Rgb(212, 212, 212)/Rgb(15, 15, 15)/NONE×160
31|                                                                                                                                                                |
   ~ Rgb(212, 212, 212)/Rgb(15, 15, 15)/NONE×160
32|                                                                                                                                                                |
   ~ Rgb(212, 212, 212)/Rgb(15, 15, 15)/NONE×160
33|                                                                                                                                                                |
   ~ Rgb(212, 212, 212)/Rgb(15, 15, 15)/NONE×160
34|                                                                                                                                                                |
   ~ Rgb(212, 212, 212)/Rgb(15, 15, 15)/NONE×160
35|                                                                                                                                                                |
   ~ Rgb(212, 212, 212)/Rgb(15, 15, 15)/NONE×160
36|                                                                                                                                                                |
   ~ Rgb(212, 212, 212)/Rgb(15, 15, 15)/NONE×160
37|                                                                                                                                                                |
   ~ Rgb(212, 212, 212)/Rgb(15, 15, 15)/NONE×160
38|                                                                                                                                                                |
   ~ Rgb(212, 212, 212)/Rgb(15, 15, 15)/NONE×160
39|[+ OpenAI (OAuth)]  [+ Anthropic (OAuth)]  [+ OpenAI (API)]                                                                                                     |
   ~ Rgb(217, 181, 68)/Rgb(15, 15, 15)/NONE×18; Rgb(212, 212, 212)/Rgb(15, 15, 15)/NONE×2; Rgb(217, 181, 68)/Rgb(15, 15, 15)/NONE×21; Rgb(212, 212, 212)/Rgb(15, 15, 15)/NONE×2; Rgb(217, 181, 68)/Rgb(15, 15, 15)/NONE×16; Rgb(212, 212, 212)/Rgb(15, 15, 15)/NONE×101
40|[+ Anthropic (API)]  [+ Kimi (OAuth)]  [+ Grok (OAuth)]  [+ Gemini (API)]                                                                                       |
   ~ Rgb(217, 181, 68)/Rgb(15, 15, 15)/NONE×19; Rgb(212, 212, 212)/Rgb(15, 15, 15)/NONE×2; Rgb(217, 181, 68)/Rgb(15, 15, 15)/NONE×16; Rgb(212, 212, 212)/Rgb(15, 15, 15)/NONE×2; Rgb(217, 181, 68)/Rgb(15, 15, 15)/NONE×16; Rgb(212, 212, 212)/Rgb(15, 15, 15)/NONE×2; Rgb(217, 181, 68)/Rgb(15, 15, 15)/NONE×16; Rgb(212, 212, 212)/Rgb(15, 15, 15)/NONE×87
41|[+ Google Antigravity (OAuth)]                                                                                                                                  |
   ~ Rgb(217, 181, 68)/Rgb(15, 15, 15)/NONE×30; Rgb(212, 212, 212)/Rgb(15, 15, 15)/NONE×130
42|[+ Haider Code (API)]  [+ DeepSeek (API)]  [+ xAI (API)]                                                                                                        |
   ~ Rgb(217, 181, 68)/Rgb(15, 15, 15)/NONE×21; Rgb(212, 212, 212)/Rgb(15, 15, 15)/NONE×2; Rgb(217, 181, 68)/Rgb(15, 15, 15)/NONE×18; Rgb(212, 212, 212)/Rgb(15, 15, 15)/NONE×2; Rgb(217, 181, 68)/Rgb(15, 15, 15)/NONE×13; Rgb(212, 212, 212)/Rgb(15, 15, 15)/NONE×104
43|[+ HuggingFace]  [+ OpenCode Zen]  [+ OpenCode Go]                                                                                                              |
   ~ Rgb(217, 181, 68)/Rgb(15, 15, 15)/NONE×15; Rgb(212, 212, 212)/Rgb(15, 15, 15)/NONE×2; Rgb(217, 181, 68)/Rgb(15, 15, 15)/NONE×16; Rgb(212, 212, 212)/Rgb(15, 15, 15)/NONE×2; Rgb(217, 181, 68)/Rgb(15, 15, 15)/NONE×15; Rgb(212, 212, 212)/Rgb(15, 15, 15)/NONE×110
44|[+ Ollama (local)]  [+ LM Studio (local)]                                                                                                                       |
   ~ Rgb(217, 181, 68)/Rgb(15, 15, 15)/NONE×18; Rgb(212, 212, 212)/Rgb(15, 15, 15)/NONE×2; Rgb(217, 181, 68)/Rgb(15, 15, 15)/NONE×21; Rgb(212, 212, 212)/Rgb(15, 15, 15)/NONE×119
45|[+ Azure OpenAI]  [+ Bedrock (Claude)]  [+ Vertex (Claude)]                                                                                                     |
   ~ Rgb(217, 181, 68)/Rgb(15, 15, 15)/NONE×16; Rgb(212, 212, 212)/Rgb(15, 15, 15)/NONE×2; Rgb(217, 181, 68)/Rgb(15, 15, 15)/NONE×20; Rgb(212, 212, 212)/Rgb(15, 15, 15)/NONE×2; Rgb(217, 181, 68)/Rgb(15, 15, 15)/NONE×19; Rgb(212, 212, 212)/Rgb(15, 15, 15)/NONE×101
46|[+ Add custom server]                                                                                                                                           |
   ~ Rgb(217, 181, 68)/Rgb(15, 15, 15)/NONE×21; Rgb(212, 212, 212)/Rgb(15, 15, 15)/NONE×139
47|                                                                                                                                                                |
   ~ Rgb(212, 212, 212)/Rgb(15, 15, 15)/NONE×160
48|click an account to make it active · + adds via OAuth / API · x removes · r reveals · esc back                                                                  |
   ~ Rgb(58, 58, 58)/Rgb(15, 15, 15)/NONE×94; Rgb(212, 212, 212)/Rgb(15, 15, 15)/NONE×66
49| [ IDLE ]  0 tok · ▱▱▱▱▱▱▱▱▱▱ 0% of 200k                                                                                                                        |
   ~ Rgb(212, 212, 212)/Rgb(15, 15, 15)/NONE×1; Rgb(68, 68, 68)/Rgb(15, 15, 15)/NONE×2; Rgb(139, 148, 158)/Rgb(15, 15, 15)/NONE×4; Rgb(68, 68, 68)/Rgb(15, 15, 15)/NONE×2; Rgb(139, 148, 158)/Rgb(15, 15, 15)/NONE×33; Rgb(212, 212, 212)/Rgb(15, 15, 15)/NONE×118
