# tuivirt golden · antigravity_accounts_dark · 118x36
00|ACCOUNTS — auth is harness-owned · the ADE reads this list                                                            |
   ~ Rgb(242, 242, 242)/Rgb(15, 15, 15)/BOLD×8; Rgb(139, 148, 158)/Rgb(15, 15, 15)/NONE×50; Rgb(212, 212, 212)/Rgb(15, 15, 15)/NONE×60
01|  ⚠ google-antigravity (ACP) — terms warning                                                                          |
   ~ Rgb(255, 183, 87)/Rgb(15, 15, 15)/NONE×4; Rgb(242, 242, 242)/Rgb(15, 15, 15)/BOLD×24; Rgb(255, 183, 87)/Rgb(15, 15, 15)/NONE×16; Rgb(212, 212, 212)/Rgb(15, 15, 15)/NONE×74
02|    Google's published terms restrict third-party access to Gemini subscriptions/Antigravity; Google ships this ACP   |
   ~ Rgb(255, 183, 87)/Rgb(15, 15, 15)/NONE×116; Rgb(212, 212, 212)/Rgb(15, 15, 15)/NONE×2
03|    agent for editors and reportedly does not enforce the clause — use at your own risk.                              |
   ~ Rgb(255, 183, 87)/Rgb(15, 15, 15)/NONE×88; Rgb(212, 212, 212)/Rgb(15, 15, 15)/NONE×30
04|                                                                                                                      |
   ~ Rgb(212, 212, 212)/Rgb(15, 15, 15)/NONE×118
05|google-antigravity                                                                                                    |
   ~ Rgb(242, 242, 242)/Rgb(15, 15, 15)/BOLD×18; Rgb(212, 212, 212)/Rgb(15, 15, 15)/NONE×100
06|  ● google-antigravity [oauth] · p****@e******.com · active · in use                                                  |
   ~ Rgb(212, 212, 212)/Rgb(39, 39, 39)/NONE×2; Rgb(217, 181, 68)/Rgb(39, 39, 39)/NONE×2; Rgb(242, 242, 242)/Rgb(39, 39, 39)/BOLD×18; Rgb(217, 181, 68)/Rgb(39, 39, 39)/NONE×8; Rgb(139, 148, 158)/Rgb(39, 39, 39)/NONE×29; Rgb(217, 181, 68)/Rgb(39, 39, 39)/NONE×9; Rgb(212, 212, 212)/Rgb(39, 39, 39)/NONE×50
07|    [google-antigravity (ACP)] Google's antigravity-acp agent · google agent profile · refresh: antigravity acp · read|
   ~ Rgb(217, 181, 68)/Rgb(15, 15, 15)/NONE×31; Rgb(242, 242, 242)/Rgb(15, 15, 15)/NONE×30; Rgb(139, 148, 158)/Rgb(15, 15, 15)/NONE×53; Rgb(134, 196, 147)/Rgb(15, 15, 15)/NONE×4
08|      p****@e******.com · plan unknown · refreshed unknown · expires unknown · seen unknown                           |
   ~ Rgb(139, 148, 158)/Rgb(15, 15, 15)/NONE×91; Rgb(212, 212, 212)/Rgb(15, 15, 15)/NONE×27
09|                                                                                                                      |
   ~ Rgb(212, 212, 212)/Rgb(15, 15, 15)/NONE×118
10|                                                                                                                      |
   ~ Rgb(212, 212, 212)/Rgb(15, 15, 15)/NONE×118
11|                                                                                                                      |
   ~ Rgb(212, 212, 212)/Rgb(15, 15, 15)/NONE×118
12|                                                                                                                      |
   ~ Rgb(212, 212, 212)/Rgb(15, 15, 15)/NONE×118
13|                                                                                                                      |
   ~ Rgb(212, 212, 212)/Rgb(15, 15, 15)/NONE×118
14|                                                                                                                      |
   ~ Rgb(212, 212, 212)/Rgb(15, 15, 15)/NONE×118
15|                                                                                                                      |
   ~ Rgb(212, 212, 212)/Rgb(15, 15, 15)/NONE×118
16|                                                                                                                      |
   ~ Rgb(212, 212, 212)/Rgb(15, 15, 15)/NONE×118
17|                                                                                                                      |
   ~ Rgb(212, 212, 212)/Rgb(15, 15, 15)/NONE×118
18|                                                                                                                      |
   ~ Rgb(212, 212, 212)/Rgb(15, 15, 15)/NONE×118
19|                                                                                                                      |
   ~ Rgb(212, 212, 212)/Rgb(15, 15, 15)/NONE×118
20|                                                                                                                      |
   ~ Rgb(212, 212, 212)/Rgb(15, 15, 15)/NONE×118
21|                                                                                                                      |
   ~ Rgb(212, 212, 212)/Rgb(15, 15, 15)/NONE×118
22|                                                                                                                      |
   ~ Rgb(212, 212, 212)/Rgb(15, 15, 15)/NONE×118
23|                                                                                                                      |
   ~ Rgb(212, 212, 212)/Rgb(15, 15, 15)/NONE×118
24|                                                                                                                      |
   ~ Rgb(212, 212, 212)/Rgb(15, 15, 15)/NONE×118
25|[+ OpenAI (OAuth)]  [+ Anthropic (OAuth)]  [+ OpenAI (API)]                                                           |
   ~ Rgb(217, 181, 68)/Rgb(15, 15, 15)/NONE×18; Rgb(212, 212, 212)/Rgb(15, 15, 15)/NONE×2; Rgb(217, 181, 68)/Rgb(15, 15, 15)/NONE×21; Rgb(212, 212, 212)/Rgb(15, 15, 15)/NONE×2; Rgb(217, 181, 68)/Rgb(15, 15, 15)/NONE×16; Rgb(212, 212, 212)/Rgb(15, 15, 15)/NONE×59
26|[+ Anthropic (API)]  [+ Kimi (OAuth)]  [+ Grok (OAuth)]  [+ Gemini (API)]                                             |
   ~ Rgb(217, 181, 68)/Rgb(15, 15, 15)/NONE×19; Rgb(212, 212, 212)/Rgb(15, 15, 15)/NONE×2; Rgb(217, 181, 68)/Rgb(15, 15, 15)/NONE×16; Rgb(212, 212, 212)/Rgb(15, 15, 15)/NONE×2; Rgb(217, 181, 68)/Rgb(15, 15, 15)/NONE×16; Rgb(212, 212, 212)/Rgb(15, 15, 15)/NONE×2; Rgb(217, 181, 68)/Rgb(15, 15, 15)/NONE×16; Rgb(212, 212, 212)/Rgb(15, 15, 15)/NONE×45
27|[+ Google Antigravity (OAuth)]                                                                                        |
   ~ Rgb(217, 181, 68)/Rgb(15, 15, 15)/NONE×30; Rgb(212, 212, 212)/Rgb(15, 15, 15)/NONE×88
28|[+ Haider Code (API)]  [+ DeepSeek (API)]  [+ xAI (API)]                                                              |
   ~ Rgb(217, 181, 68)/Rgb(15, 15, 15)/NONE×21; Rgb(212, 212, 212)/Rgb(15, 15, 15)/NONE×2; Rgb(217, 181, 68)/Rgb(15, 15, 15)/NONE×18; Rgb(212, 212, 212)/Rgb(15, 15, 15)/NONE×2; Rgb(217, 181, 68)/Rgb(15, 15, 15)/NONE×13; Rgb(212, 212, 212)/Rgb(15, 15, 15)/NONE×62
29|[+ HuggingFace]  [+ OpenCode Zen]  [+ OpenCode Go]                                                                    |
   ~ Rgb(217, 181, 68)/Rgb(15, 15, 15)/NONE×15; Rgb(212, 212, 212)/Rgb(15, 15, 15)/NONE×2; Rgb(217, 181, 68)/Rgb(15, 15, 15)/NONE×16; Rgb(212, 212, 212)/Rgb(15, 15, 15)/NONE×2; Rgb(217, 181, 68)/Rgb(15, 15, 15)/NONE×15; Rgb(212, 212, 212)/Rgb(15, 15, 15)/NONE×68
30|[+ Ollama (local)]  [+ LM Studio (local)]                                                                             |
   ~ Rgb(217, 181, 68)/Rgb(15, 15, 15)/NONE×18; Rgb(212, 212, 212)/Rgb(15, 15, 15)/NONE×2; Rgb(217, 181, 68)/Rgb(15, 15, 15)/NONE×21; Rgb(212, 212, 212)/Rgb(15, 15, 15)/NONE×77
31|[+ Azure OpenAI]  [+ Bedrock (Claude)]  [+ Vertex (Claude)]                                                           |
   ~ Rgb(217, 181, 68)/Rgb(15, 15, 15)/NONE×16; Rgb(212, 212, 212)/Rgb(15, 15, 15)/NONE×2; Rgb(217, 181, 68)/Rgb(15, 15, 15)/NONE×20; Rgb(212, 212, 212)/Rgb(15, 15, 15)/NONE×2; Rgb(217, 181, 68)/Rgb(15, 15, 15)/NONE×19; Rgb(212, 212, 212)/Rgb(15, 15, 15)/NONE×59
32|[+ Add custom server]                                                                                                 |
   ~ Rgb(217, 181, 68)/Rgb(15, 15, 15)/NONE×21; Rgb(212, 212, 212)/Rgb(15, 15, 15)/NONE×97
33|                                                                                                                      |
   ~ Rgb(212, 212, 212)/Rgb(15, 15, 15)/NONE×118
34|click an account to make it active · + adds via OAuth / API · x removes · r reveals · esc back                        |
   ~ Rgb(58, 58, 58)/Rgb(15, 15, 15)/NONE×94; Rgb(212, 212, 212)/Rgb(15, 15, 15)/NONE×24
35| [ IDLE ]  0 tok · ▱▱▱▱▱▱▱▱▱▱ 0% of 200k                                                                              |
   ~ Rgb(212, 212, 212)/Rgb(15, 15, 15)/NONE×1; Rgb(68, 68, 68)/Rgb(15, 15, 15)/NONE×2; Rgb(139, 148, 158)/Rgb(15, 15, 15)/NONE×4; Rgb(68, 68, 68)/Rgb(15, 15, 15)/NONE×2; Rgb(139, 148, 158)/Rgb(15, 15, 15)/NONE×33; Rgb(212, 212, 212)/Rgb(15, 15, 15)/NONE×76
