# tuivirt golden · antigravity_accounts_light · 118x36
00|ACCOUNTS — auth is harness-owned · the ADE reads this list                                                            |
   ~ Rgb(23, 23, 23)/Rgb(253, 253, 253)/BOLD×8; Rgb(110, 110, 110)/Rgb(253, 253, 253)/NONE×50; Rgb(54, 54, 54)/Rgb(253, 253, 253)/NONE×60
01|  ⚠ google-antigravity (ACP) — terms warning                                                                          |
   ~ Rgb(156, 78, 6)/Rgb(253, 253, 253)/NONE×4; Rgb(23, 23, 23)/Rgb(253, 253, 253)/BOLD×24; Rgb(156, 78, 6)/Rgb(253, 253, 253)/NONE×16; Rgb(54, 54, 54)/Rgb(253, 253, 253)/NONE×74
02|    Google's published terms restrict third-party access to Gemini subscriptions/Antigravity; Google ships this ACP   |
   ~ Rgb(156, 78, 6)/Rgb(253, 253, 253)/NONE×116; Rgb(54, 54, 54)/Rgb(253, 253, 253)/NONE×2
03|    agent for editors and reportedly does not enforce the clause — use at your own risk.                              |
   ~ Rgb(156, 78, 6)/Rgb(253, 253, 253)/NONE×88; Rgb(54, 54, 54)/Rgb(253, 253, 253)/NONE×30
04|                                                                                                                      |
   ~ Rgb(54, 54, 54)/Rgb(253, 253, 253)/NONE×118
05|google-antigravity                                                                                                    |
   ~ Rgb(23, 23, 23)/Rgb(253, 253, 253)/BOLD×18; Rgb(54, 54, 54)/Rgb(253, 253, 253)/NONE×100
06|  ● google-antigravity [oauth] · p****@e******.com · active · in use                                                  |
   ~ Rgb(54, 54, 54)/Rgb(232, 232, 232)/NONE×2; Rgb(125, 90, 5)/Rgb(232, 232, 232)/NONE×2; Rgb(23, 23, 23)/Rgb(232, 232, 232)/BOLD×18; Rgb(125, 90, 5)/Rgb(232, 232, 232)/NONE×8; Rgb(110, 110, 110)/Rgb(232, 232, 232)/NONE×29; Rgb(125, 90, 5)/Rgb(232, 232, 232)/NONE×9; Rgb(54, 54, 54)/Rgb(232, 232, 232)/NONE×50
07|    [google-antigravity (ACP)] Google's antigravity-acp agent · google agent profile · refresh: antigravity acp · read|
   ~ Rgb(125, 90, 5)/Rgb(253, 253, 253)/NONE×31; Rgb(23, 23, 23)/Rgb(253, 253, 253)/NONE×30; Rgb(110, 110, 110)/Rgb(253, 253, 253)/NONE×53; Rgb(47, 110, 63)/Rgb(253, 253, 253)/NONE×4
08|      p****@e******.com · plan unknown · refreshed unknown · expires unknown · seen unknown                           |
   ~ Rgb(110, 110, 110)/Rgb(253, 253, 253)/NONE×91; Rgb(54, 54, 54)/Rgb(253, 253, 253)/NONE×27
09|                                                                                                                      |
   ~ Rgb(54, 54, 54)/Rgb(253, 253, 253)/NONE×118
10|                                                                                                                      |
   ~ Rgb(54, 54, 54)/Rgb(253, 253, 253)/NONE×118
11|                                                                                                                      |
   ~ Rgb(54, 54, 54)/Rgb(253, 253, 253)/NONE×118
12|                                                                                                                      |
   ~ Rgb(54, 54, 54)/Rgb(253, 253, 253)/NONE×118
13|                                                                                                                      |
   ~ Rgb(54, 54, 54)/Rgb(253, 253, 253)/NONE×118
14|                                                                                                                      |
   ~ Rgb(54, 54, 54)/Rgb(253, 253, 253)/NONE×118
15|                                                                                                                      |
   ~ Rgb(54, 54, 54)/Rgb(253, 253, 253)/NONE×118
16|                                                                                                                      |
   ~ Rgb(54, 54, 54)/Rgb(253, 253, 253)/NONE×118
17|                                                                                                                      |
   ~ Rgb(54, 54, 54)/Rgb(253, 253, 253)/NONE×118
18|                                                                                                                      |
   ~ Rgb(54, 54, 54)/Rgb(253, 253, 253)/NONE×118
19|                                                                                                                      |
   ~ Rgb(54, 54, 54)/Rgb(253, 253, 253)/NONE×118
20|                                                                                                                      |
   ~ Rgb(54, 54, 54)/Rgb(253, 253, 253)/NONE×118
21|                                                                                                                      |
   ~ Rgb(54, 54, 54)/Rgb(253, 253, 253)/NONE×118
22|                                                                                                                      |
   ~ Rgb(54, 54, 54)/Rgb(253, 253, 253)/NONE×118
23|                                                                                                                      |
   ~ Rgb(54, 54, 54)/Rgb(253, 253, 253)/NONE×118
24|                                                                                                                      |
   ~ Rgb(54, 54, 54)/Rgb(253, 253, 253)/NONE×118
25|[+ OpenAI (OAuth)]  [+ Anthropic (OAuth)]  [+ OpenAI (API)]                                                           |
   ~ Rgb(125, 90, 5)/Rgb(253, 253, 253)/NONE×18; Rgb(54, 54, 54)/Rgb(253, 253, 253)/NONE×2; Rgb(125, 90, 5)/Rgb(253, 253, 253)/NONE×21; Rgb(54, 54, 54)/Rgb(253, 253, 253)/NONE×2; Rgb(125, 90, 5)/Rgb(253, 253, 253)/NONE×16; Rgb(54, 54, 54)/Rgb(253, 253, 253)/NONE×59
26|[+ Anthropic (API)]  [+ Kimi (OAuth)]  [+ Grok (OAuth)]  [+ Gemini (API)]                                             |
   ~ Rgb(125, 90, 5)/Rgb(253, 253, 253)/NONE×19; Rgb(54, 54, 54)/Rgb(253, 253, 253)/NONE×2; Rgb(125, 90, 5)/Rgb(253, 253, 253)/NONE×16; Rgb(54, 54, 54)/Rgb(253, 253, 253)/NONE×2; Rgb(125, 90, 5)/Rgb(253, 253, 253)/NONE×16; Rgb(54, 54, 54)/Rgb(253, 253, 253)/NONE×2; Rgb(125, 90, 5)/Rgb(253, 253, 253)/NONE×16; Rgb(54, 54, 54)/Rgb(253, 253, 253)/NONE×45
27|[+ Google Antigravity (OAuth)]                                                                                        |
   ~ Rgb(125, 90, 5)/Rgb(253, 253, 253)/NONE×30; Rgb(54, 54, 54)/Rgb(253, 253, 253)/NONE×88
28|[+ Haider Code (API)]  [+ DeepSeek (API)]  [+ xAI (API)]                                                              |
   ~ Rgb(125, 90, 5)/Rgb(253, 253, 253)/NONE×21; Rgb(54, 54, 54)/Rgb(253, 253, 253)/NONE×2; Rgb(125, 90, 5)/Rgb(253, 253, 253)/NONE×18; Rgb(54, 54, 54)/Rgb(253, 253, 253)/NONE×2; Rgb(125, 90, 5)/Rgb(253, 253, 253)/NONE×13; Rgb(54, 54, 54)/Rgb(253, 253, 253)/NONE×62
29|[+ HuggingFace]  [+ OpenCode Zen]  [+ OpenCode Go]                                                                    |
   ~ Rgb(125, 90, 5)/Rgb(253, 253, 253)/NONE×15; Rgb(54, 54, 54)/Rgb(253, 253, 253)/NONE×2; Rgb(125, 90, 5)/Rgb(253, 253, 253)/NONE×16; Rgb(54, 54, 54)/Rgb(253, 253, 253)/NONE×2; Rgb(125, 90, 5)/Rgb(253, 253, 253)/NONE×15; Rgb(54, 54, 54)/Rgb(253, 253, 253)/NONE×68
30|[+ Ollama (local)]  [+ LM Studio (local)]                                                                             |
   ~ Rgb(125, 90, 5)/Rgb(253, 253, 253)/NONE×18; Rgb(54, 54, 54)/Rgb(253, 253, 253)/NONE×2; Rgb(125, 90, 5)/Rgb(253, 253, 253)/NONE×21; Rgb(54, 54, 54)/Rgb(253, 253, 253)/NONE×77
31|[+ Azure OpenAI]  [+ Bedrock (Claude)]  [+ Vertex (Claude)]                                                           |
   ~ Rgb(125, 90, 5)/Rgb(253, 253, 253)/NONE×16; Rgb(54, 54, 54)/Rgb(253, 253, 253)/NONE×2; Rgb(125, 90, 5)/Rgb(253, 253, 253)/NONE×20; Rgb(54, 54, 54)/Rgb(253, 253, 253)/NONE×2; Rgb(125, 90, 5)/Rgb(253, 253, 253)/NONE×19; Rgb(54, 54, 54)/Rgb(253, 253, 253)/NONE×59
32|[+ Add custom server]                                                                                                 |
   ~ Rgb(125, 90, 5)/Rgb(253, 253, 253)/NONE×21; Rgb(54, 54, 54)/Rgb(253, 253, 253)/NONE×97
33|                                                                                                                      |
   ~ Rgb(54, 54, 54)/Rgb(253, 253, 253)/NONE×118
34|click an account to make it active · + adds via OAuth / API · x removes · r reveals · esc back                        |
   ~ Rgb(217, 217, 217)/Rgb(253, 253, 253)/NONE×94; Rgb(54, 54, 54)/Rgb(253, 253, 253)/NONE×24
35| [ IDLE ]  0 tok · ▱▱▱▱▱▱▱▱▱▱ 0% of 200k                                                                              |
   ~ Rgb(54, 54, 54)/Rgb(253, 253, 253)/NONE×1; Rgb(184, 184, 184)/Rgb(253, 253, 253)/NONE×2; Rgb(110, 110, 110)/Rgb(253, 253, 253)/NONE×4; Rgb(184, 184, 184)/Rgb(253, 253, 253)/NONE×2; Rgb(110, 110, 110)/Rgb(253, 253, 253)/NONE×33; Rgb(54, 54, 54)/Rgb(253, 253, 253)/NONE×76
