# tuivirt golden · collapse_tools_light · 120x40
00|[ ← main ]     ▄▄  ██   ▄▄  ▀▀▀▀▀██▄  haider v<VERSION> · ~/dev/enterprise-suite              [ ◉ voice · whisper→openai ]|
   ~ Rgb(184, 184, 184)/Rgb(253, 253, 253)/NONE×2; Rgb(110, 110, 110)/Rgb(253, 253, 253)/NONE×6; Rgb(184, 184, 184)/Rgb(253, 253, 253)/NONE×2; Rgb(54, 54, 54)/Rgb(253, 253, 253)/NONE×5; Rgb(124, 45, 18)/Rgb(253, 253, 253)/BOLD×2; Rgb(54, 54, 54)/Rgb(253, 253, 253)/NONE×2; Rgb(124, 45, 18)/Rgb(253, 253, 253)/BOLD×2; Rgb(54, 54, 54)/Rgb(253, 253, 253)/NONE×3; Rgb(124, 45, 18)/Rgb(253, 253, 253)/BOLD×2; Rgb(54, 54, 54)/Rgb(253, 253, 253)/NONE×2; Rgb(124, 45, 18)/Rgb(253, 253, 253)/BOLD×8; Rgb(54, 54, 54)/Rgb(253, 253, 253)/NONE×2; Rgb(125, 90, 5)/Rgb(253, 253, 253)/BOLD×6; Rgb(110, 110, 110)/Rgb(253, 253, 253)/NONE×9; Rgb(23, 23, 23)/Rgb(253, 253, 253)/NONE×25; Rgb(54, 54, 54)/Rgb(253, 253, 253)/NONE×14; Rgb(184, 184, 184)/Rgb(253, 253, 253)/NONE×2; Rgb(125, 90, 5)/Rgb(253, 253, 253)/NONE×24; Rgb(184, 184, 184)/Rgb(253, 253, 253)/NONE×2
01|            ▄▄█▀  ▀▀▀▀▀▀▀▀▀▀▀▀▀▀▀▀▀▀  session ▸   · branch main · test-lion-box                                         |
   ~ Rgb(54, 54, 54)/Rgb(253, 253, 253)/NONE×12; Rgb(124, 45, 18)/Rgb(253, 253, 253)/BOLD×4; Rgb(54, 54, 54)/Rgb(253, 253, 253)/NONE×2; Rgb(124, 45, 18)/Rgb(253, 253, 253)/BOLD×4; Rgb(124, 45, 18)/Rgb(125, 90, 5)/BOLD×2; Rgb(124, 45, 18)/Rgb(253, 253, 253)/BOLD×2; Rgb(124, 45, 18)/Rgb(125, 90, 5)/BOLD×2; Rgb(124, 45, 18)/Rgb(253, 253, 253)/BOLD×8; Rgb(54, 54, 54)/Rgb(253, 253, 253)/NONE×2; Rgb(110, 110, 110)/Rgb(253, 253, 253)/NONE×7; Rgb(125, 90, 5)/Rgb(253, 253, 253)/NONE×4; Rgb(110, 110, 110)/Rgb(253, 253, 253)/NONE×30; Rgb(54, 54, 54)/Rgb(253, 253, 253)/NONE×41
02|────────────────────────────────────────────────────────────────────────────────────────────────────────────────────────|
   ~ Rgb(184, 184, 184)/Rgb(253, 253, 253)/NONE×120
03|                                                                                                                        |
   ~ Rgb(54, 54, 54)/Rgb(253, 253, 253)/NONE×120
04| ❯ run the gate and report                                                                                              |
   ~ Rgb(54, 54, 54)/Rgb(253, 253, 253)/NONE×1; Rgb(124, 45, 18)/Rgb(253, 253, 253)/BOLD×2; Rgb(23, 23, 23)/Rgb(253, 253, 253)/NONE×23; Rgb(54, 54, 54)/Rgb(253, 253, 253)/NONE×94
05|                                                                                                                        |
   ~ Rgb(54, 54, 54)/Rgb(253, 253, 253)/NONE×120
06| ■ haider                                                                                                               |
   ~ Rgb(54, 54, 54)/Rgb(253, 253, 253)/NONE×1; Rgb(125, 90, 5)/Rgb(253, 253, 253)/NONE×8; Rgb(54, 54, 54)/Rgb(253, 253, 253)/NONE×111
07| ▏ Running the gate now — I will report the verdict.                                                                    |
   ~ Rgb(54, 54, 54)/Rgb(253, 253, 253)/NONE×1; Rgb(241, 238, 231)/Rgb(253, 253, 253)/NONE×2; Rgb(54, 54, 54)/Rgb(253, 253, 253)/NONE×117
08|  ✓ verify(wave-971 candidate) · 3 lines · 8s                                                                           |
   ~ Rgb(217, 217, 217)/Rgb(253, 253, 253)/NONE×2; Rgb(47, 110, 63)/Rgb(253, 253, 253)/NONE×2; Rgb(124, 45, 18)/Rgb(253, 253, 253)/NONE×6; Rgb(110, 110, 110)/Rgb(253, 253, 253)/NONE×35; Rgb(54, 54, 54)/Rgb(253, 253, 253)/NONE×75
09|    └ SHIP — wave-971 candidate clears every gate                                                                       |
   ~ Rgb(217, 217, 217)/Rgb(253, 253, 253)/NONE×6; Rgb(47, 110, 63)/Rgb(253, 253, 253)/NONE×4; Rgb(110, 110, 110)/Rgb(253, 253, 253)/NONE×39; Rgb(54, 54, 54)/Rgb(253, 253, 253)/NONE×71
10|  Ran 3 shell commands                                                                                                  |
   ~ Rgb(217, 217, 217)/Rgb(253, 253, 253)/NONE×2; Rgb(110, 110, 110)/Rgb(253, 253, 253)/NONE×4; Rgb(23, 23, 23)/Rgb(253, 253, 253)/BOLD×1; Rgb(110, 110, 110)/Rgb(253, 253, 253)/NONE×15; Rgb(54, 54, 54)/Rgb(253, 253, 253)/NONE×98
11|    └ Resuming agent a830387                                                                                            |
   ~ Rgb(217, 217, 217)/Rgb(253, 253, 253)/NONE×6; Rgb(110, 110, 110)/Rgb(253, 253, 253)/NONE×15; Rgb(124, 45, 18)/Rgb(253, 253, 253)/NONE×7; Rgb(54, 54, 54)/Rgb(253, 253, 253)/NONE×92
12|  ✓ grep("todos_collapsed" *.rs) · 12 lines · 400ms                                                                     |
   ~ Rgb(217, 217, 217)/Rgb(253, 253, 253)/NONE×2; Rgb(47, 110, 63)/Rgb(253, 253, 253)/NONE×2; Rgb(124, 45, 18)/Rgb(253, 253, 253)/NONE×4; Rgb(110, 110, 110)/Rgb(253, 253, 253)/NONE×43; Rgb(54, 54, 54)/Rgb(253, 253, 253)/NONE×69
13|    src/render.rs:5740:            if model.todos_collapsed {                                                           |
   ~ Rgb(217, 217, 217)/Rgb(253, 253, 253)/NONE×4; Rgb(125, 90, 5)/Rgb(253, 253, 253)/NONE×19; Rgb(110, 110, 110)/Rgb(253, 253, 253)/NONE×38; Rgb(54, 54, 54)/Rgb(253, 253, 253)/NONE×59
14|    src/render.rs:6336: let arrow = …                                                                                   |
   ~ Rgb(217, 217, 217)/Rgb(253, 253, 253)/NONE×4; Rgb(125, 90, 5)/Rgb(253, 253, 253)/NONE×19; Rgb(110, 110, 110)/Rgb(253, 253, 253)/NONE×14; Rgb(54, 54, 54)/Rgb(253, 253, 253)/NONE×83
15|    src/app.rs:5254:    pub todos_collapsed: bool,                                                                      |
   ~ Rgb(217, 217, 217)/Rgb(253, 253, 253)/NONE×4; Rgb(125, 90, 5)/Rgb(253, 253, 253)/NONE×16; Rgb(110, 110, 110)/Rgb(253, 253, 253)/NONE×30; Rgb(54, 54, 54)/Rgb(253, 253, 253)/NONE×70
16|    ERROR one match could not be read                                                                                   |
   ~ Rgb(217, 217, 217)/Rgb(253, 253, 253)/NONE×4; Rgb(176, 33, 33)/Rgb(253, 253, 253)/NONE×5; Rgb(110, 110, 110)/Rgb(253, 253, 253)/NONE×28; Rgb(54, 54, 54)/Rgb(253, 253, 253)/NONE×83
17|    warning: 2 files skipped                                                                                            |
   ~ Rgb(217, 217, 217)/Rgb(253, 253, 253)/NONE×4; Rgb(156, 78, 6)/Rgb(253, 253, 253)/NONE×8; Rgb(110, 110, 110)/Rgb(253, 253, 253)/NONE×16; Rgb(54, 54, 54)/Rgb(253, 253, 253)/NONE×92
18|    src/app.rs:5709: todos_collapsed: false,                                                                            |
   ~ Rgb(217, 217, 217)/Rgb(253, 253, 253)/NONE×4; Rgb(125, 90, 5)/Rgb(253, 253, 253)/NONE×16; Rgb(110, 110, 110)/Rgb(253, 253, 253)/NONE×24; Rgb(54, 54, 54)/Rgb(253, 253, 253)/NONE×76
19|    src/app.rs:16876: self.todos_collapsed = false;                                                                     |
   ~ Rgb(217, 217, 217)/Rgb(253, 253, 253)/NONE×4; Rgb(125, 90, 5)/Rgb(253, 253, 253)/NONE×17; Rgb(110, 110, 110)/Rgb(253, 253, 253)/NONE×30; Rgb(54, 54, 54)/Rgb(253, 253, 253)/NONE×69
20|    src/session.rs:127: pub todos_collapsed: bool,                                                                      |
   ~ Rgb(217, 217, 217)/Rgb(253, 253, 253)/NONE×4; Rgb(125, 90, 5)/Rgb(253, 253, 253)/NONE×19; Rgb(110, 110, 110)/Rgb(253, 253, 253)/NONE×27; Rgb(54, 54, 54)/Rgb(253, 253, 253)/NONE×70
21|    src/render.rs:6368: if !model.todos_collapsed {                                                                     |
   ~ Rgb(217, 217, 217)/Rgb(253, 253, 253)/NONE×4; Rgb(125, 90, 5)/Rgb(253, 253, 253)/NONE×19; Rgb(110, 110, 110)/Rgb(253, 253, 253)/NONE×28; Rgb(54, 54, 54)/Rgb(253, 253, 253)/NONE×69
22|    src/render.rs:6389: if !model.todos_collapsed {                                                                     |
   ~ Rgb(217, 217, 217)/Rgb(253, 253, 253)/NONE×4; Rgb(125, 90, 5)/Rgb(253, 253, 253)/NONE×19; Rgb(110, 110, 110)/Rgb(253, 253, 253)/NONE×28; Rgb(54, 54, 54)/Rgb(253, 253, 253)/NONE×69
23|    └ ⋯ 2 more rows · ⇟/⇞ page · ⏎ show all                                                                             |
   ~ Rgb(217, 217, 217)/Rgb(253, 253, 253)/NONE×6; Rgb(110, 110, 110)/Rgb(253, 253, 253)/NONE×13; Rgb(125, 90, 5)/Rgb(253, 253, 253)/NONE×24; Rgb(54, 54, 54)/Rgb(253, 253, 253)/NONE×77
24|  ◐ Monitor(Astra 971-tui-collapse verification (re-armed)) · running… 3s                                               |
   ~ Rgb(217, 217, 217)/Rgb(253, 253, 253)/NONE×2; Rgb(156, 78, 6)/Rgb(253, 253, 253)/NONE×2; Rgb(124, 45, 18)/Rgb(253, 253, 253)/NONE×7; Rgb(110, 110, 110)/Rgb(253, 253, 253)/NONE×62; Rgb(54, 54, 54)/Rgb(253, 253, 253)/NONE×47
25|                                                                                                                        |
   ~ Rgb(54, 54, 54)/Rgb(253, 253, 253)/NONE×120
26|                                                                                                                        |
   ~ Rgb(54, 54, 54)/Rgb(253, 253, 253)/NONE×120
27|                                                                                                                        |
   ~ Rgb(54, 54, 54)/Rgb(253, 253, 253)/NONE×120
28|                                                                                                                        |
   ~ Rgb(54, 54, 54)/Rgb(253, 253, 253)/NONE×120
29|                                                                                                                        |
   ~ Rgb(54, 54, 54)/Rgb(253, 253, 253)/NONE×120
30|                                                                                                                        |
   ~ Rgb(54, 54, 54)/Rgb(253, 253, 253)/NONE×120
31|                                                                                                                        |
   ~ Rgb(54, 54, 54)/Rgb(253, 253, 253)/NONE×120
32|                                                                                                                        |
   ~ Rgb(54, 54, 54)/Rgb(253, 253, 253)/NONE×120
33|                                                                                                                        |
   ~ Rgb(54, 54, 54)/Rgb(253, 253, 253)/NONE×120
34|                                                                                                                        |
   ~ Rgb(54, 54, 54)/Rgb(253, 253, 253)/NONE×120
35|                                                                                                                        |
   ~ Rgb(54, 54, 54)/Rgb(253, 253, 253)/NONE×120
36|───────────────────────────────────────────────────────────────────────────────────────────────────────────── fable-5 ──|
   ~ Rgb(125, 90, 5)/Rgb(253, 253, 253)/NONE×109; Rgb(110, 110, 110)/Rgb(253, 253, 253)/NONE×9; Rgb(125, 90, 5)/Rgb(253, 253, 253)/NONE×2
37|  ❯   message haider — ⏎ send · ⇧⏎ newline · / commands · paste images/text                                 [ ◉ talk ]  |
   ~ Rgb(23, 23, 23)/Rgb(244, 244, 244)/NONE×2; Rgb(125, 90, 5)/Rgb(244, 244, 244)/BOLD×2; Rgb(253, 253, 253)/Rgb(125, 90, 5)/NONE×1; Rgb(110, 110, 110)/Rgb(244, 244, 244)/NONE×70; Rgb(23, 23, 23)/Rgb(244, 244, 244)/NONE×33; Rgb(184, 184, 184)/Rgb(244, 244, 244)/NONE×2; Rgb(125, 90, 5)/Rgb(244, 244, 244)/NONE×6; Rgb(184, 184, 184)/Rgb(244, 244, 244)/NONE×2; Rgb(23, 23, 23)/Rgb(244, 244, 244)/NONE×2
38|────────────────────────────────────────────────────────────────────────────────────────────────────────────────────────|
   ~ Rgb(184, 184, 184)/Rgb(253, 253, 253)/NONE×120
39| [ IDLE ]  0 tok · ▱▱▱▱▱▱▱▱▱▱ 0% of 200k  · main                                                                        |
   ~ Rgb(54, 54, 54)/Rgb(253, 253, 253)/NONE×1; Rgb(184, 184, 184)/Rgb(253, 253, 253)/NONE×2; Rgb(110, 110, 110)/Rgb(253, 253, 253)/NONE×4; Rgb(184, 184, 184)/Rgb(253, 253, 253)/NONE×2; Rgb(110, 110, 110)/Rgb(253, 253, 253)/NONE×33; Rgb(54, 54, 54)/Rgb(253, 253, 253)/NONE×78
