# tuivirt golden · collapse_tools_desert · 120x40
00|[ ← main ]     ▄▄  ██   ▄▄  ▀▀▀▀▀██▄  haider v<VERSION> · ~/dev/enterprise-suite              [ ◉ voice · whisper→openai ]|
   ~ Rgb(207, 175, 165)/Rgb(240, 228, 204)/NONE×2; Rgb(112, 93, 65)/Rgb(240, 228, 204)/NONE×6; Rgb(207, 175, 165)/Rgb(240, 228, 204)/NONE×2; Rgb(77, 58, 32)/Rgb(240, 228, 204)/NONE×5; Rgb(123, 39, 64)/Rgb(240, 228, 204)/BOLD×2; Rgb(77, 58, 32)/Rgb(240, 228, 204)/NONE×2; Rgb(123, 39, 64)/Rgb(240, 228, 204)/BOLD×2; Rgb(77, 58, 32)/Rgb(240, 228, 204)/NONE×3; Rgb(123, 39, 64)/Rgb(240, 228, 204)/BOLD×2; Rgb(77, 58, 32)/Rgb(240, 228, 204)/NONE×2; Rgb(123, 39, 64)/Rgb(240, 228, 204)/BOLD×8; Rgb(77, 58, 32)/Rgb(240, 228, 204)/NONE×2; Rgb(156, 98, 2)/Rgb(240, 228, 204)/BOLD×6; Rgb(112, 93, 65)/Rgb(240, 228, 204)/NONE×9; Rgb(46, 33, 16)/Rgb(240, 228, 204)/NONE×25; Rgb(77, 58, 32)/Rgb(240, 228, 204)/NONE×14; Rgb(207, 175, 165)/Rgb(240, 228, 204)/NONE×2; Rgb(156, 98, 2)/Rgb(240, 228, 204)/NONE×24; Rgb(207, 175, 165)/Rgb(240, 228, 204)/NONE×2
01|            ▄▄█▀  ▀▀▀▀▀▀▀▀▀▀▀▀▀▀▀▀▀▀  session ▸   · branch main · test-lion-box                                         |
   ~ Rgb(77, 58, 32)/Rgb(240, 228, 204)/NONE×12; Rgb(123, 39, 64)/Rgb(240, 228, 204)/BOLD×4; Rgb(77, 58, 32)/Rgb(240, 228, 204)/NONE×2; Rgb(123, 39, 64)/Rgb(240, 228, 204)/BOLD×4; Rgb(123, 39, 64)/Rgb(156, 98, 2)/BOLD×2; Rgb(123, 39, 64)/Rgb(240, 228, 204)/BOLD×2; Rgb(123, 39, 64)/Rgb(156, 98, 2)/BOLD×2; Rgb(123, 39, 64)/Rgb(240, 228, 204)/BOLD×8; Rgb(77, 58, 32)/Rgb(240, 228, 204)/NONE×2; Rgb(112, 93, 65)/Rgb(240, 228, 204)/NONE×7; Rgb(156, 98, 2)/Rgb(240, 228, 204)/NONE×4; Rgb(112, 93, 65)/Rgb(240, 228, 204)/NONE×30; Rgb(77, 58, 32)/Rgb(240, 228, 204)/NONE×41
02|────────────────────────────────────────────────────────────────────────────────────────────────────────────────────────|
   ~ Rgb(207, 175, 165)/Rgb(240, 228, 204)/NONE×120
03|                                                                                                                        |
   ~ Rgb(77, 58, 32)/Rgb(240, 228, 204)/NONE×120
04| ❯ run the gate and report                                                                                              |
   ~ Rgb(77, 58, 32)/Rgb(240, 228, 204)/NONE×1; Rgb(123, 39, 64)/Rgb(240, 228, 204)/BOLD×2; Rgb(46, 33, 16)/Rgb(240, 228, 204)/NONE×23; Rgb(77, 58, 32)/Rgb(240, 228, 204)/NONE×94
05|                                                                                                                        |
   ~ Rgb(77, 58, 32)/Rgb(240, 228, 204)/NONE×120
06| ■ haider                                                                                                               |
   ~ Rgb(77, 58, 32)/Rgb(240, 228, 204)/NONE×1; Rgb(156, 98, 2)/Rgb(240, 228, 204)/NONE×8; Rgb(77, 58, 32)/Rgb(240, 228, 204)/NONE×111
07| ▏ Running the gate now — I will report the verdict.                                                                    |
   ~ Rgb(77, 58, 32)/Rgb(240, 228, 204)/NONE×1; Rgb(228, 210, 176)/Rgb(240, 228, 204)/NONE×2; Rgb(77, 58, 32)/Rgb(240, 228, 204)/NONE×117
08|  ✓ verify(wave-971 candidate) · 3 lines · 8s                                                                           |
   ~ Rgb(210, 191, 155)/Rgb(240, 228, 204)/NONE×2; Rgb(85, 112, 46)/Rgb(240, 228, 204)/NONE×2; Rgb(123, 39, 64)/Rgb(240, 228, 204)/NONE×6; Rgb(112, 93, 65)/Rgb(240, 228, 204)/NONE×35; Rgb(77, 58, 32)/Rgb(240, 228, 204)/NONE×75
09|    └ SHIP — wave-971 candidate clears every gate                                                                       |
   ~ Rgb(210, 191, 155)/Rgb(240, 228, 204)/NONE×6; Rgb(85, 112, 46)/Rgb(240, 228, 204)/NONE×4; Rgb(112, 93, 65)/Rgb(240, 228, 204)/NONE×39; Rgb(77, 58, 32)/Rgb(240, 228, 204)/NONE×71
10|  Ran 3 shell commands                                                                                                  |
   ~ Rgb(210, 191, 155)/Rgb(240, 228, 204)/NONE×2; Rgb(112, 93, 65)/Rgb(240, 228, 204)/NONE×4; Rgb(46, 33, 16)/Rgb(240, 228, 204)/BOLD×1; Rgb(112, 93, 65)/Rgb(240, 228, 204)/NONE×15; Rgb(77, 58, 32)/Rgb(240, 228, 204)/NONE×98
11|    └ Resuming agent a830387                                                                                            |
   ~ Rgb(210, 191, 155)/Rgb(240, 228, 204)/NONE×6; Rgb(112, 93, 65)/Rgb(240, 228, 204)/NONE×15; Rgb(123, 39, 64)/Rgb(240, 228, 204)/NONE×7; Rgb(77, 58, 32)/Rgb(240, 228, 204)/NONE×92
12|  ✓ grep("todos_collapsed" *.rs) · 12 lines · 400ms                                                                     |
   ~ Rgb(210, 191, 155)/Rgb(240, 228, 204)/NONE×2; Rgb(85, 112, 46)/Rgb(240, 228, 204)/NONE×2; Rgb(123, 39, 64)/Rgb(240, 228, 204)/NONE×4; Rgb(112, 93, 65)/Rgb(240, 228, 204)/NONE×43; Rgb(77, 58, 32)/Rgb(240, 228, 204)/NONE×69
13|    src/render.rs:5740:            if model.todos_collapsed {                                                           |
   ~ Rgb(210, 191, 155)/Rgb(240, 228, 204)/NONE×4; Rgb(156, 98, 2)/Rgb(240, 228, 204)/NONE×19; Rgb(112, 93, 65)/Rgb(240, 228, 204)/NONE×38; Rgb(77, 58, 32)/Rgb(240, 228, 204)/NONE×59
14|    src/render.rs:6336: let arrow = …                                                                                   |
   ~ Rgb(210, 191, 155)/Rgb(240, 228, 204)/NONE×4; Rgb(156, 98, 2)/Rgb(240, 228, 204)/NONE×19; Rgb(112, 93, 65)/Rgb(240, 228, 204)/NONE×14; Rgb(77, 58, 32)/Rgb(240, 228, 204)/NONE×83
15|    src/app.rs:5254:    pub todos_collapsed: bool,                                                                      |
   ~ Rgb(210, 191, 155)/Rgb(240, 228, 204)/NONE×4; Rgb(156, 98, 2)/Rgb(240, 228, 204)/NONE×16; Rgb(112, 93, 65)/Rgb(240, 228, 204)/NONE×30; Rgb(77, 58, 32)/Rgb(240, 228, 204)/NONE×70
16|    ERROR one match could not be read                                                                                   |
   ~ Rgb(210, 191, 155)/Rgb(240, 228, 204)/NONE×4; Rgb(179, 35, 28)/Rgb(240, 228, 204)/NONE×5; Rgb(112, 93, 65)/Rgb(240, 228, 204)/NONE×28; Rgb(77, 58, 32)/Rgb(240, 228, 204)/NONE×83
17|    warning: 2 files skipped                                                                                            |
   ~ Rgb(210, 191, 155)/Rgb(240, 228, 204)/NONE×4; Rgb(163, 78, 8)/Rgb(240, 228, 204)/NONE×8; Rgb(112, 93, 65)/Rgb(240, 228, 204)/NONE×16; Rgb(77, 58, 32)/Rgb(240, 228, 204)/NONE×92
18|    src/app.rs:5709: todos_collapsed: false,                                                                            |
   ~ Rgb(210, 191, 155)/Rgb(240, 228, 204)/NONE×4; Rgb(156, 98, 2)/Rgb(240, 228, 204)/NONE×16; Rgb(112, 93, 65)/Rgb(240, 228, 204)/NONE×24; Rgb(77, 58, 32)/Rgb(240, 228, 204)/NONE×76
19|    src/app.rs:16876: self.todos_collapsed = false;                                                                     |
   ~ Rgb(210, 191, 155)/Rgb(240, 228, 204)/NONE×4; Rgb(156, 98, 2)/Rgb(240, 228, 204)/NONE×17; Rgb(112, 93, 65)/Rgb(240, 228, 204)/NONE×30; Rgb(77, 58, 32)/Rgb(240, 228, 204)/NONE×69
20|    src/session.rs:127: pub todos_collapsed: bool,                                                                      |
   ~ Rgb(210, 191, 155)/Rgb(240, 228, 204)/NONE×4; Rgb(156, 98, 2)/Rgb(240, 228, 204)/NONE×19; Rgb(112, 93, 65)/Rgb(240, 228, 204)/NONE×27; Rgb(77, 58, 32)/Rgb(240, 228, 204)/NONE×70
21|    src/render.rs:6368: if !model.todos_collapsed {                                                                     |
   ~ Rgb(210, 191, 155)/Rgb(240, 228, 204)/NONE×4; Rgb(156, 98, 2)/Rgb(240, 228, 204)/NONE×19; Rgb(112, 93, 65)/Rgb(240, 228, 204)/NONE×28; Rgb(77, 58, 32)/Rgb(240, 228, 204)/NONE×69
22|    src/render.rs:6389: if !model.todos_collapsed {                                                                     |
   ~ Rgb(210, 191, 155)/Rgb(240, 228, 204)/NONE×4; Rgb(156, 98, 2)/Rgb(240, 228, 204)/NONE×19; Rgb(112, 93, 65)/Rgb(240, 228, 204)/NONE×28; Rgb(77, 58, 32)/Rgb(240, 228, 204)/NONE×69
23|    └ ⋯ 2 more lines · ⏎ show all                                                                                       |
   ~ Rgb(210, 191, 155)/Rgb(240, 228, 204)/NONE×6; Rgb(112, 93, 65)/Rgb(240, 228, 204)/NONE×14; Rgb(156, 98, 2)/Rgb(240, 228, 204)/NONE×13; Rgb(77, 58, 32)/Rgb(240, 228, 204)/NONE×87
24|  ◐ Monitor(Astra 971-tui-collapse verification (re-armed)) · running… 3s                                               |
   ~ Rgb(210, 191, 155)/Rgb(240, 228, 204)/NONE×2; Rgb(163, 78, 8)/Rgb(240, 228, 204)/NONE×2; Rgb(123, 39, 64)/Rgb(240, 228, 204)/NONE×7; Rgb(112, 93, 65)/Rgb(240, 228, 204)/NONE×62; Rgb(77, 58, 32)/Rgb(240, 228, 204)/NONE×47
25|                                                                                                                        |
   ~ Rgb(77, 58, 32)/Rgb(240, 228, 204)/NONE×120
26|                                                                                                                        |
   ~ Rgb(77, 58, 32)/Rgb(240, 228, 204)/NONE×120
27|                                                                                                                        |
   ~ Rgb(77, 58, 32)/Rgb(240, 228, 204)/NONE×120
28|                                                                                                                        |
   ~ Rgb(77, 58, 32)/Rgb(240, 228, 204)/NONE×120
29|                                                                                                                        |
   ~ Rgb(77, 58, 32)/Rgb(240, 228, 204)/NONE×120
30|                                                                                                                        |
   ~ Rgb(77, 58, 32)/Rgb(240, 228, 204)/NONE×120
31|                                                                                                                        |
   ~ Rgb(77, 58, 32)/Rgb(240, 228, 204)/NONE×120
32|                                                                                                                        |
   ~ Rgb(77, 58, 32)/Rgb(240, 228, 204)/NONE×120
33|                                                                                                                        |
   ~ Rgb(77, 58, 32)/Rgb(240, 228, 204)/NONE×120
34|                                                                                                                        |
   ~ Rgb(77, 58, 32)/Rgb(240, 228, 204)/NONE×120
35|                                                                                                                        |
   ~ Rgb(77, 58, 32)/Rgb(240, 228, 204)/NONE×120
36|───────────────────────────────────────────────────────────────────────────────────────────────────────────── fable-5 ──|
   ~ Rgb(156, 98, 2)/Rgb(240, 228, 204)/NONE×109; Rgb(112, 93, 65)/Rgb(240, 228, 204)/NONE×9; Rgb(156, 98, 2)/Rgb(240, 228, 204)/NONE×2
37|  ❯   message haider — ⏎ send · ⇧⏎ newline · / commands · paste images/text                                 [ ◉ talk ]  |
   ~ Rgb(46, 33, 16)/Rgb(244, 236, 218)/NONE×2; Rgb(156, 98, 2)/Rgb(244, 236, 218)/BOLD×2; Rgb(240, 228, 204)/Rgb(156, 98, 2)/NONE×1; Rgb(112, 93, 65)/Rgb(244, 236, 218)/NONE×70; Rgb(46, 33, 16)/Rgb(244, 236, 218)/NONE×33; Rgb(207, 175, 165)/Rgb(244, 236, 218)/NONE×2; Rgb(156, 98, 2)/Rgb(244, 236, 218)/NONE×6; Rgb(207, 175, 165)/Rgb(244, 236, 218)/NONE×2; Rgb(46, 33, 16)/Rgb(244, 236, 218)/NONE×2
38|────────────────────────────────────────────────────────────────────────────────────────────────────────────────────────|
   ~ Rgb(207, 175, 165)/Rgb(240, 228, 204)/NONE×120
39| [ IDLE ]  0 tok · ▱▱▱▱▱▱▱▱▱▱ 0% of 200k  · main                                                                        |
   ~ Rgb(77, 58, 32)/Rgb(240, 228, 204)/NONE×1; Rgb(207, 175, 165)/Rgb(240, 228, 204)/NONE×2; Rgb(112, 93, 65)/Rgb(240, 228, 204)/NONE×4; Rgb(207, 175, 165)/Rgb(240, 228, 204)/NONE×2; Rgb(112, 93, 65)/Rgb(240, 228, 204)/NONE×33; Rgb(77, 58, 32)/Rgb(240, 228, 204)/NONE×78
