# tuivirt golden · collapse_tools_water · 120x40
00|[ ← main ]     ▄▄  ██   ▄▄  ▀▀▀▀▀██▄  haider v<VERSION> · ~/dev/enterprise-suite              [ ◉ voice · whisper→openai ]|
   ~ Rgb(167, 200, 206)/Rgb(227, 238, 240)/NONE×2; Rgb(76, 103, 116)/Rgb(227, 238, 240)/NONE×6; Rgb(167, 200, 206)/Rgb(227, 238, 240)/NONE×2; Rgb(36, 59, 71)/Rgb(227, 238, 240)/NONE×5; Rgb(160, 58, 77)/Rgb(227, 238, 240)/BOLD×2; Rgb(36, 59, 71)/Rgb(227, 238, 240)/NONE×2; Rgb(160, 58, 77)/Rgb(227, 238, 240)/BOLD×2; Rgb(36, 59, 71)/Rgb(227, 238, 240)/NONE×3; Rgb(160, 58, 77)/Rgb(227, 238, 240)/BOLD×2; Rgb(36, 59, 71)/Rgb(227, 238, 240)/NONE×2; Rgb(160, 58, 77)/Rgb(227, 238, 240)/BOLD×8; Rgb(36, 59, 71)/Rgb(227, 238, 240)/NONE×2; Rgb(13, 102, 120)/Rgb(227, 238, 240)/BOLD×6; Rgb(76, 103, 116)/Rgb(227, 238, 240)/NONE×9; Rgb(18, 39, 48)/Rgb(227, 238, 240)/NONE×25; Rgb(36, 59, 71)/Rgb(227, 238, 240)/NONE×14; Rgb(167, 200, 206)/Rgb(227, 238, 240)/NONE×2; Rgb(13, 102, 120)/Rgb(227, 238, 240)/NONE×24; Rgb(167, 200, 206)/Rgb(227, 238, 240)/NONE×2
01|            ▄▄█▀  ▀▀▀▀▀▀▀▀▀▀▀▀▀▀▀▀▀▀  session ▸   · branch main · test-lion-box                                         |
   ~ Rgb(36, 59, 71)/Rgb(227, 238, 240)/NONE×12; Rgb(160, 58, 77)/Rgb(227, 238, 240)/BOLD×4; Rgb(36, 59, 71)/Rgb(227, 238, 240)/NONE×2; Rgb(160, 58, 77)/Rgb(227, 238, 240)/BOLD×4; Rgb(160, 58, 77)/Rgb(13, 102, 120)/BOLD×2; Rgb(160, 58, 77)/Rgb(227, 238, 240)/BOLD×2; Rgb(160, 58, 77)/Rgb(13, 102, 120)/BOLD×2; Rgb(160, 58, 77)/Rgb(227, 238, 240)/BOLD×8; Rgb(36, 59, 71)/Rgb(227, 238, 240)/NONE×2; Rgb(76, 103, 116)/Rgb(227, 238, 240)/NONE×7; Rgb(13, 102, 120)/Rgb(227, 238, 240)/NONE×4; Rgb(76, 103, 116)/Rgb(227, 238, 240)/NONE×30; Rgb(36, 59, 71)/Rgb(227, 238, 240)/NONE×41
02|────────────────────────────────────────────────────────────────────────────────────────────────────────────────────────|
   ~ Rgb(167, 200, 206)/Rgb(227, 238, 240)/NONE×120
03|                                                                                                                        |
   ~ Rgb(36, 59, 71)/Rgb(227, 238, 240)/NONE×120
04| ❯ run the gate and report                                                                                              |
   ~ Rgb(36, 59, 71)/Rgb(227, 238, 240)/NONE×1; Rgb(160, 58, 77)/Rgb(227, 238, 240)/BOLD×2; Rgb(18, 39, 48)/Rgb(227, 238, 240)/NONE×23; Rgb(36, 59, 71)/Rgb(227, 238, 240)/NONE×94
05|                                                                                                                        |
   ~ Rgb(36, 59, 71)/Rgb(227, 238, 240)/NONE×120
06| ■ haider                                                                                                               |
   ~ Rgb(36, 59, 71)/Rgb(227, 238, 240)/NONE×1; Rgb(13, 102, 120)/Rgb(227, 238, 240)/NONE×8; Rgb(36, 59, 71)/Rgb(227, 238, 240)/NONE×111
07| ▏ Running the gate now — I will report the verdict.                                                                    |
   ~ Rgb(36, 59, 71)/Rgb(227, 238, 240)/NONE×1; Rgb(197, 219, 223)/Rgb(227, 238, 240)/NONE×2; Rgb(36, 59, 71)/Rgb(227, 238, 240)/NONE×117
08|  ✓ verify(wave-971 candidate) · 3 lines · 8s                                                                           |
   ~ Rgb(183, 204, 210)/Rgb(227, 238, 240)/NONE×2; Rgb(46, 112, 81)/Rgb(227, 238, 240)/NONE×2; Rgb(160, 58, 77)/Rgb(227, 238, 240)/NONE×6; Rgb(76, 103, 116)/Rgb(227, 238, 240)/NONE×35; Rgb(36, 59, 71)/Rgb(227, 238, 240)/NONE×75
09|    └ SHIP — wave-971 candidate clears every gate                                                                       |
   ~ Rgb(183, 204, 210)/Rgb(227, 238, 240)/NONE×6; Rgb(46, 112, 81)/Rgb(227, 238, 240)/NONE×4; Rgb(76, 103, 116)/Rgb(227, 238, 240)/NONE×39; Rgb(36, 59, 71)/Rgb(227, 238, 240)/NONE×71
10|  Ran 3 shell commands                                                                                                  |
   ~ Rgb(183, 204, 210)/Rgb(227, 238, 240)/NONE×2; Rgb(76, 103, 116)/Rgb(227, 238, 240)/NONE×4; Rgb(18, 39, 48)/Rgb(227, 238, 240)/BOLD×1; Rgb(76, 103, 116)/Rgb(227, 238, 240)/NONE×15; Rgb(36, 59, 71)/Rgb(227, 238, 240)/NONE×98
11|    └ Resuming agent a830387                                                                                            |
   ~ Rgb(183, 204, 210)/Rgb(227, 238, 240)/NONE×6; Rgb(76, 103, 116)/Rgb(227, 238, 240)/NONE×15; Rgb(160, 58, 77)/Rgb(227, 238, 240)/NONE×7; Rgb(36, 59, 71)/Rgb(227, 238, 240)/NONE×92
12|  ✓ grep("todos_collapsed" *.rs) · 12 lines · 400ms                                                                     |
   ~ Rgb(183, 204, 210)/Rgb(227, 238, 240)/NONE×2; Rgb(46, 112, 81)/Rgb(227, 238, 240)/NONE×2; Rgb(160, 58, 77)/Rgb(227, 238, 240)/NONE×4; Rgb(76, 103, 116)/Rgb(227, 238, 240)/NONE×43; Rgb(36, 59, 71)/Rgb(227, 238, 240)/NONE×69
13|    src/render.rs:5740:            if model.todos_collapsed {                                                           |
   ~ Rgb(183, 204, 210)/Rgb(227, 238, 240)/NONE×4; Rgb(13, 102, 120)/Rgb(227, 238, 240)/NONE×19; Rgb(76, 103, 116)/Rgb(227, 238, 240)/NONE×38; Rgb(36, 59, 71)/Rgb(227, 238, 240)/NONE×59
14|    src/render.rs:6336: let arrow = …                                                                                   |
   ~ Rgb(183, 204, 210)/Rgb(227, 238, 240)/NONE×4; Rgb(13, 102, 120)/Rgb(227, 238, 240)/NONE×19; Rgb(76, 103, 116)/Rgb(227, 238, 240)/NONE×14; Rgb(36, 59, 71)/Rgb(227, 238, 240)/NONE×83
15|    src/app.rs:5254:    pub todos_collapsed: bool,                                                                      |
   ~ Rgb(183, 204, 210)/Rgb(227, 238, 240)/NONE×4; Rgb(13, 102, 120)/Rgb(227, 238, 240)/NONE×16; Rgb(76, 103, 116)/Rgb(227, 238, 240)/NONE×30; Rgb(36, 59, 71)/Rgb(227, 238, 240)/NONE×70
16|    ERROR one match could not be read                                                                                   |
   ~ Rgb(183, 204, 210)/Rgb(227, 238, 240)/NONE×4; Rgb(179, 35, 28)/Rgb(227, 238, 240)/NONE×5; Rgb(76, 103, 116)/Rgb(227, 238, 240)/NONE×28; Rgb(36, 59, 71)/Rgb(227, 238, 240)/NONE×83
17|    warning: 2 files skipped                                                                                            |
   ~ Rgb(183, 204, 210)/Rgb(227, 238, 240)/NONE×4; Rgb(154, 91, 16)/Rgb(227, 238, 240)/NONE×8; Rgb(76, 103, 116)/Rgb(227, 238, 240)/NONE×16; Rgb(36, 59, 71)/Rgb(227, 238, 240)/NONE×92
18|    src/app.rs:5709: todos_collapsed: false,                                                                            |
   ~ Rgb(183, 204, 210)/Rgb(227, 238, 240)/NONE×4; Rgb(13, 102, 120)/Rgb(227, 238, 240)/NONE×16; Rgb(76, 103, 116)/Rgb(227, 238, 240)/NONE×24; Rgb(36, 59, 71)/Rgb(227, 238, 240)/NONE×76
19|    src/app.rs:16876: self.todos_collapsed = false;                                                                     |
   ~ Rgb(183, 204, 210)/Rgb(227, 238, 240)/NONE×4; Rgb(13, 102, 120)/Rgb(227, 238, 240)/NONE×17; Rgb(76, 103, 116)/Rgb(227, 238, 240)/NONE×30; Rgb(36, 59, 71)/Rgb(227, 238, 240)/NONE×69
20|    src/session.rs:127: pub todos_collapsed: bool,                                                                      |
   ~ Rgb(183, 204, 210)/Rgb(227, 238, 240)/NONE×4; Rgb(13, 102, 120)/Rgb(227, 238, 240)/NONE×19; Rgb(76, 103, 116)/Rgb(227, 238, 240)/NONE×27; Rgb(36, 59, 71)/Rgb(227, 238, 240)/NONE×70
21|    src/render.rs:6368: if !model.todos_collapsed {                                                                     |
   ~ Rgb(183, 204, 210)/Rgb(227, 238, 240)/NONE×4; Rgb(13, 102, 120)/Rgb(227, 238, 240)/NONE×19; Rgb(76, 103, 116)/Rgb(227, 238, 240)/NONE×28; Rgb(36, 59, 71)/Rgb(227, 238, 240)/NONE×69
22|    src/render.rs:6389: if !model.todos_collapsed {                                                                     |
   ~ Rgb(183, 204, 210)/Rgb(227, 238, 240)/NONE×4; Rgb(13, 102, 120)/Rgb(227, 238, 240)/NONE×19; Rgb(76, 103, 116)/Rgb(227, 238, 240)/NONE×28; Rgb(36, 59, 71)/Rgb(227, 238, 240)/NONE×69
23|    └ ⋯ 2 more rows · ⇟/⇞ page · ⏎ show all                                                                             |
   ~ Rgb(183, 204, 210)/Rgb(227, 238, 240)/NONE×6; Rgb(76, 103, 116)/Rgb(227, 238, 240)/NONE×13; Rgb(13, 102, 120)/Rgb(227, 238, 240)/NONE×24; Rgb(36, 59, 71)/Rgb(227, 238, 240)/NONE×77
24|  ◐ Monitor(Astra 971-tui-collapse verification (re-armed)) · running… 3s                                               |
   ~ Rgb(183, 204, 210)/Rgb(227, 238, 240)/NONE×2; Rgb(154, 91, 16)/Rgb(227, 238, 240)/NONE×2; Rgb(160, 58, 77)/Rgb(227, 238, 240)/NONE×7; Rgb(76, 103, 116)/Rgb(227, 238, 240)/NONE×62; Rgb(36, 59, 71)/Rgb(227, 238, 240)/NONE×47
25|                                                                                                                        |
   ~ Rgb(36, 59, 71)/Rgb(227, 238, 240)/NONE×120
26|                                                                                                                        |
   ~ Rgb(36, 59, 71)/Rgb(227, 238, 240)/NONE×120
27|                                                                                                                        |
   ~ Rgb(36, 59, 71)/Rgb(227, 238, 240)/NONE×120
28|                                                                                                                        |
   ~ Rgb(36, 59, 71)/Rgb(227, 238, 240)/NONE×120
29|                                                                                                                        |
   ~ Rgb(36, 59, 71)/Rgb(227, 238, 240)/NONE×120
30|                                                                                                                        |
   ~ Rgb(36, 59, 71)/Rgb(227, 238, 240)/NONE×120
31|                                                                                                                        |
   ~ Rgb(36, 59, 71)/Rgb(227, 238, 240)/NONE×120
32|                                                                                                                        |
   ~ Rgb(36, 59, 71)/Rgb(227, 238, 240)/NONE×120
33|                                                                                                                        |
   ~ Rgb(36, 59, 71)/Rgb(227, 238, 240)/NONE×120
34|                                                                                                                        |
   ~ Rgb(36, 59, 71)/Rgb(227, 238, 240)/NONE×120
35|                                                                                                                        |
   ~ Rgb(36, 59, 71)/Rgb(227, 238, 240)/NONE×120
36|───────────────────────────────────────────────────────────────────────────────────────────────────────────── fable-5 ──|
   ~ Rgb(13, 102, 120)/Rgb(227, 238, 240)/NONE×109; Rgb(76, 103, 116)/Rgb(227, 238, 240)/NONE×9; Rgb(13, 102, 120)/Rgb(227, 238, 240)/NONE×2
37|  ❯   message haider — ⏎ send · ⇧⏎ newline · / commands · paste images/text                                 [ ◉ talk ]  |
   ~ Rgb(18, 39, 48)/Rgb(235, 243, 244)/NONE×2; Rgb(13, 102, 120)/Rgb(235, 243, 244)/BOLD×2; Rgb(227, 238, 240)/Rgb(13, 102, 120)/NONE×1; Rgb(76, 103, 116)/Rgb(235, 243, 244)/NONE×70; Rgb(18, 39, 48)/Rgb(235, 243, 244)/NONE×33; Rgb(167, 200, 206)/Rgb(235, 243, 244)/NONE×2; Rgb(13, 102, 120)/Rgb(235, 243, 244)/NONE×6; Rgb(167, 200, 206)/Rgb(235, 243, 244)/NONE×2; Rgb(18, 39, 48)/Rgb(235, 243, 244)/NONE×2
38|────────────────────────────────────────────────────────────────────────────────────────────────────────────────────────|
   ~ Rgb(167, 200, 206)/Rgb(227, 238, 240)/NONE×120
39| [ IDLE ]  0 tok · ▱▱▱▱▱▱▱▱▱▱ 0% of 200k  · main                                                                        |
   ~ Rgb(36, 59, 71)/Rgb(227, 238, 240)/NONE×1; Rgb(167, 200, 206)/Rgb(227, 238, 240)/NONE×2; Rgb(76, 103, 116)/Rgb(227, 238, 240)/NONE×4; Rgb(167, 200, 206)/Rgb(227, 238, 240)/NONE×2; Rgb(76, 103, 116)/Rgb(227, 238, 240)/NONE×33; Rgb(36, 59, 71)/Rgb(227, 238, 240)/NONE×78
