# tuivirt golden · collapse_tools_verbose · 120x40
00|[ ← main ]     ▄▄  ██   ▄▄  ▀▀▀▀▀██▄  haider v<VERSION> · ~/dev/enterprise-suite              [ ◉ voice · whisper→openai ]|
   ~ Rgb(68, 68, 68)/Rgb(15, 15, 15)/NONE×2; Rgb(139, 148, 158)/Rgb(15, 15, 15)/NONE×6; Rgb(68, 68, 68)/Rgb(15, 15, 15)/NONE×2; Rgb(212, 212, 212)/Rgb(15, 15, 15)/NONE×5; Rgb(229, 122, 74)/Rgb(15, 15, 15)/BOLD×2; Rgb(212, 212, 212)/Rgb(15, 15, 15)/NONE×2; Rgb(229, 122, 74)/Rgb(15, 15, 15)/BOLD×2; Rgb(212, 212, 212)/Rgb(15, 15, 15)/NONE×3; Rgb(229, 122, 74)/Rgb(15, 15, 15)/BOLD×2; Rgb(212, 212, 212)/Rgb(15, 15, 15)/NONE×2; Rgb(229, 122, 74)/Rgb(15, 15, 15)/BOLD×8; Rgb(212, 212, 212)/Rgb(15, 15, 15)/NONE×2; Rgb(217, 181, 68)/Rgb(15, 15, 15)/BOLD×6; Rgb(139, 148, 158)/Rgb(15, 15, 15)/NONE×9; Rgb(242, 242, 242)/Rgb(15, 15, 15)/NONE×25; Rgb(212, 212, 212)/Rgb(15, 15, 15)/NONE×14; Rgb(68, 68, 68)/Rgb(15, 15, 15)/NONE×2; Rgb(217, 181, 68)/Rgb(15, 15, 15)/NONE×24; Rgb(68, 68, 68)/Rgb(15, 15, 15)/NONE×2
01|            ▄▄█▀  ▀▀▀▀▀▀▀▀▀▀▀▀▀▀▀▀▀▀  session ▸   · branch main · test-lion-box                                         |
   ~ Rgb(212, 212, 212)/Rgb(15, 15, 15)/NONE×12; Rgb(229, 122, 74)/Rgb(15, 15, 15)/BOLD×4; Rgb(212, 212, 212)/Rgb(15, 15, 15)/NONE×2; Rgb(229, 122, 74)/Rgb(15, 15, 15)/BOLD×4; Rgb(229, 122, 74)/Rgb(217, 181, 68)/BOLD×2; Rgb(229, 122, 74)/Rgb(15, 15, 15)/BOLD×2; Rgb(229, 122, 74)/Rgb(217, 181, 68)/BOLD×2; Rgb(229, 122, 74)/Rgb(15, 15, 15)/BOLD×8; Rgb(212, 212, 212)/Rgb(15, 15, 15)/NONE×2; Rgb(139, 148, 158)/Rgb(15, 15, 15)/NONE×7; Rgb(217, 181, 68)/Rgb(15, 15, 15)/NONE×4; Rgb(139, 148, 158)/Rgb(15, 15, 15)/NONE×30; Rgb(212, 212, 212)/Rgb(15, 15, 15)/NONE×41
02|────────────────────────────────────────────────────────────────────────────────────────────────────────────────────────|
   ~ Rgb(68, 68, 68)/Rgb(15, 15, 15)/NONE×120
03| ▏ Running the gate now — I will report the verdict.                                                                    |
   ~ Rgb(212, 212, 212)/Rgb(15, 15, 15)/NONE×1; Rgb(39, 35, 21)/Rgb(15, 15, 15)/NONE×2; Rgb(212, 212, 212)/Rgb(15, 15, 15)/NONE×117
04|  ● verify(wave-971 candidate) · 8s                                                                                     |
   ~ Rgb(139, 148, 158)/Rgb(15, 15, 15)/NONE×2; Rgb(134, 196, 147)/Rgb(15, 15, 15)/NONE×2; Rgb(229, 122, 74)/Rgb(15, 15, 15)/NONE×6; Rgb(139, 148, 158)/Rgb(15, 15, 15)/NONE×25; Rgb(212, 212, 212)/Rgb(15, 15, 15)/NONE×85
05|    ⎿ 3 lines of output                                                                                                 |
   ~ Rgb(139, 148, 158)/Rgb(15, 15, 15)/NONE×23; Rgb(212, 212, 212)/Rgb(15, 15, 15)/NONE×97
06|      SHIP — wave-971 candidate clears every gate                                                                       |
   ~ Rgb(58, 58, 58)/Rgb(15, 15, 15)/NONE×6; Rgb(134, 196, 147)/Rgb(15, 15, 15)/NONE×4; Rgb(139, 148, 158)/Rgb(15, 15, 15)/NONE×39; Rgb(212, 212, 212)/Rgb(15, 15, 15)/NONE×71
07|      clippy: 0 warnings                                                                                                |
   ~ Rgb(58, 58, 58)/Rgb(15, 15, 15)/NONE×6; Rgb(139, 148, 158)/Rgb(15, 15, 15)/NONE×10; Rgb(255, 183, 87)/Rgb(15, 15, 15)/NONE×8; Rgb(212, 212, 212)/Rgb(15, 15, 15)/NONE×96
08|      test result: ok. 5166 passed; 0 failed                                                                            |
   ~ Rgb(58, 58, 58)/Rgb(15, 15, 15)/NONE×6; Rgb(139, 148, 158)/Rgb(15, 15, 15)/NONE×13; Rgb(134, 196, 147)/Rgb(15, 15, 15)/NONE×3; Rgb(139, 148, 158)/Rgb(15, 15, 15)/NONE×6; Rgb(134, 196, 147)/Rgb(15, 15, 15)/NONE×7; Rgb(139, 148, 158)/Rgb(15, 15, 15)/NONE×3; Rgb(255, 133, 119)/Rgb(15, 15, 15)/NONE×6; Rgb(212, 212, 212)/Rgb(15, 15, 15)/NONE×76
09|  ● Bash(cargo fmt --all --check) · 1s                                                                                  |
   ~ Rgb(139, 148, 158)/Rgb(15, 15, 15)/NONE×2; Rgb(134, 196, 147)/Rgb(15, 15, 15)/NONE×2; Rgb(229, 122, 74)/Rgb(15, 15, 15)/NONE×4; Rgb(139, 148, 158)/Rgb(15, 15, 15)/NONE×30; Rgb(212, 212, 212)/Rgb(15, 15, 15)/NONE×82
10|    ⎿ 2 lines of output                                                                                                 |
   ~ Rgb(139, 148, 158)/Rgb(15, 15, 15)/NONE×23; Rgb(212, 212, 212)/Rgb(15, 15, 15)/NONE×97
11|      Resuming agent a830387                                                                                            |
   ~ Rgb(58, 58, 58)/Rgb(15, 15, 15)/NONE×6; Rgb(139, 148, 158)/Rgb(15, 15, 15)/NONE×15; Rgb(229, 122, 74)/Rgb(15, 15, 15)/NONE×7; Rgb(212, 212, 212)/Rgb(15, 15, 15)/NONE×92
12|      cargo fmt --all --check finished                                                                                  |
   ~ Rgb(58, 58, 58)/Rgb(15, 15, 15)/NONE×6; Rgb(139, 148, 158)/Rgb(15, 15, 15)/NONE×32; Rgb(212, 212, 212)/Rgb(15, 15, 15)/NONE×82
13|  ● Bash(cargo clippy -p haider-tui -- -D warnings) · 2s                                                                |
   ~ Rgb(139, 148, 158)/Rgb(15, 15, 15)/NONE×2; Rgb(134, 196, 147)/Rgb(15, 15, 15)/NONE×2; Rgb(229, 122, 74)/Rgb(15, 15, 15)/NONE×4; Rgb(139, 148, 158)/Rgb(15, 15, 15)/NONE×48; Rgb(212, 212, 212)/Rgb(15, 15, 15)/NONE×64
14|    ⎿ 2 lines of output                                                                                                 |
   ~ Rgb(139, 148, 158)/Rgb(15, 15, 15)/NONE×23; Rgb(212, 212, 212)/Rgb(15, 15, 15)/NONE×97
15|      Resuming agent a830387                                                                                            |
   ~ Rgb(58, 58, 58)/Rgb(15, 15, 15)/NONE×6; Rgb(139, 148, 158)/Rgb(15, 15, 15)/NONE×15; Rgb(229, 122, 74)/Rgb(15, 15, 15)/NONE×7; Rgb(212, 212, 212)/Rgb(15, 15, 15)/NONE×92
16|      cargo clippy -p haider-tui -- -D warnings finished                                                                |
   ~ Rgb(58, 58, 58)/Rgb(15, 15, 15)/NONE×6; Rgb(139, 148, 158)/Rgb(15, 15, 15)/NONE×33; Rgb(255, 183, 87)/Rgb(15, 15, 15)/NONE×8; Rgb(139, 148, 158)/Rgb(15, 15, 15)/NONE×9; Rgb(212, 212, 212)/Rgb(15, 15, 15)/NONE×64
17|  ● Bash(cargo test -p haider-tui --locked) · 3s                                                                        |
   ~ Rgb(139, 148, 158)/Rgb(15, 15, 15)/NONE×2; Rgb(134, 196, 147)/Rgb(15, 15, 15)/NONE×2; Rgb(229, 122, 74)/Rgb(15, 15, 15)/NONE×4; Rgb(139, 148, 158)/Rgb(15, 15, 15)/NONE×40; Rgb(212, 212, 212)/Rgb(15, 15, 15)/NONE×72
18|    ⎿ 2 lines of output                                                                                                 |
   ~ Rgb(139, 148, 158)/Rgb(15, 15, 15)/NONE×23; Rgb(212, 212, 212)/Rgb(15, 15, 15)/NONE×97
19|      Resuming agent a830387                                                                                            |
   ~ Rgb(58, 58, 58)/Rgb(15, 15, 15)/NONE×6; Rgb(139, 148, 158)/Rgb(15, 15, 15)/NONE×15; Rgb(229, 122, 74)/Rgb(15, 15, 15)/NONE×7; Rgb(212, 212, 212)/Rgb(15, 15, 15)/NONE×92
20|      cargo test -p haider-tui --locked finished                                                                        |
   ~ Rgb(58, 58, 58)/Rgb(15, 15, 15)/NONE×6; Rgb(139, 148, 158)/Rgb(15, 15, 15)/NONE×42; Rgb(212, 212, 212)/Rgb(15, 15, 15)/NONE×72
21|  ● Search("todos_collapsed" *.rs)                                                                                      |
   ~ Rgb(139, 148, 158)/Rgb(15, 15, 15)/NONE×2; Rgb(134, 196, 147)/Rgb(15, 15, 15)/NONE×2; Rgb(229, 122, 74)/Rgb(15, 15, 15)/NONE×6; Rgb(139, 148, 158)/Rgb(15, 15, 15)/NONE×24; Rgb(212, 212, 212)/Rgb(15, 15, 15)/NONE×86
22|    ⎿ 12 lines of output                                                                                                |
   ~ Rgb(139, 148, 158)/Rgb(15, 15, 15)/NONE×24; Rgb(212, 212, 212)/Rgb(15, 15, 15)/NONE×96
23|      src/render.rs:5740:            if model.todos_collapsed {                                                         |
   ~ Rgb(58, 58, 58)/Rgb(15, 15, 15)/NONE×6; Rgb(217, 181, 68)/Rgb(15, 15, 15)/NONE×19; Rgb(139, 148, 158)/Rgb(15, 15, 15)/NONE×38; Rgb(212, 212, 212)/Rgb(15, 15, 15)/NONE×57
24|      src/render.rs:6336: let arrow = …                                                                                 |
   ~ Rgb(58, 58, 58)/Rgb(15, 15, 15)/NONE×6; Rgb(217, 181, 68)/Rgb(15, 15, 15)/NONE×19; Rgb(139, 148, 158)/Rgb(15, 15, 15)/NONE×14; Rgb(212, 212, 212)/Rgb(15, 15, 15)/NONE×81
25|      src/app.rs:5254:    pub todos_collapsed: bool,                                                                    |
   ~ Rgb(58, 58, 58)/Rgb(15, 15, 15)/NONE×6; Rgb(217, 181, 68)/Rgb(15, 15, 15)/NONE×16; Rgb(139, 148, 158)/Rgb(15, 15, 15)/NONE×30; Rgb(212, 212, 212)/Rgb(15, 15, 15)/NONE×68
26|      ERROR one match could not be read                                                                                 |
   ~ Rgb(58, 58, 58)/Rgb(15, 15, 15)/NONE×6; Rgb(255, 133, 119)/Rgb(15, 15, 15)/NONE×5; Rgb(139, 148, 158)/Rgb(15, 15, 15)/NONE×28; Rgb(212, 212, 212)/Rgb(15, 15, 15)/NONE×81
27|      warning: 2 files skipped                                                                                          |
   ~ Rgb(58, 58, 58)/Rgb(15, 15, 15)/NONE×6; Rgb(255, 183, 87)/Rgb(15, 15, 15)/NONE×8; Rgb(139, 148, 158)/Rgb(15, 15, 15)/NONE×16; Rgb(212, 212, 212)/Rgb(15, 15, 15)/NONE×90
28|      src/app.rs:5709: todos_collapsed: false,                                                                          |
   ~ Rgb(58, 58, 58)/Rgb(15, 15, 15)/NONE×6; Rgb(217, 181, 68)/Rgb(15, 15, 15)/NONE×16; Rgb(139, 148, 158)/Rgb(15, 15, 15)/NONE×24; Rgb(212, 212, 212)/Rgb(15, 15, 15)/NONE×74
29|      src/app.rs:16876: self.todos_collapsed = false;                                                                   |
   ~ Rgb(58, 58, 58)/Rgb(15, 15, 15)/NONE×6; Rgb(217, 181, 68)/Rgb(15, 15, 15)/NONE×17; Rgb(139, 148, 158)/Rgb(15, 15, 15)/NONE×30; Rgb(212, 212, 212)/Rgb(15, 15, 15)/NONE×67
30|      src/session.rs:127: pub todos_collapsed: bool,                                                                    |
   ~ Rgb(58, 58, 58)/Rgb(15, 15, 15)/NONE×6; Rgb(217, 181, 68)/Rgb(15, 15, 15)/NONE×19; Rgb(139, 148, 158)/Rgb(15, 15, 15)/NONE×27; Rgb(212, 212, 212)/Rgb(15, 15, 15)/NONE×68
31|      src/render.rs:6368: if !model.todos_collapsed {                                                                   |
   ~ Rgb(58, 58, 58)/Rgb(15, 15, 15)/NONE×6; Rgb(217, 181, 68)/Rgb(15, 15, 15)/NONE×19; Rgb(139, 148, 158)/Rgb(15, 15, 15)/NONE×28; Rgb(212, 212, 212)/Rgb(15, 15, 15)/NONE×67
32|      src/render.rs:6389: if !model.todos_collapsed {                                                                   |
   ~ Rgb(58, 58, 58)/Rgb(15, 15, 15)/NONE×6; Rgb(217, 181, 68)/Rgb(15, 15, 15)/NONE×19; Rgb(139, 148, 158)/Rgb(15, 15, 15)/NONE×28; Rgb(212, 212, 212)/Rgb(15, 15, 15)/NONE×67
33|    ⎿ ⋯ 2 more rows · ⇟/⇞ page · ⏎ show all                                                                             |
   ~ Rgb(139, 148, 158)/Rgb(15, 15, 15)/NONE×19; Rgb(217, 181, 68)/Rgb(15, 15, 15)/NONE×24; Rgb(212, 212, 212)/Rgb(15, 15, 15)/NONE×77
34|  ◐ Monitor(Astra 971-tui-collapse verification (re-armed)) · running… 3s                                               |
   ~ Rgb(139, 148, 158)/Rgb(15, 15, 15)/NONE×2; Rgb(255, 183, 87)/Rgb(15, 15, 15)/NONE×2; Rgb(229, 122, 74)/Rgb(15, 15, 15)/NONE×7; Rgb(139, 148, 158)/Rgb(15, 15, 15)/NONE×62; Rgb(212, 212, 212)/Rgb(15, 15, 15)/NONE×47
35|                                                                                                                        |
   ~ Rgb(212, 212, 212)/Rgb(15, 15, 15)/NONE×120
36|───────────────────────────────────────────────────────────────────────────────────────────────────────────── fable-5 ──|
   ~ Rgb(217, 181, 68)/Rgb(15, 15, 15)/NONE×109; Rgb(139, 148, 158)/Rgb(15, 15, 15)/NONE×9; Rgb(217, 181, 68)/Rgb(15, 15, 15)/NONE×2
37|  ❯   message haider — ⏎ send · ⇧⏎ newline · / commands · paste images/text                                 [ ◉ talk ]  |
   ~ Rgb(242, 242, 242)/Rgb(26, 26, 26)/NONE×2; Rgb(217, 181, 68)/Rgb(26, 26, 26)/BOLD×2; Rgb(15, 15, 15)/Rgb(217, 181, 68)/NONE×1; Rgb(139, 148, 158)/Rgb(26, 26, 26)/NONE×70; Rgb(242, 242, 242)/Rgb(26, 26, 26)/NONE×33; Rgb(68, 68, 68)/Rgb(26, 26, 26)/NONE×2; Rgb(217, 181, 68)/Rgb(26, 26, 26)/NONE×6; Rgb(68, 68, 68)/Rgb(26, 26, 26)/NONE×2; Rgb(242, 242, 242)/Rgb(26, 26, 26)/NONE×2
38|────────────────────────────────────────────────────────────────────────────────────────────────────────────────────────|
   ~ Rgb(68, 68, 68)/Rgb(15, 15, 15)/NONE×120
39| [ IDLE ]  0 tok · ▱▱▱▱▱▱▱▱▱▱ 0% of 200k  · main                                · tool output: verbose — ⌥V · /verbosity|
   ~ Rgb(212, 212, 212)/Rgb(15, 15, 15)/NONE×1; Rgb(68, 68, 68)/Rgb(15, 15, 15)/NONE×2; Rgb(139, 148, 158)/Rgb(15, 15, 15)/NONE×4; Rgb(68, 68, 68)/Rgb(15, 15, 15)/NONE×2; Rgb(139, 148, 158)/Rgb(15, 15, 15)/NONE×33; Rgb(212, 212, 212)/Rgb(15, 15, 15)/NONE×38; Rgb(139, 148, 158)/Rgb(15, 15, 15)/NONE×40
