# tuivirt golden · demo_session · 80x24
00|[ ← main ]     ▄▄  ██   ▄▄  ▀▀▀▀▀██▄  haider v<VERSION> · ~/dev/enterprise-suite  |
   ~ Rgb(68, 68, 68)/Rgb(15, 15, 15)/NONE×2; Rgb(139, 148, 158)/Rgb(15, 15, 15)/NONE×6; Rgb(68, 68, 68)/Rgb(15, 15, 15)/NONE×2; Rgb(212, 212, 212)/Rgb(15, 15, 15)/NONE×5; Rgb(229, 122, 74)/Rgb(15, 15, 15)/BOLD×2; Rgb(212, 212, 212)/Rgb(15, 15, 15)/NONE×2; Rgb(229, 122, 74)/Rgb(15, 15, 15)/BOLD×2; Rgb(212, 212, 212)/Rgb(15, 15, 15)/NONE×3; Rgb(229, 122, 74)/Rgb(15, 15, 15)/BOLD×2; Rgb(212, 212, 212)/Rgb(15, 15, 15)/NONE×2; Rgb(229, 122, 74)/Rgb(15, 15, 15)/BOLD×8; Rgb(212, 212, 212)/Rgb(15, 15, 15)/NONE×2; Rgb(217, 181, 68)/Rgb(15, 15, 15)/BOLD×6; Rgb(139, 148, 158)/Rgb(15, 15, 15)/NONE×9; Rgb(242, 242, 242)/Rgb(15, 15, 15)/NONE×25; Rgb(212, 212, 212)/Rgb(15, 15, 15)/NONE×2
01|            ▄▄█▀  ▀▀▀▀▀▀▀▀▀▀▀▀▀▀▀▀▀▀  session ▸ Hasan (a) · branch main · test-l|
   ~ Rgb(212, 212, 212)/Rgb(15, 15, 15)/NONE×12; Rgb(229, 122, 74)/Rgb(15, 15, 15)/BOLD×4; Rgb(212, 212, 212)/Rgb(15, 15, 15)/NONE×2; Rgb(229, 122, 74)/Rgb(15, 15, 15)/BOLD×4; Rgb(229, 122, 74)/Rgb(217, 181, 68)/BOLD×2; Rgb(229, 122, 74)/Rgb(15, 15, 15)/BOLD×2; Rgb(229, 122, 74)/Rgb(217, 181, 68)/BOLD×2; Rgb(229, 122, 74)/Rgb(15, 15, 15)/BOLD×8; Rgb(212, 212, 212)/Rgb(15, 15, 15)/NONE×2; Rgb(139, 148, 158)/Rgb(15, 15, 15)/NONE×7; Rgb(217, 181, 68)/Rgb(15, 15, 15)/NONE×12; Rgb(139, 148, 158)/Rgb(15, 15, 15)/NONE×23
02|────────────────────────────────────────────────────────────────────────────────|
   ~ Rgb(68, 68, 68)/Rgb(15, 15, 15)/NONE×80
03|                                                                                |
   ~ Rgb(212, 212, 212)/Rgb(15, 15, 15)/NONE×80
04| ❯ fix the failing boundary test in haider-store                                |
   ~ Rgb(212, 212, 212)/Rgb(15, 15, 15)/NONE×1; Rgb(229, 122, 74)/Rgb(15, 15, 15)/BOLD×2; Rgb(242, 242, 242)/Rgb(15, 15, 15)/NONE×45; Rgb(212, 212, 212)/Rgb(15, 15, 15)/NONE×32
05|                                                                                |
   ~ Rgb(212, 212, 212)/Rgb(15, 15, 15)/NONE×80
06| ■ haider                                                                       |
   ~ Rgb(212, 212, 212)/Rgb(15, 15, 15)/NONE×1; Rgb(217, 181, 68)/Rgb(15, 15, 15)/NONE×8; Rgb(212, 212, 212)/Rgb(15, 15, 15)/NONE×71
07| ▏ Reading the failing test first — the boundary check rejects seq 0 but the    |
   ~ Rgb(212, 212, 212)/Rgb(15, 15, 15)/NONE×1; Rgb(39, 35, 21)/Rgb(15, 15, 15)/NONE×2; Rgb(212, 212, 212)/Rgb(15, 15, 15)/NONE×77
08| ▏ fixture starts at 0.                                                         |
   ~ Rgb(212, 212, 212)/Rgb(15, 15, 15)/NONE×1; Rgb(39, 35, 21)/Rgb(15, 15, 15)/NONE×2; Rgb(212, 212, 212)/Rgb(15, 15, 15)/NONE×77
09|  ✓ fs_read crates/haider-store/src/event_store.rs                              |
   ~ Rgb(212, 212, 212)/Rgb(15, 15, 15)/NONE×2; Rgb(134, 196, 147)/Rgb(15, 15, 15)/NONE×2; Rgb(229, 122, 74)/Rgb(15, 15, 15)/NONE×7; Rgb(139, 148, 158)/Rgb(15, 15, 15)/NONE×39; Rgb(212, 212, 212)/Rgb(15, 15, 15)/NONE×30
10|  ✓ fs_edit crates/haider-store/src/event_store.rs +4 −1                        |
   ~ Rgb(212, 212, 212)/Rgb(15, 15, 15)/NONE×2; Rgb(134, 196, 147)/Rgb(15, 15, 15)/NONE×2; Rgb(229, 122, 74)/Rgb(15, 15, 15)/NONE×7; Rgb(139, 148, 158)/Rgb(15, 15, 15)/NONE×45; Rgb(212, 212, 212)/Rgb(15, 15, 15)/NONE×24
11|  ☑ plan completed — 3 todos                                                    |
   ~ Rgb(212, 212, 212)/Rgb(15, 15, 15)/NONE×2; Rgb(134, 196, 147)/Rgb(15, 15, 15)/NONE×26; Rgb(212, 212, 212)/Rgb(15, 15, 15)/NONE×52
12|    ✓ read the failing test                                                     |
   ~ Rgb(212, 212, 212)/Rgb(15, 15, 15)/NONE×4; Rgb(134, 196, 147)/Rgb(15, 15, 15)/NONE×2; Rgb(58, 58, 58)/Rgb(15, 15, 15)/CROSSED_OUT×21; Rgb(212, 212, 212)/Rgb(15, 15, 15)/NONE×53
13|    ✓ patch the boundary check                                                  |
   ~ Rgb(212, 212, 212)/Rgb(15, 15, 15)/NONE×4; Rgb(134, 196, 147)/Rgb(15, 15, 15)/NONE×2; Rgb(58, 58, 58)/Rgb(15, 15, 15)/CROSSED_OUT×24; Rgb(212, 212, 212)/Rgb(15, 15, 15)/NONE×50
14|    ✓ re-run the suite                                                          |
   ~ Rgb(212, 212, 212)/Rgb(15, 15, 15)/NONE×4; Rgb(134, 196, 147)/Rgb(15, 15, 15)/NONE×2; Rgb(58, 58, 58)/Rgb(15, 15, 15)/CROSSED_OUT×16; Rgb(212, 212, 212)/Rgb(15, 15, 15)/NONE×58
15|                                                                                |
   ~ Rgb(212, 212, 212)/Rgb(15, 15, 15)/NONE×80
16|                                                                                |
   ~ Rgb(212, 212, 212)/Rgb(15, 15, 15)/NONE×80
17|                                                                                |
   ~ Rgb(212, 212, 212)/Rgb(15, 15, 15)/NONE×80
18|                                                                                |
   ~ Rgb(212, 212, 212)/Rgb(15, 15, 15)/NONE×80
19|───────────────────────────────────────────────────────────────────── fable-5 ──|
   ~ Rgb(217, 181, 68)/Rgb(15, 15, 15)/NONE×69; Rgb(139, 148, 158)/Rgb(15, 15, 15)/NONE×9; Rgb(217, 181, 68)/Rgb(15, 15, 15)/NONE×2
20|  ❯   message haider — ⏎ send · ⇧⏎ newline · / commands · paste images/text     |
   ~ Rgb(242, 242, 242)/Rgb(26, 26, 26)/NONE×2; Rgb(217, 181, 68)/Rgb(26, 26, 26)/BOLD×2; Rgb(15, 15, 15)/Rgb(217, 181, 68)/NONE×1; Rgb(139, 148, 158)/Rgb(26, 26, 26)/NONE×70; Rgb(242, 242, 242)/Rgb(26, 26, 26)/NONE×5
21|────────────────────────────────────────────────────────────────────────────────|
   ~ Rgb(68, 68, 68)/Rgb(15, 15, 15)/NONE×80
22|                                                                                |
   ~ Rgb(212, 212, 212)/Rgb(15, 15, 15)/NONE×80
23| [ IDLE ]  33k tok · ▰▰▱▱▱▱▱▱▱▱ 17% of 200k  ↑18k ↓2.1k ⚡0 re-read n/a  · main |
   ~ Rgb(212, 212, 212)/Rgb(15, 15, 15)/NONE×1; Rgb(68, 68, 68)/Rgb(15, 15, 15)/NONE×2; Rgb(139, 148, 158)/Rgb(15, 15, 15)/NONE×4; Rgb(68, 68, 68)/Rgb(15, 15, 15)/NONE×2; Rgb(139, 148, 158)/Rgb(15, 15, 15)/NONE×48; Reset/Reset/NONE×1; Rgb(139, 148, 158)/Rgb(15, 15, 15)/NONE×15; Rgb(212, 212, 212)/Rgb(15, 15, 15)/NONE×7
