# tuivirt golden · file_review_permission · 80x24
00|[ ← main ]     ▄▄  ██   ▄▄  ▀▀▀▀▀██▄  haider v<VERSION> · ~/dev/enterprise-suite  |
   ~ Rgb(68, 68, 68)/Rgb(15, 15, 15)/NONE×2; Rgb(139, 148, 158)/Rgb(15, 15, 15)/NONE×6; Rgb(68, 68, 68)/Rgb(15, 15, 15)/NONE×2; Rgb(212, 212, 212)/Rgb(15, 15, 15)/NONE×5; Rgb(229, 122, 74)/Rgb(15, 15, 15)/BOLD×2; Rgb(212, 212, 212)/Rgb(15, 15, 15)/NONE×2; Rgb(229, 122, 74)/Rgb(15, 15, 15)/BOLD×2; Rgb(212, 212, 212)/Rgb(15, 15, 15)/NONE×3; Rgb(229, 122, 74)/Rgb(15, 15, 15)/BOLD×2; Rgb(212, 212, 212)/Rgb(15, 15, 15)/NONE×2; Rgb(229, 122, 74)/Rgb(15, 15, 15)/BOLD×8; Rgb(212, 212, 212)/Rgb(15, 15, 15)/NONE×2; Rgb(217, 181, 68)/Rgb(15, 15, 15)/BOLD×6; Rgb(139, 148, 158)/Rgb(15, 15, 15)/NONE×9; Rgb(242, 242, 242)/Rgb(15, 15, 15)/NONE×25; Rgb(212, 212, 212)/Rgb(15, 15, 15)/NONE×2
01|            ▄▄█▀  ▀▀▀▀▀▀▀▀▀▀▀▀▀▀▀▀▀▀  session ▸   · branch main · test-lion-box |
   ~ Rgb(212, 212, 212)/Rgb(15, 15, 15)/NONE×12; Rgb(229, 122, 74)/Rgb(15, 15, 15)/BOLD×4; Rgb(212, 212, 212)/Rgb(15, 15, 15)/NONE×2; Rgb(229, 122, 74)/Rgb(15, 15, 15)/BOLD×4; Rgb(229, 122, 74)/Rgb(217, 181, 68)/BOLD×2; Rgb(229, 122, 74)/Rgb(15, 15, 15)/BOLD×2; Rgb(229, 122, 74)/Rgb(217, 181, 68)/BOLD×2; Rgb(229, 122, 74)/Rgb(15, 15, 15)/BOLD×8; Rgb(212, 212, 212)/Rgb(15, 15, 15)/NONE×2; Rgb(139, 148, 158)/Rgb(15, 15, 15)/NONE×7; Rgb(217, 181, 68)/Rgb(15, 15, 15)/NONE×4; Rgb(139, 148, 158)/Rgb(15, 15, 15)/NONE×30; Rgb(212, 212, 212)/Rgb(15, 15, 15)/NONE×1
02|────────────────────────────────────────────────────────────────────────────────|
   ~ Rgb(68, 68, 68)/Rgb(15, 15, 15)/NONE×80
03| ◇ EDIT REVIEW · crates/haider-store/src/event_store.rs · +2 -1 · hunk 1/2      |
   ~ Rgb(212, 212, 212)/Rgb(15, 15, 15)/NONE×1; Rgb(217, 181, 68)/Rgb(15, 15, 15)/NONE×14; Rgb(139, 148, 158)/Rgb(15, 15, 15)/NONE×2; Rgb(242, 242, 242)/Rgb(15, 15, 15)/NONE×38; Rgb(139, 148, 158)/Rgb(15, 15, 15)/NONE×19; Rgb(212, 212, 212)/Rgb(15, 15, 15)/NONE×6
04|────────────────────────────────────────────────────────────────────────────────|
   ~ Rgb(139, 148, 158)/Rgb(15, 15, 15)/NONE×80
05|@@ -118,3 +118,4 @@                                                             |
   ~ Rgb(58, 58, 58)/Rgb(15, 15, 15)/NONE×19; Rgb(212, 212, 212)/Rgb(15, 15, 15)/NONE×61
06| 118 118   pub fn accepts_seq(seq: u64) -> bool {                               |
   ~ Rgb(58, 58, 58)/Rgb(15, 15, 15)/NONE×11; Rgb(139, 148, 158)/Rgb(15, 15, 15)/NONE×38; Rgb(212, 212, 212)/Rgb(15, 15, 15)/NONE×31
07| 119     -     seq > 0 && seq <= MAX_SEQ                                        |
   ~ Rgb(58, 58, 58)/Rgb(15, 15, 15)/NONE×11; Rgb(255, 133, 119)/Rgb(15, 15, 15)/NONE×29; Rgb(212, 212, 212)/Rgb(15, 15, 15)/NONE×40
08|     119 +     seq <= MAX_SEQ                                                   |
   ~ Rgb(58, 58, 58)/Rgb(15, 15, 15)/NONE×11; Rgb(134, 196, 147)/Rgb(15, 15, 15)/NONE×18; Rgb(212, 212, 212)/Rgb(15, 15, 15)/NONE×51
09|     120 +         // sequence zero is valid                                    |
   ~ Rgb(58, 58, 58)/Rgb(15, 15, 15)/NONE×11; Rgb(134, 196, 147)/Rgb(15, 15, 15)/NONE×33; Rgb(212, 212, 212)/Rgb(15, 15, 15)/NONE×36
10| 120 121   }                                                                    |
   ~ Rgb(58, 58, 58)/Rgb(15, 15, 15)/NONE×11; Rgb(139, 148, 158)/Rgb(15, 15, 15)/NONE×1; Rgb(212, 212, 212)/Rgb(15, 15, 15)/NONE×68
11|                                                                                |
   ~ Rgb(212, 212, 212)/Rgb(15, 15, 15)/NONE×80
12|                                                                                |
   ~ Rgb(212, 212, 212)/Rgb(15, 15, 15)/NONE×80
13|                                                                                |
   ~ Rgb(212, 212, 212)/Rgb(15, 15, 15)/NONE×80
14|                                                                                |
   ~ Rgb(212, 212, 212)/Rgb(15, 15, 15)/NONE×80
15| ✳ Needs you — 1 ask · /inbox                                                   |
   ~ Rgb(212, 212, 212)/Rgb(15, 15, 15)/NONE×1; Rgb(217, 181, 68)/Rgb(15, 15, 15)/NONE×1; Rgb(139, 148, 158)/Rgb(15, 15, 15)/NONE×27; Rgb(212, 212, 212)/Rgb(15, 15, 15)/NONE×51
16|────────────────────────────────────────────────────────────────────────────────|
   ~ Rgb(255, 183, 87)/Rgb(15, 15, 15)/NONE×80
17|▏! Allow fs_edit — event_store.rs?                                              |
   ~ Rgb(255, 183, 87)/Rgb(39, 35, 21)/NONE×1; Rgb(255, 183, 87)/Rgb(39, 35, 21)/BOLD×33; Rgb(212, 212, 212)/Rgb(39, 35, 21)/NONE×46
18|▏diff above — ←→ hunks · ↑↓/PgUp/PgDn scroll · Tab cycles the decision          |
   ~ Rgb(255, 183, 87)/Rgb(39, 35, 21)/NONE×1; Rgb(139, 148, 158)/Rgb(39, 35, 21)/NONE×69; Rgb(212, 212, 212)/Rgb(39, 35, 21)/NONE×10
19| ❯ 1. Allow once — Run only this exact requested effect.                        |
   ~ Rgb(58, 58, 58)/Rgb(39, 39, 39)/NONE×1; Rgb(217, 181, 68)/Rgb(39, 39, 39)/NONE×2; Rgb(242, 242, 242)/Rgb(39, 39, 39)/NONE×13; Rgb(139, 148, 158)/Rgb(39, 39, 39)/NONE×40; Rgb(242, 242, 242)/Rgb(39, 39, 39)/NONE×24
20|   2. Deny                                                                      |
   ~ Rgb(58, 58, 58)/Rgb(39, 35, 21)/NONE×1; Rgb(217, 181, 68)/Rgb(39, 35, 21)/NONE×2; Rgb(255, 133, 119)/Rgb(39, 35, 21)/NONE×7; Rgb(212, 212, 212)/Rgb(39, 35, 21)/NONE×70
21| ←→ hunks · ↑↓ scroll · Tab decision · ⏎ apply · 1-2 quick                      |
   ~ Rgb(58, 58, 58)/Rgb(39, 35, 21)/NONE×58; Rgb(212, 212, 212)/Rgb(39, 35, 21)/NONE×22
22|────────────────────────────────────────────────────────────────────────────────|
   ~ Rgb(68, 68, 68)/Rgb(15, 15, 15)/NONE×80
23| [ ? PERMISSION_REQUIRED ]  0 tok · ▱▱▱▱▱▱▱▱▱▱ 0% of 200k  · main               |
   ~ Rgb(212, 212, 212)/Rgb(15, 15, 15)/NONE×1; Rgb(255, 183, 87)/Rgb(15, 15, 15)/NONE×25; Rgb(139, 148, 158)/Rgb(15, 15, 15)/NONE×33; Rgb(212, 212, 212)/Rgb(15, 15, 15)/NONE×21
