# tuivirt golden · long_wrapped_lines · 80x24
00|[ ← main ]     ▄▄  ██   ▄▄  ▀▀▀▀▀██▄  haider v<VERSION> · ~/dev/enterprise-suite  |
   ~ Rgb(68, 68, 68)/Rgb(15, 15, 15)/NONE×2; Rgb(139, 148, 158)/Rgb(15, 15, 15)/NONE×6; Rgb(68, 68, 68)/Rgb(15, 15, 15)/NONE×2; Rgb(212, 212, 212)/Rgb(15, 15, 15)/NONE×5; Rgb(229, 122, 74)/Rgb(15, 15, 15)/BOLD×2; Rgb(212, 212, 212)/Rgb(15, 15, 15)/NONE×2; Rgb(229, 122, 74)/Rgb(15, 15, 15)/BOLD×2; Rgb(212, 212, 212)/Rgb(15, 15, 15)/NONE×3; Rgb(229, 122, 74)/Rgb(15, 15, 15)/BOLD×2; Rgb(212, 212, 212)/Rgb(15, 15, 15)/NONE×2; Rgb(229, 122, 74)/Rgb(15, 15, 15)/BOLD×8; Rgb(212, 212, 212)/Rgb(15, 15, 15)/NONE×2; Rgb(217, 181, 68)/Rgb(15, 15, 15)/BOLD×6; Rgb(139, 148, 158)/Rgb(15, 15, 15)/NONE×9; Rgb(242, 242, 242)/Rgb(15, 15, 15)/NONE×25; Rgb(212, 212, 212)/Rgb(15, 15, 15)/NONE×2
01|            ▄▄█▀  ▀▀▀▀▀▀▀▀▀▀▀▀▀▀▀▀▀▀  session ▸   · branch main · test-lion-box |
   ~ Rgb(212, 212, 212)/Rgb(15, 15, 15)/NONE×12; Rgb(229, 122, 74)/Rgb(15, 15, 15)/BOLD×4; Rgb(212, 212, 212)/Rgb(15, 15, 15)/NONE×2; Rgb(229, 122, 74)/Rgb(15, 15, 15)/BOLD×4; Rgb(229, 122, 74)/Rgb(217, 181, 68)/BOLD×2; Rgb(229, 122, 74)/Rgb(15, 15, 15)/BOLD×2; Rgb(229, 122, 74)/Rgb(217, 181, 68)/BOLD×2; Rgb(229, 122, 74)/Rgb(15, 15, 15)/BOLD×8; Rgb(212, 212, 212)/Rgb(15, 15, 15)/NONE×2; Rgb(139, 148, 158)/Rgb(15, 15, 15)/NONE×7; Rgb(217, 181, 68)/Rgb(15, 15, 15)/NONE×4; Rgb(139, 148, 158)/Rgb(15, 15, 15)/NONE×30; Rgb(212, 212, 212)/Rgb(15, 15, 15)/NONE×1
02|────────────────────────────────────────────────────────────────────────────────|
   ~ Rgb(68, 68, 68)/Rgb(15, 15, 15)/NONE×80
03| ▏ single very long logical line, clause 34 of a single very long logical line, |
   ~ Rgb(212, 212, 212)/Rgb(15, 15, 15)/NONE×1; Rgb(39, 35, 21)/Rgb(15, 15, 15)/NONE×2; Rgb(212, 212, 212)/Rgb(15, 15, 15)/NONE×77
04| ▏ clause 35 of a single very long logical line, clause 36 of a single very long|
   ~ Rgb(212, 212, 212)/Rgb(15, 15, 15)/NONE×1; Rgb(39, 35, 21)/Rgb(15, 15, 15)/NONE×2; Rgb(212, 212, 212)/Rgb(15, 15, 15)/NONE×77
05| ▏  logical line, clause 37 of a single very long logical line, clause 38 of a  |
   ~ Rgb(212, 212, 212)/Rgb(15, 15, 15)/NONE×1; Rgb(39, 35, 21)/Rgb(15, 15, 15)/NONE×2; Rgb(212, 212, 212)/Rgb(15, 15, 15)/NONE×77
06| ▏ single very long logical line, clause 39 of a single very long logical line, |
   ~ Rgb(212, 212, 212)/Rgb(15, 15, 15)/NONE×1; Rgb(39, 35, 21)/Rgb(15, 15, 15)/NONE×2; Rgb(212, 212, 212)/Rgb(15, 15, 15)/NONE×77
07| ▏ end.                                                                         |
   ~ Rgb(212, 212, 212)/Rgb(15, 15, 15)/NONE×1; Rgb(39, 35, 21)/Rgb(15, 15, 15)/NONE×2; Rgb(212, 212, 212)/Rgb(15, 15, 15)/NONE×77
08| ▏                                                                              |
   ~ Rgb(212, 212, 212)/Rgb(15, 15, 15)/NONE×1; Rgb(39, 35, 21)/Rgb(15, 15, 15)/NONE×2; Rgb(212, 212, 212)/Rgb(15, 15, 15)/NONE×77
09| ▏ https://example.invalid/segment/segment/segment/segment/segment/segment/segme|
   ~ Rgb(212, 212, 212)/Rgb(15, 15, 15)/NONE×1; Rgb(39, 35, 21)/Rgb(15, 15, 15)/NONE×2; Rgb(212, 212, 212)/Rgb(15, 15, 15)/NONE×77
10| ▏ nt/segment/segment/segment/segment/segment/segment/segment/segment/segment/se|
   ~ Rgb(212, 212, 212)/Rgb(15, 15, 15)/NONE×1; Rgb(39, 35, 21)/Rgb(15, 15, 15)/NONE×2; Rgb(212, 212, 212)/Rgb(15, 15, 15)/NONE×77
11| ▏ gment/segment/segment/segment/segment/segment/segment/segment/segment/segment|
   ~ Rgb(212, 212, 212)/Rgb(15, 15, 15)/NONE×1; Rgb(39, 35, 21)/Rgb(15, 15, 15)/NONE×2; Rgb(212, 212, 212)/Rgb(15, 15, 15)/NONE×77
12| ▏ /segment/segment/segment/segment/segment/segment/segment/segment/segment/segm|
   ~ Rgb(212, 212, 212)/Rgb(15, 15, 15)/NONE×1; Rgb(39, 35, 21)/Rgb(15, 15, 15)/NONE×2; Rgb(212, 212, 212)/Rgb(15, 15, 15)/NONE×77
13| ▏ ent/segment/segment/segment/segment/segment/segment/segment/segment/segment/s|
   ~ Rgb(212, 212, 212)/Rgb(15, 15, 15)/NONE×1; Rgb(39, 35, 21)/Rgb(15, 15, 15)/NONE×2; Rgb(212, 212, 212)/Rgb(15, 15, 15)/NONE×77
14| ▏ egment/segment/segment/segment/segment/segment/segment/segment/segment/segmen|
   ~ Rgb(212, 212, 212)/Rgb(15, 15, 15)/NONE×1; Rgb(39, 35, 21)/Rgb(15, 15, 15)/NONE×2; Rgb(212, 212, 212)/Rgb(15, 15, 15)/NONE×77
15| ▏ t/segment/segment/segment/segment/segment//end                               |
   ~ Rgb(212, 212, 212)/Rgb(15, 15, 15)/NONE×1; Rgb(39, 35, 21)/Rgb(15, 15, 15)/NONE×2; Rgb(212, 212, 212)/Rgb(15, 15, 15)/NONE×77
16| ▏                                                                              |
   ~ Rgb(212, 212, 212)/Rgb(15, 15, 15)/NONE×1; Rgb(39, 35, 21)/Rgb(15, 15, 15)/NONE×2; Rgb(212, 212, 212)/Rgb(15, 15, 15)/NONE×77
17| ▏ short tail line                                                              |
   ~ Rgb(212, 212, 212)/Rgb(15, 15, 15)/NONE×1; Rgb(39, 35, 21)/Rgb(15, 15, 15)/NONE×2; Rgb(212, 212, 212)/Rgb(15, 15, 15)/NONE×77
18|                                                                                |
   ~ Rgb(212, 212, 212)/Rgb(15, 15, 15)/NONE×80
19|───────────────────────────────────────────────────────────────────── fable-5 ──|
   ~ Rgb(217, 181, 68)/Rgb(15, 15, 15)/NONE×69; Rgb(139, 148, 158)/Rgb(15, 15, 15)/NONE×9; Rgb(217, 181, 68)/Rgb(15, 15, 15)/NONE×2
20|  ❯   message haider — ⏎ send · ⇧⏎ newline · / commands · paste images/text     |
   ~ Rgb(242, 242, 242)/Rgb(26, 26, 26)/NONE×2; Rgb(217, 181, 68)/Rgb(26, 26, 26)/BOLD×2; Rgb(15, 15, 15)/Rgb(217, 181, 68)/NONE×1; Rgb(139, 148, 158)/Rgb(26, 26, 26)/NONE×70; Rgb(242, 242, 242)/Rgb(26, 26, 26)/NONE×5
21|────────────────────────────────────────────────────────────────────────────────|
   ~ Rgb(68, 68, 68)/Rgb(15, 15, 15)/NONE×80
22|                                                                                |
   ~ Rgb(212, 212, 212)/Rgb(15, 15, 15)/NONE×80
23| [ IDLE ]  0 tok · ▱▱▱▱▱▱▱▱▱▱ 0% of 200k  · main                                |
   ~ Rgb(212, 212, 212)/Rgb(15, 15, 15)/NONE×1; Rgb(68, 68, 68)/Rgb(15, 15, 15)/NONE×2; Rgb(139, 148, 158)/Rgb(15, 15, 15)/NONE×4; Rgb(68, 68, 68)/Rgb(15, 15, 15)/NONE×2; Rgb(139, 148, 158)/Rgb(15, 15, 15)/NONE×33; Rgb(212, 212, 212)/Rgb(15, 15, 15)/NONE×38
