# tuivirt golden · markdown_headings_lists · 160x50
00|[ ← main ]     ▄▄  ██   ▄▄  ▀▀▀▀▀██▄  haider v<VERSION> · ~/dev/enterprise-suite                                                      [ ◉ voice · whisper→openai ]|
   ~ Rgb(68, 68, 68)/Rgb(15, 15, 15)/NONE×2; Rgb(139, 148, 158)/Rgb(15, 15, 15)/NONE×6; Rgb(68, 68, 68)/Rgb(15, 15, 15)/NONE×2; Rgb(212, 212, 212)/Rgb(15, 15, 15)/NONE×5; Rgb(229, 122, 74)/Rgb(15, 15, 15)/BOLD×2; Rgb(212, 212, 212)/Rgb(15, 15, 15)/NONE×2; Rgb(229, 122, 74)/Rgb(15, 15, 15)/BOLD×2; Rgb(212, 212, 212)/Rgb(15, 15, 15)/NONE×3; Rgb(229, 122, 74)/Rgb(15, 15, 15)/BOLD×2; Rgb(212, 212, 212)/Rgb(15, 15, 15)/NONE×2; Rgb(229, 122, 74)/Rgb(15, 15, 15)/BOLD×8; Rgb(212, 212, 212)/Rgb(15, 15, 15)/NONE×2; Rgb(217, 181, 68)/Rgb(15, 15, 15)/BOLD×6; Rgb(139, 148, 158)/Rgb(15, 15, 15)/NONE×9; Rgb(242, 242, 242)/Rgb(15, 15, 15)/NONE×25; Rgb(212, 212, 212)/Rgb(15, 15, 15)/NONE×54; Rgb(68, 68, 68)/Rgb(15, 15, 15)/NONE×2; Rgb(217, 181, 68)/Rgb(15, 15, 15)/NONE×24; Rgb(68, 68, 68)/Rgb(15, 15, 15)/NONE×2
01|            ▄▄█▀  ▀▀▀▀▀▀▀▀▀▀▀▀▀▀▀▀▀▀  session ▸   · branch main · test-lion-box                                                                                 |
   ~ Rgb(212, 212, 212)/Rgb(15, 15, 15)/NONE×12; Rgb(229, 122, 74)/Rgb(15, 15, 15)/BOLD×4; Rgb(212, 212, 212)/Rgb(15, 15, 15)/NONE×2; Rgb(229, 122, 74)/Rgb(15, 15, 15)/BOLD×4; Rgb(229, 122, 74)/Rgb(217, 181, 68)/BOLD×2; Rgb(229, 122, 74)/Rgb(15, 15, 15)/BOLD×2; Rgb(229, 122, 74)/Rgb(217, 181, 68)/BOLD×2; Rgb(229, 122, 74)/Rgb(15, 15, 15)/BOLD×8; Rgb(212, 212, 212)/Rgb(15, 15, 15)/NONE×2; Rgb(139, 148, 158)/Rgb(15, 15, 15)/NONE×7; Rgb(217, 181, 68)/Rgb(15, 15, 15)/NONE×4; Rgb(139, 148, 158)/Rgb(15, 15, 15)/NONE×30; Rgb(212, 212, 212)/Rgb(15, 15, 15)/NONE×81
02|────────────────────────────────────────────────────────────────────────────────────────────────────────────────────────────────────────────────────────────────|
   ~ Rgb(68, 68, 68)/Rgb(15, 15, 15)/NONE×160
03|                                                                                                                                                                |
   ~ Rgb(212, 212, 212)/Rgb(15, 15, 15)/NONE×160
04| ❯ summarise the plan as markdown                                                                                                                               |
   ~ Rgb(212, 212, 212)/Rgb(15, 15, 15)/NONE×1; Rgb(229, 122, 74)/Rgb(15, 15, 15)/BOLD×2; Rgb(242, 242, 242)/Rgb(15, 15, 15)/NONE×30; Rgb(212, 212, 212)/Rgb(15, 15, 15)/NONE×127
05|                                                                                                                                                                |
   ~ Rgb(212, 212, 212)/Rgb(15, 15, 15)/NONE×160
06| ■ haider                                                                                                                                                       |
   ~ Rgb(212, 212, 212)/Rgb(15, 15, 15)/NONE×1; Rgb(217, 181, 68)/Rgb(15, 15, 15)/NONE×8; Rgb(212, 212, 212)/Rgb(15, 15, 15)/NONE×151
07| ▏ # Migration plan                                                                                                                                             |
   ~ Rgb(212, 212, 212)/Rgb(15, 15, 15)/NONE×1; Rgb(39, 35, 21)/Rgb(15, 15, 15)/NONE×2; Rgb(217, 181, 68)/Rgb(15, 15, 15)/NONE×2; Rgb(242, 242, 242)/Rgb(15, 15, 15)/BOLD×14; Rgb(212, 212, 212)/Rgb(15, 15, 15)/NONE×141
08| ▏                                                                                                                                                              |
   ~ Rgb(212, 212, 212)/Rgb(15, 15, 15)/NONE×1; Rgb(39, 35, 21)/Rgb(15, 15, 15)/NONE×2; Rgb(212, 212, 212)/Rgb(15, 15, 15)/NONE×157
09| ▏ A short intro paragraph with bold, emphasis and inline code.                                                                                                 |
   ~ Rgb(212, 212, 212)/Rgb(15, 15, 15)/NONE×1; Rgb(39, 35, 21)/Rgb(15, 15, 15)/NONE×2; Rgb(212, 212, 212)/Rgb(15, 15, 15)/NONE×29; Rgb(242, 242, 242)/Rgb(15, 15, 15)/BOLD×4; Rgb(212, 212, 212)/Rgb(15, 15, 15)/NONE×2; Rgb(212, 212, 212)/Rgb(15, 15, 15)/ITALIC×8; Rgb(212, 212, 212)/Rgb(15, 15, 15)/NONE×5; Rgb(217, 181, 68)/Rgb(39, 35, 21)/NONE×11; Rgb(212, 212, 212)/Rgb(15, 15, 15)/NONE×98
10| ▏                                                                                                                                                              |
   ~ Rgb(212, 212, 212)/Rgb(15, 15, 15)/NONE×1; Rgb(39, 35, 21)/Rgb(15, 15, 15)/NONE×2; Rgb(212, 212, 212)/Rgb(15, 15, 15)/NONE×157
11| ▏ ## Steps                                                                                                                                                     |
   ~ Rgb(212, 212, 212)/Rgb(15, 15, 15)/NONE×1; Rgb(39, 35, 21)/Rgb(15, 15, 15)/NONE×2; Rgb(217, 181, 68)/Rgb(15, 15, 15)/NONE×3; Rgb(242, 242, 242)/Rgb(15, 15, 15)/BOLD×5; Rgb(212, 212, 212)/Rgb(15, 15, 15)/NONE×149
12| ▏                                                                                                                                                              |
   ~ Rgb(212, 212, 212)/Rgb(15, 15, 15)/NONE×1; Rgb(39, 35, 21)/Rgb(15, 15, 15)/NONE×2; Rgb(212, 212, 212)/Rgb(15, 15, 15)/NONE×157
13| ▏ - first bullet                                                                                                                                               |
   ~ Rgb(212, 212, 212)/Rgb(15, 15, 15)/NONE×1; Rgb(39, 35, 21)/Rgb(15, 15, 15)/NONE×2; Rgb(217, 181, 68)/Rgb(15, 15, 15)/NONE×2; Rgb(212, 212, 212)/Rgb(15, 15, 15)/NONE×155
14| ▏ - second bullet with a longer clause that should wrap at a narrow width and keep its hanging indent intact                                                   |
   ~ Rgb(212, 212, 212)/Rgb(15, 15, 15)/NONE×1; Rgb(39, 35, 21)/Rgb(15, 15, 15)/NONE×2; Rgb(217, 181, 68)/Rgb(15, 15, 15)/NONE×2; Rgb(212, 212, 212)/Rgb(15, 15, 15)/NONE×155
15| ▏   - nested bullet                                                                                                                                            |
   ~ Rgb(212, 212, 212)/Rgb(15, 15, 15)/NONE×1; Rgb(39, 35, 21)/Rgb(15, 15, 15)/NONE×2; Rgb(217, 181, 68)/Rgb(15, 15, 15)/NONE×4; Rgb(212, 212, 212)/Rgb(15, 15, 15)/NONE×153
16| ▏                                                                                                                                                              |
   ~ Rgb(212, 212, 212)/Rgb(15, 15, 15)/NONE×1; Rgb(39, 35, 21)/Rgb(15, 15, 15)/NONE×2; Rgb(212, 212, 212)/Rgb(15, 15, 15)/NONE×157
17| ▏ 1. numbered one                                                                                                                                              |
   ~ Rgb(212, 212, 212)/Rgb(15, 15, 15)/NONE×1; Rgb(39, 35, 21)/Rgb(15, 15, 15)/NONE×2; Rgb(217, 181, 68)/Rgb(15, 15, 15)/NONE×3; Rgb(212, 212, 212)/Rgb(15, 15, 15)/NONE×154
18| ▏ 2. numbered two                                                                                                                                              |
   ~ Rgb(212, 212, 212)/Rgb(15, 15, 15)/NONE×1; Rgb(39, 35, 21)/Rgb(15, 15, 15)/NONE×2; Rgb(217, 181, 68)/Rgb(15, 15, 15)/NONE×3; Rgb(212, 212, 212)/Rgb(15, 15, 15)/NONE×154
19| ▏ 3. numbered three                                                                                                                                            |
   ~ Rgb(212, 212, 212)/Rgb(15, 15, 15)/NONE×1; Rgb(39, 35, 21)/Rgb(15, 15, 15)/NONE×2; Rgb(217, 181, 68)/Rgb(15, 15, 15)/NONE×3; Rgb(212, 212, 212)/Rgb(15, 15, 15)/NONE×154
20| ▏                                                                                                                                                              |
   ~ Rgb(212, 212, 212)/Rgb(15, 15, 15)/NONE×1; Rgb(39, 35, 21)/Rgb(15, 15, 15)/NONE×2; Rgb(212, 212, 212)/Rgb(15, 15, 15)/NONE×157
21| ▏ ### Notes                                                                                                                                                    |
   ~ Rgb(212, 212, 212)/Rgb(15, 15, 15)/NONE×1; Rgb(39, 35, 21)/Rgb(15, 15, 15)/NONE×2; Rgb(217, 181, 68)/Rgb(15, 15, 15)/NONE×4; Rgb(242, 242, 242)/Rgb(15, 15, 15)/BOLD×5; Rgb(212, 212, 212)/Rgb(15, 15, 15)/NONE×148
22| ▏                                                                                                                                                              |
   ~ Rgb(212, 212, 212)/Rgb(15, 15, 15)/NONE×1; Rgb(39, 35, 21)/Rgb(15, 15, 15)/NONE×2; Rgb(212, 212, 212)/Rgb(15, 15, 15)/NONE×157
23| ▏ > a quoted line                                                                                                                                              |
   ~ Rgb(212, 212, 212)/Rgb(15, 15, 15)/NONE×1; Rgb(39, 35, 21)/Rgb(15, 15, 15)/NONE×2; Rgb(212, 212, 212)/Rgb(15, 15, 15)/NONE×157
24| ▏                                                                                                                                                              |
   ~ Rgb(212, 212, 212)/Rgb(15, 15, 15)/NONE×1; Rgb(39, 35, 21)/Rgb(15, 15, 15)/NONE×2; Rgb(212, 212, 212)/Rgb(15, 15, 15)/NONE×157
25| ▏ Trailing paragraph.                                                                                                                                          |
   ~ Rgb(212, 212, 212)/Rgb(15, 15, 15)/NONE×1; Rgb(39, 35, 21)/Rgb(15, 15, 15)/NONE×2; Rgb(212, 212, 212)/Rgb(15, 15, 15)/NONE×157
26|                                                                                                                                                                |
   ~ Rgb(212, 212, 212)/Rgb(15, 15, 15)/NONE×160
27|                                                                                                                                                                |
   ~ Rgb(212, 212, 212)/Rgb(15, 15, 15)/NONE×160
28|                                                                                                                                                                |
   ~ Rgb(212, 212, 212)/Rgb(15, 15, 15)/NONE×160
29|                                                                                                                                                                |
   ~ Rgb(212, 212, 212)/Rgb(15, 15, 15)/NONE×160
30|                                                                                                                                                                |
   ~ Rgb(212, 212, 212)/Rgb(15, 15, 15)/NONE×160
31|                                                                                                                                                                |
   ~ Rgb(212, 212, 212)/Rgb(15, 15, 15)/NONE×160
32|                                                                                                                                                                |
   ~ Rgb(212, 212, 212)/Rgb(15, 15, 15)/NONE×160
33|                                                                                                                                                                |
   ~ Rgb(212, 212, 212)/Rgb(15, 15, 15)/NONE×160
34|                                                                                                                                                                |
   ~ Rgb(212, 212, 212)/Rgb(15, 15, 15)/NONE×160
35|                                                                                                                                                                |
   ~ Rgb(212, 212, 212)/Rgb(15, 15, 15)/NONE×160
36|                                                                                                                                                                |
   ~ Rgb(212, 212, 212)/Rgb(15, 15, 15)/NONE×160
37|                                                                                                                                                                |
   ~ Rgb(212, 212, 212)/Rgb(15, 15, 15)/NONE×160
38|                                                                                                                                                                |
   ~ Rgb(212, 212, 212)/Rgb(15, 15, 15)/NONE×160
39|                                                                                                                                                                |
   ~ Rgb(212, 212, 212)/Rgb(15, 15, 15)/NONE×160
40|                                                                                                                                                                |
   ~ Rgb(212, 212, 212)/Rgb(15, 15, 15)/NONE×160
41|                                                                                                                                                                |
   ~ Rgb(212, 212, 212)/Rgb(15, 15, 15)/NONE×160
42|                                                                                                                                                                |
   ~ Rgb(212, 212, 212)/Rgb(15, 15, 15)/NONE×160
43|                                                                                                                                                                |
   ~ Rgb(212, 212, 212)/Rgb(15, 15, 15)/NONE×160
44|                                                                                                                                                                |
   ~ Rgb(212, 212, 212)/Rgb(15, 15, 15)/NONE×160
45|───────────────────────────────────────────────────────────────────────────────────────────────────────────────────────────────────────────────────── fable-5 ──|
   ~ Rgb(217, 181, 68)/Rgb(15, 15, 15)/NONE×149; Rgb(139, 148, 158)/Rgb(15, 15, 15)/NONE×9; Rgb(217, 181, 68)/Rgb(15, 15, 15)/NONE×2
46|  ❯   message haider — ⏎ send · ⇧⏎ newline · / commands · paste images/text                                                                         [ ◉ talk ]  |
   ~ Rgb(242, 242, 242)/Rgb(26, 26, 26)/NONE×2; Rgb(217, 181, 68)/Rgb(26, 26, 26)/BOLD×2; Rgb(15, 15, 15)/Rgb(217, 181, 68)/NONE×1; Rgb(139, 148, 158)/Rgb(26, 26, 26)/NONE×70; Rgb(242, 242, 242)/Rgb(26, 26, 26)/NONE×73; Rgb(68, 68, 68)/Rgb(26, 26, 26)/NONE×2; Rgb(217, 181, 68)/Rgb(26, 26, 26)/NONE×6; Rgb(68, 68, 68)/Rgb(26, 26, 26)/NONE×2; Rgb(242, 242, 242)/Rgb(26, 26, 26)/NONE×2
47|────────────────────────────────────────────────────────────────────────────────────────────────────────────────────────────────────────────────────────────────|
   ~ Rgb(68, 68, 68)/Rgb(15, 15, 15)/NONE×160
48|                                                                                                                                                                |
   ~ Rgb(212, 212, 212)/Rgb(15, 15, 15)/NONE×160
49| [ IDLE ]  0 tok · ▱▱▱▱▱▱▱▱▱▱ 0% of 200k  · main                                                                                                                |
   ~ Rgb(212, 212, 212)/Rgb(15, 15, 15)/NONE×1; Rgb(68, 68, 68)/Rgb(15, 15, 15)/NONE×2; Rgb(139, 148, 158)/Rgb(15, 15, 15)/NONE×4; Rgb(68, 68, 68)/Rgb(15, 15, 15)/NONE×2; Rgb(139, 148, 158)/Rgb(15, 15, 15)/NONE×33; Rgb(212, 212, 212)/Rgb(15, 15, 15)/NONE×118
