# tuivirt golden · megabyte_reply_tail · 80x24
00|[ ← main ]     ▄▄  ██   ▄▄  ▀▀▀▀▀██▄  haider v<VERSION> · ~/dev/enterprise-suite  |
   ~ Rgb(68, 68, 68)/Rgb(15, 15, 15)/NONE×2; Rgb(139, 148, 158)/Rgb(15, 15, 15)/NONE×6; Rgb(68, 68, 68)/Rgb(15, 15, 15)/NONE×2; Rgb(212, 212, 212)/Rgb(15, 15, 15)/NONE×5; Rgb(229, 122, 74)/Rgb(15, 15, 15)/BOLD×2; Rgb(212, 212, 212)/Rgb(15, 15, 15)/NONE×2; Rgb(229, 122, 74)/Rgb(15, 15, 15)/BOLD×2; Rgb(212, 212, 212)/Rgb(15, 15, 15)/NONE×3; Rgb(229, 122, 74)/Rgb(15, 15, 15)/BOLD×2; Rgb(212, 212, 212)/Rgb(15, 15, 15)/NONE×2; Rgb(229, 122, 74)/Rgb(15, 15, 15)/BOLD×8; Rgb(212, 212, 212)/Rgb(15, 15, 15)/NONE×2; Rgb(217, 181, 68)/Rgb(15, 15, 15)/BOLD×6; Rgb(139, 148, 158)/Rgb(15, 15, 15)/NONE×9; Rgb(242, 242, 242)/Rgb(15, 15, 15)/NONE×25; Rgb(212, 212, 212)/Rgb(15, 15, 15)/NONE×2
01|            ▄▄█▀  ▀▀▀▀▀▀▀▀▀▀▀▀▀▀▀▀▀▀  session ▸   · branch main · test-lion-box |
   ~ Rgb(212, 212, 212)/Rgb(15, 15, 15)/NONE×12; Rgb(229, 122, 74)/Rgb(15, 15, 15)/BOLD×4; Rgb(212, 212, 212)/Rgb(15, 15, 15)/NONE×2; Rgb(229, 122, 74)/Rgb(15, 15, 15)/BOLD×4; Rgb(229, 122, 74)/Rgb(217, 181, 68)/BOLD×2; Rgb(229, 122, 74)/Rgb(15, 15, 15)/BOLD×2; Rgb(229, 122, 74)/Rgb(217, 181, 68)/BOLD×2; Rgb(229, 122, 74)/Rgb(15, 15, 15)/BOLD×8; Rgb(212, 212, 212)/Rgb(15, 15, 15)/NONE×2; Rgb(139, 148, 158)/Rgb(15, 15, 15)/NONE×7; Rgb(217, 181, 68)/Rgb(15, 15, 15)/NONE×4; Rgb(139, 148, 158)/Rgb(15, 15, 15)/NONE×30; Rgb(212, 212, 212)/Rgb(15, 15, 15)/NONE×1
02|────────────────────────────────────────────────────────────────────────────────|
   ~ Rgb(68, 68, 68)/Rgb(15, 15, 15)/NONE×80
03| ▏ 08316 the quick brown fox jumps over the lazy dog — lorem ipsum dolor sit    |
   ~ Rgb(212, 212, 212)/Rgb(15, 15, 15)/NONE×1; Rgb(39, 35, 21)/Rgb(15, 15, 15)/NONE×2; Rgb(212, 212, 212)/Rgb(15, 15, 15)/NONE×77
04| ▏ amet, consectetur adipiscing elit, sed do eiusmod                            |
   ~ Rgb(212, 212, 212)/Rgb(15, 15, 15)/NONE×1; Rgb(39, 35, 21)/Rgb(15, 15, 15)/NONE×2; Rgb(212, 212, 212)/Rgb(15, 15, 15)/NONE×77
05| ▏ 08317 the quick brown fox jumps over the lazy dog — lorem ipsum dolor sit    |
   ~ Rgb(212, 212, 212)/Rgb(15, 15, 15)/NONE×1; Rgb(39, 35, 21)/Rgb(15, 15, 15)/NONE×2; Rgb(212, 212, 212)/Rgb(15, 15, 15)/NONE×77
06| ▏ amet, consectetur adipiscing elit, sed do eiusmod                            |
   ~ Rgb(212, 212, 212)/Rgb(15, 15, 15)/NONE×1; Rgb(39, 35, 21)/Rgb(15, 15, 15)/NONE×2; Rgb(212, 212, 212)/Rgb(15, 15, 15)/NONE×77
07| ▏ 08318 the quick brown fox jumps over the lazy dog — lorem ipsum dolor sit    |
   ~ Rgb(212, 212, 212)/Rgb(15, 15, 15)/NONE×1; Rgb(39, 35, 21)/Rgb(15, 15, 15)/NONE×2; Rgb(212, 212, 212)/Rgb(15, 15, 15)/NONE×77
08| ▏ amet, consectetur adipiscing elit, sed do eiusmod                            |
   ~ Rgb(212, 212, 212)/Rgb(15, 15, 15)/NONE×1; Rgb(39, 35, 21)/Rgb(15, 15, 15)/NONE×2; Rgb(212, 212, 212)/Rgb(15, 15, 15)/NONE×77
09| ▏ 08319 the quick brown fox jumps over the lazy dog — lorem ipsum dolor sit    |
   ~ Rgb(212, 212, 212)/Rgb(15, 15, 15)/NONE×1; Rgb(39, 35, 21)/Rgb(15, 15, 15)/NONE×2; Rgb(212, 212, 212)/Rgb(15, 15, 15)/NONE×77
10| ▏ amet, consectetur adipiscing elit, sed do eiusmod                            |
   ~ Rgb(212, 212, 212)/Rgb(15, 15, 15)/NONE×1; Rgb(39, 35, 21)/Rgb(15, 15, 15)/NONE×2; Rgb(212, 212, 212)/Rgb(15, 15, 15)/NONE×77
11| ▏ 08320 the quick brown fox jumps over the lazy dog — lorem ipsum dolor sit    |
   ~ Rgb(212, 212, 212)/Rgb(15, 15, 15)/NONE×1; Rgb(39, 35, 21)/Rgb(15, 15, 15)/NONE×2; Rgb(212, 212, 212)/Rgb(15, 15, 15)/NONE×77
12| ▏ amet, consectetur adipiscing elit, sed do eiusmod                            |
   ~ Rgb(212, 212, 212)/Rgb(15, 15, 15)/NONE×1; Rgb(39, 35, 21)/Rgb(15, 15, 15)/NONE×2; Rgb(212, 212, 212)/Rgb(15, 15, 15)/NONE×77
13| ▏ 08321 the quick brown fox jumps over the lazy dog — lorem ipsum dolor sit    |
   ~ Rgb(212, 212, 212)/Rgb(15, 15, 15)/NONE×1; Rgb(39, 35, 21)/Rgb(15, 15, 15)/NONE×2; Rgb(212, 212, 212)/Rgb(15, 15, 15)/NONE×77
14| ▏ amet, consectetur adipiscing elit, sed do eiusmod                            |
   ~ Rgb(212, 212, 212)/Rgb(15, 15, 15)/NONE×1; Rgb(39, 35, 21)/Rgb(15, 15, 15)/NONE×2; Rgb(212, 212, 212)/Rgb(15, 15, 15)/NONE×77
15| ▏ 08322 the quick brown fox jumps over the lazy dog — lorem ipsum dolor sit    |
   ~ Rgb(212, 212, 212)/Rgb(15, 15, 15)/NONE×1; Rgb(39, 35, 21)/Rgb(15, 15, 15)/NONE×2; Rgb(212, 212, 212)/Rgb(15, 15, 15)/NONE×77
16| ▏ amet, consectetur adipiscing elit, sed do eiusmod                            |
   ~ Rgb(212, 212, 212)/Rgb(15, 15, 15)/NONE×1; Rgb(39, 35, 21)/Rgb(15, 15, 15)/NONE×2; Rgb(212, 212, 212)/Rgb(15, 15, 15)/NONE×77
17| ▏                                                                              |
   ~ Rgb(212, 212, 212)/Rgb(15, 15, 15)/NONE×1; Rgb(39, 35, 21)/Rgb(15, 15, 15)/NONE×2; Rgb(212, 212, 212)/Rgb(15, 15, 15)/NONE×77
18|                                                                                |
   ~ Rgb(212, 212, 212)/Rgb(15, 15, 15)/NONE×80
19|───────────────────────────────────────────────────────────────────── fable-5 ──|
   ~ Rgb(217, 181, 68)/Rgb(15, 15, 15)/NONE×69; Rgb(139, 148, 158)/Rgb(15, 15, 15)/NONE×9; Rgb(217, 181, 68)/Rgb(15, 15, 15)/NONE×2
20|  ❯   message haider — ⏎ send · ⇧⏎ newline · / commands · paste images/text     |
   ~ Rgb(242, 242, 242)/Rgb(26, 26, 26)/NONE×2; Rgb(217, 181, 68)/Rgb(26, 26, 26)/BOLD×2; Rgb(15, 15, 15)/Rgb(217, 181, 68)/NONE×1; Rgb(139, 148, 158)/Rgb(26, 26, 26)/NONE×70; Rgb(242, 242, 242)/Rgb(26, 26, 26)/NONE×5
21|────────────────────────────────────────────────────────────────────────────────|
   ~ Rgb(68, 68, 68)/Rgb(15, 15, 15)/NONE×80
22|                                                                                |
   ~ Rgb(212, 212, 212)/Rgb(15, 15, 15)/NONE×80
23| [ IDLE ]  0 tok · ▱▱▱▱▱▱▱▱▱▱ 0% of 200k  · main                                |
   ~ Rgb(212, 212, 212)/Rgb(15, 15, 15)/NONE×1; Rgb(68, 68, 68)/Rgb(15, 15, 15)/NONE×2; Rgb(139, 148, 158)/Rgb(15, 15, 15)/NONE×4; Rgb(68, 68, 68)/Rgb(15, 15, 15)/NONE×2; Rgb(139, 148, 158)/Rgb(15, 15, 15)/NONE×33; Rgb(212, 212, 212)/Rgb(15, 15, 15)/NONE×38
