# tuivirt golden · megabyte_reply_top · 118x36
00|[ ← main ]     ▄▄  ██   ▄▄  ▀▀▀▀▀██▄  haider v<VERSION> · ~/dev/enterprise-suite            [ ◉ voice · whisper→openai ]|
   ~ Rgb(68, 68, 68)/Rgb(15, 15, 15)/NONE×2; Rgb(139, 148, 158)/Rgb(15, 15, 15)/NONE×6; Rgb(68, 68, 68)/Rgb(15, 15, 15)/NONE×2; Rgb(212, 212, 212)/Rgb(15, 15, 15)/NONE×5; Rgb(229, 122, 74)/Rgb(15, 15, 15)/BOLD×2; Rgb(212, 212, 212)/Rgb(15, 15, 15)/NONE×2; Rgb(229, 122, 74)/Rgb(15, 15, 15)/BOLD×2; Rgb(212, 212, 212)/Rgb(15, 15, 15)/NONE×3; Rgb(229, 122, 74)/Rgb(15, 15, 15)/BOLD×2; Rgb(212, 212, 212)/Rgb(15, 15, 15)/NONE×2; Rgb(229, 122, 74)/Rgb(15, 15, 15)/BOLD×8; Rgb(212, 212, 212)/Rgb(15, 15, 15)/NONE×2; Rgb(217, 181, 68)/Rgb(15, 15, 15)/BOLD×6; Rgb(139, 148, 158)/Rgb(15, 15, 15)/NONE×9; Rgb(242, 242, 242)/Rgb(15, 15, 15)/NONE×25; Rgb(212, 212, 212)/Rgb(15, 15, 15)/NONE×12; Rgb(68, 68, 68)/Rgb(15, 15, 15)/NONE×2; Rgb(217, 181, 68)/Rgb(15, 15, 15)/NONE×24; Rgb(68, 68, 68)/Rgb(15, 15, 15)/NONE×2
01|            ▄▄█▀  ▀▀▀▀▀▀▀▀▀▀▀▀▀▀▀▀▀▀  session ▸   · branch main · test-lion-box                                       |
   ~ Rgb(212, 212, 212)/Rgb(15, 15, 15)/NONE×12; Rgb(229, 122, 74)/Rgb(15, 15, 15)/BOLD×4; Rgb(212, 212, 212)/Rgb(15, 15, 15)/NONE×2; Rgb(229, 122, 74)/Rgb(15, 15, 15)/BOLD×4; Rgb(229, 122, 74)/Rgb(217, 181, 68)/BOLD×2; Rgb(229, 122, 74)/Rgb(15, 15, 15)/BOLD×2; Rgb(229, 122, 74)/Rgb(217, 181, 68)/BOLD×2; Rgb(229, 122, 74)/Rgb(15, 15, 15)/BOLD×8; Rgb(212, 212, 212)/Rgb(15, 15, 15)/NONE×2; Rgb(139, 148, 158)/Rgb(15, 15, 15)/NONE×7; Rgb(217, 181, 68)/Rgb(15, 15, 15)/NONE×4; Rgb(139, 148, 158)/Rgb(15, 15, 15)/NONE×30; Rgb(212, 212, 212)/Rgb(15, 15, 15)/NONE×39
02|──────────────────────────────────────────────────────────────────────────────────────────────────────────────────────|
   ~ Rgb(68, 68, 68)/Rgb(15, 15, 15)/NONE×118
03|                                                                                                                      |
   ~ Rgb(212, 212, 212)/Rgb(15, 15, 15)/NONE×118
04| ❯ dump the whole log                                                                                                 |
   ~ Rgb(212, 212, 212)/Rgb(15, 15, 15)/NONE×1; Rgb(229, 122, 74)/Rgb(15, 15, 15)/BOLD×2; Rgb(242, 242, 242)/Rgb(15, 15, 15)/NONE×18; Rgb(212, 212, 212)/Rgb(15, 15, 15)/NONE×97
05|                                                                                                                      |
   ~ Rgb(212, 212, 212)/Rgb(15, 15, 15)/NONE×118
06| ■ haider                                                                                                             |
   ~ Rgb(212, 212, 212)/Rgb(15, 15, 15)/NONE×1; Rgb(217, 181, 68)/Rgb(15, 15, 15)/NONE×8; Rgb(212, 212, 212)/Rgb(15, 15, 15)/NONE×109
07| ▏ 00000 the quick brown fox jumps over the lazy dog — lorem ipsum dolor sit amet, consectetur adipiscing elit, sed do|
   ~ Rgb(212, 212, 212)/Rgb(15, 15, 15)/NONE×1; Rgb(39, 35, 21)/Rgb(15, 15, 15)/NONE×2; Rgb(212, 212, 212)/Rgb(15, 15, 15)/NONE×115
08| ▏  eiusmod                                                                                                           |
   ~ Rgb(212, 212, 212)/Rgb(15, 15, 15)/NONE×1; Rgb(39, 35, 21)/Rgb(15, 15, 15)/NONE×2; Rgb(212, 212, 212)/Rgb(15, 15, 15)/NONE×115
09| ▏ 00001 the quick brown fox jumps over the lazy dog — lorem ipsum dolor sit amet, consectetur adipiscing elit, sed do|
   ~ Rgb(212, 212, 212)/Rgb(15, 15, 15)/NONE×1; Rgb(39, 35, 21)/Rgb(15, 15, 15)/NONE×2; Rgb(212, 212, 212)/Rgb(15, 15, 15)/NONE×115
10| ▏  eiusmod                                                                                                           |
   ~ Rgb(212, 212, 212)/Rgb(15, 15, 15)/NONE×1; Rgb(39, 35, 21)/Rgb(15, 15, 15)/NONE×2; Rgb(212, 212, 212)/Rgb(15, 15, 15)/NONE×115
11| ▏ 00002 the quick brown fox jumps over the lazy dog — lorem ipsum dolor sit amet, consectetur adipiscing elit, sed do|
   ~ Rgb(212, 212, 212)/Rgb(15, 15, 15)/NONE×1; Rgb(39, 35, 21)/Rgb(15, 15, 15)/NONE×2; Rgb(212, 212, 212)/Rgb(15, 15, 15)/NONE×115
12| ▏  eiusmod                                                                                                           |
   ~ Rgb(212, 212, 212)/Rgb(15, 15, 15)/NONE×1; Rgb(39, 35, 21)/Rgb(15, 15, 15)/NONE×2; Rgb(212, 212, 212)/Rgb(15, 15, 15)/NONE×115
13| ▏ 00003 the quick brown fox jumps over the lazy dog — lorem ipsum dolor sit amet, consectetur adipiscing elit, sed do|
   ~ Rgb(212, 212, 212)/Rgb(15, 15, 15)/NONE×1; Rgb(39, 35, 21)/Rgb(15, 15, 15)/NONE×2; Rgb(212, 212, 212)/Rgb(15, 15, 15)/NONE×115
14| ▏  eiusmod                                                                                                           |
   ~ Rgb(212, 212, 212)/Rgb(15, 15, 15)/NONE×1; Rgb(39, 35, 21)/Rgb(15, 15, 15)/NONE×2; Rgb(212, 212, 212)/Rgb(15, 15, 15)/NONE×115
15| ▏ 00004 the quick brown fox jumps over the lazy dog — lorem ipsum dolor sit amet, consectetur adipiscing elit, sed do|
   ~ Rgb(212, 212, 212)/Rgb(15, 15, 15)/NONE×1; Rgb(39, 35, 21)/Rgb(15, 15, 15)/NONE×2; Rgb(212, 212, 212)/Rgb(15, 15, 15)/NONE×115
16| ▏  eiusmod                                                                                                           |
   ~ Rgb(212, 212, 212)/Rgb(15, 15, 15)/NONE×1; Rgb(39, 35, 21)/Rgb(15, 15, 15)/NONE×2; Rgb(212, 212, 212)/Rgb(15, 15, 15)/NONE×115
17| ▏ 00005 the quick brown fox jumps over the lazy dog — lorem ipsum dolor sit amet, consectetur adipiscing elit, sed do|
   ~ Rgb(212, 212, 212)/Rgb(15, 15, 15)/NONE×1; Rgb(39, 35, 21)/Rgb(15, 15, 15)/NONE×2; Rgb(212, 212, 212)/Rgb(15, 15, 15)/NONE×115
18| ▏  eiusmod                                                                                                           |
   ~ Rgb(212, 212, 212)/Rgb(15, 15, 15)/NONE×1; Rgb(39, 35, 21)/Rgb(15, 15, 15)/NONE×2; Rgb(212, 212, 212)/Rgb(15, 15, 15)/NONE×115
19| ▏ 00006 the quick brown fox jumps over the lazy dog — lorem ipsum dolor sit amet, consectetur adipiscing elit, sed do|
   ~ Rgb(212, 212, 212)/Rgb(15, 15, 15)/NONE×1; Rgb(39, 35, 21)/Rgb(15, 15, 15)/NONE×2; Rgb(212, 212, 212)/Rgb(15, 15, 15)/NONE×115
20| ▏  eiusmod                                                                                                           |
   ~ Rgb(212, 212, 212)/Rgb(15, 15, 15)/NONE×1; Rgb(39, 35, 21)/Rgb(15, 15, 15)/NONE×2; Rgb(212, 212, 212)/Rgb(15, 15, 15)/NONE×115
21| ▏ 00007 the quick brown fox jumps over the lazy dog — lorem ipsum dolor sit amet, consectetur adipiscing elit, sed do|
   ~ Rgb(212, 212, 212)/Rgb(15, 15, 15)/NONE×1; Rgb(39, 35, 21)/Rgb(15, 15, 15)/NONE×2; Rgb(212, 212, 212)/Rgb(15, 15, 15)/NONE×115
22| ▏  eiusmod                                                                                                           |
   ~ Rgb(212, 212, 212)/Rgb(15, 15, 15)/NONE×1; Rgb(39, 35, 21)/Rgb(15, 15, 15)/NONE×2; Rgb(212, 212, 212)/Rgb(15, 15, 15)/NONE×115
23| ▏ 00008 the quick brown fox jumps over the lazy dog — lorem ipsum dolor sit amet, consectetur adipiscing elit, sed do|
   ~ Rgb(212, 212, 212)/Rgb(15, 15, 15)/NONE×1; Rgb(39, 35, 21)/Rgb(15, 15, 15)/NONE×2; Rgb(212, 212, 212)/Rgb(15, 15, 15)/NONE×115
24| ▏  eiusmod                                                                                                           |
   ~ Rgb(212, 212, 212)/Rgb(15, 15, 15)/NONE×1; Rgb(39, 35, 21)/Rgb(15, 15, 15)/NONE×2; Rgb(212, 212, 212)/Rgb(15, 15, 15)/NONE×115
25| ▏ 00009 the quick brown fox jumps over the lazy dog — lorem ipsum dolor sit amet, consectetur adipiscing elit, sed do|
   ~ Rgb(212, 212, 212)/Rgb(15, 15, 15)/NONE×1; Rgb(39, 35, 21)/Rgb(15, 15, 15)/NONE×2; Rgb(212, 212, 212)/Rgb(15, 15, 15)/NONE×115
26| ▏  eiusmod                                                                                                           |
   ~ Rgb(212, 212, 212)/Rgb(15, 15, 15)/NONE×1; Rgb(39, 35, 21)/Rgb(15, 15, 15)/NONE×2; Rgb(212, 212, 212)/Rgb(15, 15, 15)/NONE×115
27| ▏ 00010 the quick brown fox jumps over the lazy dog — lorem ipsum dolor sit amet, consectetur adipiscing elit, sed do|
   ~ Rgb(212, 212, 212)/Rgb(15, 15, 15)/NONE×1; Rgb(39, 35, 21)/Rgb(15, 15, 15)/NONE×2; Rgb(212, 212, 212)/Rgb(15, 15, 15)/NONE×115
28| ▏  eiusmod                                                                                                           |
   ~ Rgb(212, 212, 212)/Rgb(15, 15, 15)/NONE×1; Rgb(39, 35, 21)/Rgb(15, 15, 15)/NONE×2; Rgb(212, 212, 212)/Rgb(15, 15, 15)/NONE×115
29| ▏ 00011 the quick brown fox jumps over the lazy dog — lorem ipsum dolor sit amet, consectetur adipiscing elit, sed do|
   ~ Rgb(212, 212, 212)/Rgb(15, 15, 15)/NONE×1; Rgb(39, 35, 21)/Rgb(15, 15, 15)/NONE×2; Rgb(212, 212, 212)/Rgb(15, 15, 15)/NONE×115
30| ▏  eiusmod                                                                                          Jump to bottom ↓ |
   ~ Rgb(212, 212, 212)/Rgb(15, 15, 15)/NONE×1; Rgb(39, 35, 21)/Rgb(15, 15, 15)/NONE×2; Rgb(212, 212, 212)/Rgb(15, 15, 15)/NONE×97; Rgb(242, 242, 242)/Rgb(25, 25, 25)/UNDERLINED×18
31|─────────────────────────────────────────────────────────────────────────────────────────────────────────── fable-5 ──|
   ~ Rgb(217, 181, 68)/Rgb(15, 15, 15)/NONE×107; Rgb(139, 148, 158)/Rgb(15, 15, 15)/NONE×9; Rgb(217, 181, 68)/Rgb(15, 15, 15)/NONE×2
32|  ❯   message haider — ⏎ send · ⇧⏎ newline · / commands · paste images/text                               [ ◉ talk ]  |
   ~ Rgb(242, 242, 242)/Rgb(26, 26, 26)/NONE×2; Rgb(217, 181, 68)/Rgb(26, 26, 26)/BOLD×2; Rgb(15, 15, 15)/Rgb(217, 181, 68)/NONE×1; Rgb(139, 148, 158)/Rgb(26, 26, 26)/NONE×70; Rgb(242, 242, 242)/Rgb(26, 26, 26)/NONE×31; Rgb(68, 68, 68)/Rgb(26, 26, 26)/NONE×2; Rgb(217, 181, 68)/Rgb(26, 26, 26)/NONE×6; Rgb(68, 68, 68)/Rgb(26, 26, 26)/NONE×2; Rgb(242, 242, 242)/Rgb(26, 26, 26)/NONE×2
33|──────────────────────────────────────────────────────────────────────────────────────────────────────────────────────|
   ~ Rgb(68, 68, 68)/Rgb(15, 15, 15)/NONE×118
34|                                                                                                                      |
   ~ Rgb(212, 212, 212)/Rgb(15, 15, 15)/NONE×118
35| [ IDLE ]  0 tok · ▱▱▱▱▱▱▱▱▱▱ 0% of 200k  · main                                                                      |
   ~ Rgb(212, 212, 212)/Rgb(15, 15, 15)/NONE×1; Rgb(68, 68, 68)/Rgb(15, 15, 15)/NONE×2; Rgb(139, 148, 158)/Rgb(15, 15, 15)/NONE×4; Rgb(68, 68, 68)/Rgb(15, 15, 15)/NONE×2; Rgb(139, 148, 158)/Rgb(15, 15, 15)/NONE×33; Rgb(212, 212, 212)/Rgb(15, 15, 15)/NONE×76
