# tuivirt golden · monitors_overlay_states · 80x24
00|[ ← main ]     ▄▄  ██   ▄▄  ▀▀▀▀▀██▄  haider v<VERSION> · ~/dev/enterprise-suite  |
   ~ Rgb(68, 68, 68)/Rgb(15, 15, 15)/NONE×2; Rgb(139, 148, 158)/Rgb(15, 15, 15)/NONE×6; Rgb(68, 68, 68)/Rgb(15, 15, 15)/NONE×2; Rgb(212, 212, 212)/Rgb(15, 15, 15)/NONE×5; Rgb(229, 122, 74)/Rgb(15, 15, 15)/BOLD×2; Rgb(212, 212, 212)/Rgb(15, 15, 15)/NONE×2; Rgb(229, 122, 74)/Rgb(15, 15, 15)/BOLD×2; Rgb(212, 212, 212)/Rgb(15, 15, 15)/NONE×3; Rgb(229, 122, 74)/Rgb(15, 15, 15)/BOLD×2; Rgb(212, 212, 212)/Rgb(15, 15, 15)/NONE×2; Rgb(229, 122, 74)/Rgb(15, 15, 15)/BOLD×8; Rgb(212, 212, 212)/Rgb(15, 15, 15)/NONE×2; Rgb(217, 181, 68)/Rgb(15, 15, 15)/BOLD×6; Rgb(139, 148, 158)/Rgb(15, 15, 15)/NONE×9; Rgb(242, 242, 242)/Rgb(15, 15, 15)/NONE×25; Rgb(212, 212, 212)/Rgb(15, 15, 15)/NONE×2
01|            ▄▄█▀  ▀▀▀▀▀▀▀▀▀▀▀▀▀▀▀▀▀▀  session ▸   · branch main · test-lion-box |
   ~ Rgb(212, 212, 212)/Rgb(15, 15, 15)/NONE×12; Rgb(229, 122, 74)/Rgb(15, 15, 15)/BOLD×4; Rgb(212, 212, 212)/Rgb(15, 15, 15)/NONE×2; Rgb(229, 122, 74)/Rgb(15, 15, 15)/BOLD×4; Rgb(229, 122, 74)/Rgb(217, 181, 68)/BOLD×2; Rgb(229, 122, 74)/Rgb(15, 15, 15)/BOLD×2; Rgb(229, 122, 74)/Rgb(217, 181, 68)/BOLD×2; Rgb(229, 122, 74)/Rgb(15, 15, 15)/BOLD×8; Rgb(212, 212, 212)/Rgb(15, 15, 15)/NONE×2; Rgb(139, 148, 158)/Rgb(15, 15, 15)/NONE×7; Rgb(217, 181, 68)/Rgb(15, 15, 15)/NONE×4; Rgb(139, 148, 158)/Rgb(15, 15, 15)/NONE×30; Rgb(212, 212, 212)/Rgb(15, 15, 15)/NONE×1
02|────────────────────────────────────────────────────────────────────────────────|
   ~ Rgb(68, 68, 68)/Rgb(15, 15, 15)/NONE×80
03|                                                                                |
   ~ Rgb(212, 212, 212)/Rgb(15, 15, 15)/NONE×80
04| ■ haider                                                                       |
   ~ Rgb(212, 212, 212)/Rgb(15, 15, 15)/NONE×1; Rgb(217, 181, 68)/Rgb(15, 15, 15)/NONE×8; Rgb(212, 212, 212)/Rgb(15, 15, 15)/NONE×71
05| ▏ Monitors are running.                                                        |
   ~ Rgb(212, 212, 212)/Rgb(15, 15, 15)/NONE×1; Rgb(39, 35, 21)/Rgb(15, 15, 15)/NONE×2; Rgb(212, 212, 212)/Rgb(15, 15, 15)/NONE×77
06|                                                                                |
   ~ Rgb(212, 212, 212)/Rgb(15, 15, 15)/NONE×80
07|                                                                                |
   ~ Rgb(212, 212, 212)/Rgb(15, 15, 15)/NONE×80
08|                                                                                |
   ~ Rgb(212, 212, 212)/Rgb(15, 15, 15)/NONE×80
09|                                                                                |
   ~ Rgb(212, 212, 212)/Rgb(15, 15, 15)/NONE×80
10|                                                                                |
   ~ Rgb(212, 212, 212)/Rgb(15, 15, 15)/NONE×80
11|                                                                                |
   ~ Rgb(212, 212, 212)/Rgb(15, 15, 15)/NONE×80
12|                                                                                |
   ~ Rgb(212, 212, 212)/Rgb(15, 15, 15)/NONE×80
13|                                                                                |
   ~ Rgb(212, 212, 212)/Rgb(15, 15, 15)/NONE×80
14|monitors  ↑↓/jk select · x stop · p pause · t trigger · e edit · y copy id · esc|
   ~ Rgb(217, 181, 68)/Rgb(25, 25, 25)/NONE×8; Rgb(58, 58, 58)/Rgb(25, 25, 25)/NONE×72
15| › timer-60s · timer 60s  [armed]                                               |
   ~ Rgb(139, 148, 158)/Rgb(39, 39, 39)/NONE×15; Rgb(212, 212, 212)/Rgb(39, 39, 39)/NONE×9; Rgb(139, 148, 158)/Rgb(39, 39, 39)/NONE×2; Rgb(134, 196, 147)/Rgb(39, 39, 39)/NONE×7; Rgb(212, 212, 212)/Rgb(25, 25, 25)/NONE×47
16|     fired 3× · last 1m 0s ago — tick 3 · next in 45s                           |
   ~ Rgb(58, 58, 58)/Rgb(25, 25, 25)/NONE×53; Rgb(212, 212, 212)/Rgb(25, 25, 25)/NONE×27
17|     [stop] [pause] [trigger now] [edit with agent] [copy id]                   |
   ~ Rgb(139, 148, 158)/Rgb(25, 25, 25)/NONE×5; Rgb(229, 122, 74)/Rgb(25, 25, 25)/NONE×6; Rgb(212, 212, 212)/Rgb(25, 25, 25)/NONE×1; Rgb(217, 181, 68)/Rgb(25, 25, 25)/NONE×7; Rgb(212, 212, 212)/Rgb(25, 25, 25)/NONE×1; Rgb(217, 181, 68)/Rgb(25, 25, 25)/NONE×13; Rgb(212, 212, 212)/Rgb(25, 25, 25)/NONE×1; Rgb(217, 181, 68)/Rgb(25, 25, 25)/NONE×17; Rgb(212, 212, 212)/Rgb(25, 25, 25)/NONE×1; Rgb(217, 181, 68)/Rgb(25, 25, 25)/NONE×9; Rgb(212, 212, 212)/Rgb(25, 25, 25)/NONE×19
18|   gh-ci-42 · poll gh run view 42 · 30s · until changed  [paused]               |
   ~ Rgb(139, 148, 158)/Rgb(25, 25, 25)/NONE×14; Rgb(212, 212, 212)/Rgb(15, 15, 15)/NONE×41; Rgb(139, 148, 158)/Rgb(25, 25, 25)/NONE×10; Rgb(212, 212, 212)/Rgb(25, 25, 25)/NONE×15
19|     fired 1×                                                                   |
   ~ Rgb(58, 58, 58)/Rgb(25, 25, 25)/NONE×13; Rgb(212, 212, 212)/Rgb(25, 25, 25)/NONE×67
20|   watch-src · file src/render.rs  [exited]                                     |
   ~ Rgb(139, 148, 158)/Rgb(25, 25, 25)/NONE×15; Rgb(212, 212, 212)/Rgb(15, 15, 15)/NONE×18; Rgb(139, 148, 158)/Rgb(25, 25, 25)/NONE×2; Rgb(58, 58, 58)/Rgb(25, 25, 25)/NONE×8; Rgb(212, 212, 212)/Rgb(25, 25, 25)/NONE×37
21|     fired 0×                                                                   |
   ~ Rgb(58, 58, 58)/Rgb(25, 25, 25)/NONE×13; Rgb(212, 212, 212)/Rgb(25, 25, 25)/NONE×67
22|                                                                                |
   ~ Rgb(212, 212, 212)/Rgb(25, 25, 25)/NONE×80
23| [ IDLE ]  0 tok · ▱▱▱▱▱▱▱▱▱▱ 0% of 200k  · main                                |
   ~ Rgb(212, 212, 212)/Rgb(15, 15, 15)/NONE×1; Rgb(68, 68, 68)/Rgb(15, 15, 15)/NONE×2; Rgb(139, 148, 158)/Rgb(15, 15, 15)/NONE×4; Rgb(68, 68, 68)/Rgb(15, 15, 15)/NONE×2; Rgb(139, 148, 158)/Rgb(15, 15, 15)/NONE×33; Rgb(212, 212, 212)/Rgb(15, 15, 15)/NONE×38
