# tuivirt golden · needs_you_inbox · 118x36
00| ✳ NEEDS YOU · 1 asks · 0 agent questions · 0 stalled · 0 unseen                                                      |
   ~ Rgb(217, 181, 68)/Rgb(15, 15, 15)/BOLD×12; Rgb(139, 148, 158)/Rgb(15, 15, 15)/NONE×52; Rgb(212, 212, 212)/Rgb(15, 15, 15)/NONE×54
01| ↑↓ select · ⏎ open · esc back                                                                                        |
   ~ Rgb(58, 58, 58)/Rgb(15, 15, 15)/NONE×30; Rgb(212, 212, 212)/Rgb(15, 15, 15)/NONE×88
02|──────────────────────────────────────────────────────────────────────────────────────────────────────────────────────|
   ~ Rgb(68, 68, 68)/Rgb(15, 15, 15)/NONE×118
03| ❯ ASK    Allow fs_edit — event_store.rs? · current session · fs_edit                                                 |
   ~ Rgb(255, 183, 87)/Rgb(39, 39, 39)/NONE×10; Rgb(212, 212, 212)/Rgb(15, 15, 15)/NONE×59; Rgb(242, 242, 242)/Rgb(39, 39, 39)/NONE×49
04|                                                                                                                      |
   ~ Rgb(212, 212, 212)/Rgb(15, 15, 15)/NONE×118
05|                                                                                                                      |
   ~ Rgb(212, 212, 212)/Rgb(15, 15, 15)/NONE×118
06|                                                                                                                      |
   ~ Rgb(212, 212, 212)/Rgb(15, 15, 15)/NONE×118
07|                                                                                                                      |
   ~ Rgb(212, 212, 212)/Rgb(15, 15, 15)/NONE×118
08|                                                                                                                      |
   ~ Rgb(212, 212, 212)/Rgb(15, 15, 15)/NONE×118
09|                                                                                                                      |
   ~ Rgb(212, 212, 212)/Rgb(15, 15, 15)/NONE×118
10|                                                                                                                      |
   ~ Rgb(212, 212, 212)/Rgb(15, 15, 15)/NONE×118
11|                                                                                                                      |
   ~ Rgb(212, 212, 212)/Rgb(15, 15, 15)/NONE×118
12|                                                                                                                      |
   ~ Rgb(212, 212, 212)/Rgb(15, 15, 15)/NONE×118
13|                                                                                                                      |
   ~ Rgb(212, 212, 212)/Rgb(15, 15, 15)/NONE×118
14|                                                                                                                      |
   ~ Rgb(212, 212, 212)/Rgb(15, 15, 15)/NONE×118
15|                                                                                                                      |
   ~ Rgb(212, 212, 212)/Rgb(15, 15, 15)/NONE×118
16|                                                                                                                      |
   ~ Rgb(212, 212, 212)/Rgb(15, 15, 15)/NONE×118
17|                                                                                                                      |
   ~ Rgb(212, 212, 212)/Rgb(15, 15, 15)/NONE×118
18|                                                                                                                      |
   ~ Rgb(212, 212, 212)/Rgb(15, 15, 15)/NONE×118
19|                                                                                                                      |
   ~ Rgb(212, 212, 212)/Rgb(15, 15, 15)/NONE×118
20|                                                                                                                      |
   ~ Rgb(212, 212, 212)/Rgb(15, 15, 15)/NONE×118
21|                                                                                                                      |
   ~ Rgb(212, 212, 212)/Rgb(15, 15, 15)/NONE×118
22|                                                                                                                      |
   ~ Rgb(212, 212, 212)/Rgb(15, 15, 15)/NONE×118
23|                                                                                                                      |
   ~ Rgb(212, 212, 212)/Rgb(15, 15, 15)/NONE×118
24|                                                                                                                      |
   ~ Rgb(212, 212, 212)/Rgb(15, 15, 15)/NONE×118
25|                                                                                                                      |
   ~ Rgb(212, 212, 212)/Rgb(15, 15, 15)/NONE×118
26|                                                                                                                      |
   ~ Rgb(212, 212, 212)/Rgb(15, 15, 15)/NONE×118
27|                                                                                                                      |
   ~ Rgb(212, 212, 212)/Rgb(15, 15, 15)/NONE×118
28|                                                                                                                      |
   ~ Rgb(212, 212, 212)/Rgb(15, 15, 15)/NONE×118
29|                                                                                                                      |
   ~ Rgb(212, 212, 212)/Rgb(15, 15, 15)/NONE×118
30|                                                                                                                      |
   ~ Rgb(212, 212, 212)/Rgb(15, 15, 15)/NONE×118
31|                                                                                                                      |
   ~ Rgb(212, 212, 212)/Rgb(15, 15, 15)/NONE×118
32|                                                                                                                      |
   ~ Rgb(212, 212, 212)/Rgb(15, 15, 15)/NONE×118
33|                                                                                                                      |
   ~ Rgb(212, 212, 212)/Rgb(15, 15, 15)/NONE×118
34|                                                                                                                      |
   ~ Rgb(212, 212, 212)/Rgb(15, 15, 15)/NONE×118
35| [ ? PERMISSION_REQUIRED ]  0 tok · ▱▱▱▱▱▱▱▱▱▱ 0% of 200k  · main                                                     |
   ~ Rgb(212, 212, 212)/Rgb(15, 15, 15)/NONE×1; Rgb(255, 183, 87)/Rgb(15, 15, 15)/NONE×25; Rgb(139, 148, 158)/Rgb(15, 15, 15)/NONE×33; Rgb(212, 212, 212)/Rgb(15, 15, 15)/NONE×59
