# tuivirt golden · needs_you_inbox · 160x50
00| ✳ NEEDS YOU · 1 asks · 0 agent questions · 0 stalled · 0 unseen                                                                                                |
   ~ Rgb(217, 181, 68)/Rgb(15, 15, 15)/BOLD×12; Rgb(139, 148, 158)/Rgb(15, 15, 15)/NONE×52; Rgb(212, 212, 212)/Rgb(15, 15, 15)/NONE×96
01| ↑↓ select · ⏎ open · esc back                                                                                                                                  |
   ~ Rgb(58, 58, 58)/Rgb(15, 15, 15)/NONE×30; Rgb(212, 212, 212)/Rgb(15, 15, 15)/NONE×130
02|────────────────────────────────────────────────────────────────────────────────────────────────────────────────────────────────────────────────────────────────|
   ~ Rgb(68, 68, 68)/Rgb(15, 15, 15)/NONE×160
03| ❯ ASK    Allow fs_edit — event_store.rs? · current session · fs_edit                                                                                           |
   ~ Rgb(255, 183, 87)/Rgb(39, 39, 39)/NONE×10; Rgb(212, 212, 212)/Rgb(15, 15, 15)/NONE×59; Rgb(242, 242, 242)/Rgb(39, 39, 39)/NONE×91
04|                                                                                                                                                                |
   ~ Rgb(212, 212, 212)/Rgb(15, 15, 15)/NONE×160
05|                                                                                                                                                                |
   ~ Rgb(212, 212, 212)/Rgb(15, 15, 15)/NONE×160
06|                                                                                                                                                                |
   ~ Rgb(212, 212, 212)/Rgb(15, 15, 15)/NONE×160
07|                                                                                                                                                                |
   ~ Rgb(212, 212, 212)/Rgb(15, 15, 15)/NONE×160
08|                                                                                                                                                                |
   ~ Rgb(212, 212, 212)/Rgb(15, 15, 15)/NONE×160
09|                                                                                                                                                                |
   ~ Rgb(212, 212, 212)/Rgb(15, 15, 15)/NONE×160
10|                                                                                                                                                                |
   ~ Rgb(212, 212, 212)/Rgb(15, 15, 15)/NONE×160
11|                                                                                                                                                                |
   ~ Rgb(212, 212, 212)/Rgb(15, 15, 15)/NONE×160
12|                                                                                                                                                                |
   ~ Rgb(212, 212, 212)/Rgb(15, 15, 15)/NONE×160
13|                                                                                                                                                                |
   ~ Rgb(212, 212, 212)/Rgb(15, 15, 15)/NONE×160
14|                                                                                                                                                                |
   ~ Rgb(212, 212, 212)/Rgb(15, 15, 15)/NONE×160
15|                                                                                                                                                                |
   ~ Rgb(212, 212, 212)/Rgb(15, 15, 15)/NONE×160
16|                                                                                                                                                                |
   ~ Rgb(212, 212, 212)/Rgb(15, 15, 15)/NONE×160
17|                                                                                                                                                                |
   ~ Rgb(212, 212, 212)/Rgb(15, 15, 15)/NONE×160
18|                                                                                                                                                                |
   ~ Rgb(212, 212, 212)/Rgb(15, 15, 15)/NONE×160
19|                                                                                                                                                                |
   ~ Rgb(212, 212, 212)/Rgb(15, 15, 15)/NONE×160
20|                                                                                                                                                                |
   ~ Rgb(212, 212, 212)/Rgb(15, 15, 15)/NONE×160
21|                                                                                                                                                                |
   ~ Rgb(212, 212, 212)/Rgb(15, 15, 15)/NONE×160
22|                                                                                                                                                                |
   ~ Rgb(212, 212, 212)/Rgb(15, 15, 15)/NONE×160
23|                                                                                                                                                                |
   ~ Rgb(212, 212, 212)/Rgb(15, 15, 15)/NONE×160
24|                                                                                                                                                                |
   ~ Rgb(212, 212, 212)/Rgb(15, 15, 15)/NONE×160
25|                                                                                                                                                                |
   ~ Rgb(212, 212, 212)/Rgb(15, 15, 15)/NONE×160
26|                                                                                                                                                                |
   ~ Rgb(212, 212, 212)/Rgb(15, 15, 15)/NONE×160
27|                                                                                                                                                                |
   ~ Rgb(212, 212, 212)/Rgb(15, 15, 15)/NONE×160
28|                                                                                                                                                                |
   ~ Rgb(212, 212, 212)/Rgb(15, 15, 15)/NONE×160
29|                                                                                                                                                                |
   ~ Rgb(212, 212, 212)/Rgb(15, 15, 15)/NONE×160
30|                                                                                                                                                                |
   ~ Rgb(212, 212, 212)/Rgb(15, 15, 15)/NONE×160
31|                                                                                                                                                                |
   ~ Rgb(212, 212, 212)/Rgb(15, 15, 15)/NONE×160
32|                                                                                                                                                                |
   ~ Rgb(212, 212, 212)/Rgb(15, 15, 15)/NONE×160
33|                                                                                                                                                                |
   ~ Rgb(212, 212, 212)/Rgb(15, 15, 15)/NONE×160
34|                                                                                                                                                                |
   ~ Rgb(212, 212, 212)/Rgb(15, 15, 15)/NONE×160
35|                                                                                                                                                                |
   ~ Rgb(212, 212, 212)/Rgb(15, 15, 15)/NONE×160
36|                                                                                                                                                                |
   ~ Rgb(212, 212, 212)/Rgb(15, 15, 15)/NONE×160
37|                                                                                                                                                                |
   ~ Rgb(212, 212, 212)/Rgb(15, 15, 15)/NONE×160
38|                                                                                                                                                                |
   ~ Rgb(212, 212, 212)/Rgb(15, 15, 15)/NONE×160
39|                                                                                                                                                                |
   ~ Rgb(212, 212, 212)/Rgb(15, 15, 15)/NONE×160
40|                                                                                                                                                                |
   ~ Rgb(212, 212, 212)/Rgb(15, 15, 15)/NONE×160
41|                                                                                                                                                                |
   ~ Rgb(212, 212, 212)/Rgb(15, 15, 15)/NONE×160
42|                                                                                                                                                                |
   ~ Rgb(212, 212, 212)/Rgb(15, 15, 15)/NONE×160
43|                                                                                                                                                                |
   ~ Rgb(212, 212, 212)/Rgb(15, 15, 15)/NONE×160
44|                                                                                                                                                                |
   ~ Rgb(212, 212, 212)/Rgb(15, 15, 15)/NONE×160
45|                                                                                                                                                                |
   ~ Rgb(212, 212, 212)/Rgb(15, 15, 15)/NONE×160
46|                                                                                                                                                                |
   ~ Rgb(212, 212, 212)/Rgb(15, 15, 15)/NONE×160
47|                                                                                                                                                                |
   ~ Rgb(212, 212, 212)/Rgb(15, 15, 15)/NONE×160
48|                                                                                                                                                                |
   ~ Rgb(212, 212, 212)/Rgb(15, 15, 15)/NONE×160
49| [ ? PERMISSION_REQUIRED ]  0 tok · ▱▱▱▱▱▱▱▱▱▱ 0% of 200k  · main                                                                                               |
   ~ Rgb(212, 212, 212)/Rgb(15, 15, 15)/NONE×1; Rgb(255, 183, 87)/Rgb(15, 15, 15)/NONE×25; Rgb(139, 148, 158)/Rgb(15, 15, 15)/NONE×33; Rgb(212, 212, 212)/Rgb(15, 15, 15)/NONE×101
