# tuivirt golden · report_fleet · 80x24
00|session › fleet                               fleet of 2 · ✓0 ◉2 ✗0 ◌0 · depth 1|
   ~ Rgb(139, 148, 158)/Rgb(15, 15, 15)/NONE×7; Rgb(58, 58, 58)/Rgb(15, 15, 15)/NONE×3; Rgb(242, 242, 242)/Rgb(15, 15, 15)/BOLD×5; Rgb(212, 212, 212)/Rgb(15, 15, 15)/NONE×31; Rgb(242, 242, 242)/Rgb(15, 15, 15)/NONE×10; Rgb(58, 58, 58)/Rgb(15, 15, 15)/NONE×3; Rgb(134, 196, 147)/Rgb(15, 15, 15)/NONE×2; Rgb(217, 181, 68)/Rgb(15, 15, 15)/NONE×3; Rgb(255, 133, 119)/Rgb(15, 15, 15)/NONE×3; Rgb(58, 58, 58)/Rgb(15, 15, 15)/NONE×3; Rgb(139, 148, 158)/Rgb(15, 15, 15)/NONE×10
01|                                                                                |
   ~ Rgb(212, 212, 212)/Rgb(15, 15, 15)/NONE×80
02| ◉ Ammar — audit                                                                |
   ~ Rgb(58, 58, 58)/Rgb(15, 15, 15)/NONE×1; Rgb(229, 122, 74)/Rgb(15, 15, 15)/NONE×1; Rgb(242, 242, 242)/Rgb(15, 15, 15)/BOLD×6; Rgb(139, 148, 158)/Rgb(15, 15, 15)/NONE×8; Rgb(212, 212, 212)/Rgb(15, 15, 15)/NONE×64
03| ◉ Ammar — docs                                                                 |
   ~ Rgb(58, 58, 58)/Rgb(15, 15, 15)/NONE×1; Rgb(229, 122, 74)/Rgb(15, 15, 15)/NONE×1; Rgb(242, 242, 242)/Rgb(15, 15, 15)/NONE×6; Rgb(139, 148, 158)/Rgb(15, 15, 15)/NONE×7; Rgb(212, 212, 212)/Rgb(15, 15, 15)/NONE×65
04|                                                                                |
   ~ Rgb(212, 212, 212)/Rgb(15, 15, 15)/NONE×80
05|                                                                                |
   ~ Rgb(212, 212, 212)/Rgb(15, 15, 15)/NONE×80
06|                                                                                |
   ~ Rgb(212, 212, 212)/Rgb(15, 15, 15)/NONE×80
07|                                                                                |
   ~ Rgb(212, 212, 212)/Rgb(15, 15, 15)/NONE×80
08|                                                                                |
   ~ Rgb(212, 212, 212)/Rgb(15, 15, 15)/NONE×80
09|                                                                                |
   ~ Rgb(212, 212, 212)/Rgb(15, 15, 15)/NONE×80
10|                                                                                |
   ~ Rgb(212, 212, 212)/Rgb(15, 15, 15)/NONE×80
11|                                                                                |
   ~ Rgb(212, 212, 212)/Rgb(15, 15, 15)/NONE×80
12|                                                                                |
   ~ Rgb(212, 212, 212)/Rgb(15, 15, 15)/NONE×80
13|                                                                                |
   ~ Rgb(212, 212, 212)/Rgb(15, 15, 15)/NONE×80
14|                                                                                |
   ~ Rgb(212, 212, 212)/Rgb(15, 15, 15)/NONE×80
15|                                                                                |
   ~ Rgb(212, 212, 212)/Rgb(15, 15, 15)/NONE×80
16|                                                                                |
   ~ Rgb(212, 212, 212)/Rgb(15, 15, 15)/NONE×80
17|                                                                                |
   ~ Rgb(212, 212, 212)/Rgb(15, 15, 15)/NONE×80
18|                                                                                |
   ~ Rgb(212, 212, 212)/Rgb(15, 15, 15)/NONE×80
19|────────────────────────────────────────────────────────────────────────────────|
   ~ Rgb(68, 68, 68)/Rgb(15, 15, 15)/NONE×80
20|↑↓ move · ⏎ drill into a subtree · esc back to session                          |
   ~ Rgb(139, 148, 158)/Rgb(15, 15, 15)/NONE×54; Rgb(212, 212, 212)/Rgb(15, 15, 15)/NONE×26
21| ▸▸ 2 agents                                                                    |
   ~ Rgb(217, 181, 68)/Rgb(15, 15, 15)/NONE×4; Rgb(139, 148, 158)/Rgb(15, 15, 15)/NONE×8; Rgb(212, 212, 212)/Rgb(15, 15, 15)/NONE×68
22|────────────────────────────────────────────────────────────────────────────────|
   ~ Rgb(68, 68, 68)/Rgb(15, 15, 15)/NONE×80
23| [ ◔ WAITING · 2 subagents ]  0 tok · ▱▱▱▱▱▱▱▱▱▱ 0% of 200k                     |
   ~ Rgb(212, 212, 212)/Rgb(15, 15, 15)/NONE×1; Rgb(217, 181, 68)/Rgb(15, 15, 15)/NONE×27; Rgb(139, 148, 158)/Rgb(15, 15, 15)/NONE×33; Rgb(212, 212, 212)/Rgb(15, 15, 15)/NONE×19
