# tuivirt golden · report_usage · 160x50
00|USAGE · accounts — meters are provider truth · stats are this device's journal · s switches scope                                                               |
   ~ Rgb(242, 242, 242)/Rgb(15, 15, 15)/BOLD×5; Rgb(217, 181, 68)/Rgb(15, 15, 15)/NONE×11; Rgb(139, 148, 158)/Rgb(15, 15, 15)/NONE×81; Rgb(212, 212, 212)/Rgb(15, 15, 15)/NONE×63
01|  accounts · calendar · global · history · models    s next scope · ← → account                                                                                 |
   ~ Rgb(212, 212, 212)/Rgb(15, 15, 15)/NONE×2; Rgb(217, 181, 68)/Rgb(15, 15, 15)/BOLD×8; Rgb(139, 148, 158)/Rgb(15, 15, 15)/NONE×39; Rgb(217, 181, 68)/Rgb(15, 15, 15)/NONE×5; Rgb(139, 148, 158)/Rgb(15, 15, 15)/NONE×14; Rgb(217, 181, 68)/Rgb(15, 15, 15)/NONE×3; Rgb(139, 148, 158)/Rgb(15, 15, 15)/NONE×8; Rgb(212, 212, 212)/Rgb(15, 15, 15)/NONE×81
02|                                                                                                                                                                |
   ~ Rgb(212, 212, 212)/Rgb(15, 15, 15)/NONE×160
03|anthropic-oauth  [anthropic]                                                                                                                                    |
   ~ Rgb(242, 242, 242)/Rgb(39, 39, 39)/BOLD×15; Rgb(212, 212, 212)/Rgb(39, 39, 39)/NONE×2; Rgb(217, 181, 68)/Rgb(39, 39, 39)/NONE×11; Rgb(212, 212, 212)/Rgb(39, 39, 39)/NONE×132
04|    m**@e******.com · max_20x · oauth                                                                                                                           |
   ~ Rgb(139, 148, 158)/Rgb(15, 15, 15)/NONE×37; Rgb(212, 212, 212)/Rgb(15, 15, 15)/NONE×123
05|    ▰▱▱▱▱▱▱▱▱▱   17% left (five_hour) · resets in 2h 14m                                                                                                        |
   ~ Rgb(212, 212, 212)/Rgb(15, 15, 15)/NONE×4; Rgb(255, 183, 87)/Rgb(15, 15, 15)/NONE×10; Rgb(242, 242, 242)/Rgb(15, 15, 15)/NONE×11; Rgb(139, 148, 158)/Rgb(15, 15, 15)/NONE×31; Rgb(212, 212, 212)/Rgb(15, 15, 15)/NONE×104
06|    ▰▰▰▰▰▰▰▰▱▱   83% left (seven_day) · resets in 5d 3h                                                                                                         |
   ~ Rgb(212, 212, 212)/Rgb(15, 15, 15)/NONE×4; Rgb(134, 196, 147)/Rgb(15, 15, 15)/NONE×10; Rgb(242, 242, 242)/Rgb(15, 15, 15)/NONE×11; Rgb(139, 148, 158)/Rgb(15, 15, 15)/NONE×30; Rgb(212, 212, 212)/Rgb(15, 15, 15)/NONE×105
07|    local — 0 sessions · 0s · plan · $— API rate · +0 −0 lines                                                                                                  |
   ~ Rgb(139, 148, 158)/Rgb(15, 15, 15)/NONE×62; Rgb(212, 212, 212)/Rgb(15, 15, 15)/NONE×98
08|    tokens — in 0 · out 0 · reasoning 0 · cached 0                                                                                                              |
   ~ Rgb(139, 148, 158)/Rgb(15, 15, 15)/NONE×50; Rgb(212, 212, 212)/Rgb(15, 15, 15)/NONE×110
09|                                                                                                                                                                |
   ~ Rgb(212, 212, 212)/Rgb(15, 15, 15)/NONE×160
10|openai  [openai]                                                                                                                                                |
   ~ Rgb(242, 242, 242)/Rgb(15, 15, 15)/BOLD×6; Rgb(212, 212, 212)/Rgb(15, 15, 15)/NONE×2; Rgb(217, 181, 68)/Rgb(15, 15, 15)/NONE×8; Rgb(212, 212, 212)/Rgb(15, 15, 15)/NONE×144
11|    d**@c***.dev · api key                                                                                                                                      |
   ~ Rgb(139, 148, 158)/Rgb(15, 15, 15)/NONE×26; Rgb(212, 212, 212)/Rgb(15, 15, 15)/NONE×134
12|    api key — no provider meter · local counters only                                                                                                           |
   ~ Rgb(139, 148, 158)/Rgb(15, 15, 15)/NONE×53; Rgb(212, 212, 212)/Rgb(15, 15, 15)/NONE×107
13|    local — 0 sessions · 0s · est $— · +0 −0 lines                                                                                                              |
   ~ Rgb(139, 148, 158)/Rgb(15, 15, 15)/NONE×50; Rgb(212, 212, 212)/Rgb(15, 15, 15)/NONE×110
14|    tokens — in 0 · out 0 · reasoning 0 · cached 0                                                                                                              |
   ~ Rgb(139, 148, 158)/Rgb(15, 15, 15)/NONE×50; Rgb(212, 212, 212)/Rgb(15, 15, 15)/NONE×110
15|                                                                                                                                                                |
   ~ Rgb(212, 212, 212)/Rgb(15, 15, 15)/NONE×160
16|THIS DEVICE — journal totals over 2 shown accounts                                                                                                              |
   ~ Rgb(242, 242, 242)/Rgb(15, 15, 15)/BOLD×11; Rgb(139, 148, 158)/Rgb(15, 15, 15)/NONE×39; Rgb(212, 212, 212)/Rgb(15, 15, 15)/NONE×110
17|    0 sessions · 0s · plan · +0 −0 lines                                                                                                                        |
   ~ Rgb(139, 148, 158)/Rgb(15, 15, 15)/NONE×40; Rgb(212, 212, 212)/Rgb(15, 15, 15)/NONE×120
18|                                                                                                                                                                |
   ~ Rgb(212, 212, 212)/Rgb(15, 15, 15)/NONE×160
19|                                                                                                                                                                |
   ~ Rgb(212, 212, 212)/Rgb(15, 15, 15)/NONE×160
20|                                                                                                                                                                |
   ~ Rgb(212, 212, 212)/Rgb(15, 15, 15)/NONE×160
21|                                                                                                                                                                |
   ~ Rgb(212, 212, 212)/Rgb(15, 15, 15)/NONE×160
22|                                                                                                                                                                |
   ~ Rgb(212, 212, 212)/Rgb(15, 15, 15)/NONE×160
23|                                                                                                                                                                |
   ~ Rgb(212, 212, 212)/Rgb(15, 15, 15)/NONE×160
24|                                                                                                                                                                |
   ~ Rgb(212, 212, 212)/Rgb(15, 15, 15)/NONE×160
25|                                                                                                                                                                |
   ~ Rgb(212, 212, 212)/Rgb(15, 15, 15)/NONE×160
26|                                                                                                                                                                |
   ~ Rgb(212, 212, 212)/Rgb(15, 15, 15)/NONE×160
27|                                                                                                                                                                |
   ~ Rgb(212, 212, 212)/Rgb(15, 15, 15)/NONE×160
28|                                                                                                                                                                |
   ~ Rgb(212, 212, 212)/Rgb(15, 15, 15)/NONE×160
29|                                                                                                                                                                |
   ~ Rgb(212, 212, 212)/Rgb(15, 15, 15)/NONE×160
30|                                                                                                                                                                |
   ~ Rgb(212, 212, 212)/Rgb(15, 15, 15)/NONE×160
31|                                                                                                                                                                |
   ~ Rgb(212, 212, 212)/Rgb(15, 15, 15)/NONE×160
32|                                                                                                                                                                |
   ~ Rgb(212, 212, 212)/Rgb(15, 15, 15)/NONE×160
33|                                                                                                                                                                |
   ~ Rgb(212, 212, 212)/Rgb(15, 15, 15)/NONE×160
34|                                                                                                                                                                |
   ~ Rgb(212, 212, 212)/Rgb(15, 15, 15)/NONE×160
35|                                                                                                                                                                |
   ~ Rgb(212, 212, 212)/Rgb(15, 15, 15)/NONE×160
36|                                                                                                                                                                |
   ~ Rgb(212, 212, 212)/Rgb(15, 15, 15)/NONE×160
37|                                                                                                                                                                |
   ~ Rgb(212, 212, 212)/Rgb(15, 15, 15)/NONE×160
38|                                                                                                                                                                |
   ~ Rgb(212, 212, 212)/Rgb(15, 15, 15)/NONE×160
39|                                                                                                                                                                |
   ~ Rgb(212, 212, 212)/Rgb(15, 15, 15)/NONE×160
40|                                                                                                                                                                |
   ~ Rgb(212, 212, 212)/Rgb(15, 15, 15)/NONE×160
41|                                                                                                                                                                |
   ~ Rgb(212, 212, 212)/Rgb(15, 15, 15)/NONE×160
42|                                                                                                                                                                |
   ~ Rgb(212, 212, 212)/Rgb(15, 15, 15)/NONE×160
43|                                                                                                                                                                |
   ~ Rgb(212, 212, 212)/Rgb(15, 15, 15)/NONE×160
44|                                                                                                                                                                |
   ~ Rgb(212, 212, 212)/Rgb(15, 15, 15)/NONE×160
45|                                                                                                                                                                |
   ~ Rgb(212, 212, 212)/Rgb(15, 15, 15)/NONE×160
46|────────────────────────────────────────────────────────────────────────────────────────────────────────────────────────────────────────────────────────────────|
   ~ Rgb(68, 68, 68)/Rgb(15, 15, 15)/NONE×160
47|←/→ account · ↑↓ provider · r reveal · f refresh · s next scope · esc back                                                                                      |
   ~ Rgb(58, 58, 58)/Rgb(15, 15, 15)/NONE×74; Rgb(212, 212, 212)/Rgb(15, 15, 15)/NONE×86
48|────────────────────────────────────────────────────────────────────────────────────────────────────────────────────────────────────────────────────────────────|
   ~ Rgb(68, 68, 68)/Rgb(15, 15, 15)/NONE×160
49| [ IDLE ]  0 tok · ▱▱▱▱▱▱▱▱▱▱ 0% of 200k                                                                                                                        |
   ~ Rgb(212, 212, 212)/Rgb(15, 15, 15)/NONE×1; Rgb(68, 68, 68)/Rgb(15, 15, 15)/NONE×2; Rgb(139, 148, 158)/Rgb(15, 15, 15)/NONE×4; Rgb(68, 68, 68)/Rgb(15, 15, 15)/NONE×2; Rgb(139, 148, 158)/Rgb(15, 15, 15)/NONE×33; Rgb(212, 212, 212)/Rgb(15, 15, 15)/NONE×118
