# tuivirt golden · report_hooks · 160x50
00|HOOKS — workspace + profile · policy workspace                                                                                                                  |
   ~ Rgb(242, 242, 242)/Rgb(15, 15, 15)/BOLD×5; Rgb(139, 148, 158)/Rgb(15, 15, 15)/NONE×41; Rgb(212, 212, 212)/Rgb(15, 15, 15)/NONE×114
01|                                                                                                                                                                |
   ~ Rgb(212, 212, 212)/Rgb(15, 15, 15)/NONE×160
02| ❯ 1. ✓ fmt-check · exec:pre_commit · abababab · trusted                                                                                                        |
   ~ Rgb(217, 181, 68)/Rgb(39, 39, 39)/NONE×3; Rgb(242, 242, 242)/Rgb(39, 39, 39)/NONE×3; Rgb(217, 181, 68)/Rgb(39, 39, 39)/NONE×2; Rgb(242, 242, 242)/Rgb(39, 39, 39)/BOLD×9; Rgb(139, 148, 158)/Rgb(39, 39, 39)/NONE×39; Rgb(242, 242, 242)/Rgb(39, 39, 39)/NONE×104
03|   2. ○ audit-notify · subscribe:turn_complete · decision · cdcdcdcd · untrusted                                                                                |
   ~ Rgb(217, 181, 68)/Rgb(15, 15, 15)/NONE×3; Rgb(139, 148, 158)/Rgb(15, 15, 15)/NONE×5; Rgb(242, 242, 242)/Rgb(15, 15, 15)/BOLD×12; Rgb(139, 148, 158)/Rgb(15, 15, 15)/NONE×60; Rgb(212, 212, 212)/Rgb(15, 15, 15)/NONE×80
04|                                                                                                                                                                |
   ~ Rgb(212, 212, 212)/Rgb(15, 15, 15)/NONE×160
05|recent firings — newest first                                                                                                                                   |
   ~ Rgb(242, 242, 242)/Rgb(15, 15, 15)/NONE×29; Rgb(212, 212, 212)/Rgb(15, 15, 15)/NONE×131
06|  none this session                                                                                                                                             |
   ~ Rgb(139, 148, 158)/Rgb(15, 15, 15)/NONE×19; Rgb(212, 212, 212)/Rgb(15, 15, 15)/NONE×141
07|                                                                                                                                                                |
   ~ Rgb(212, 212, 212)/Rgb(15, 15, 15)/NONE×160
08|                                                                                                                                                                |
   ~ Rgb(212, 212, 212)/Rgb(15, 15, 15)/NONE×160
09|                                                                                                                                                                |
   ~ Rgb(212, 212, 212)/Rgb(15, 15, 15)/NONE×160
10|                                                                                                                                                                |
   ~ Rgb(212, 212, 212)/Rgb(15, 15, 15)/NONE×160
11|                                                                                                                                                                |
   ~ Rgb(212, 212, 212)/Rgb(15, 15, 15)/NONE×160
12|                                                                                                                                                                |
   ~ Rgb(212, 212, 212)/Rgb(15, 15, 15)/NONE×160
13|                                                                                                                                                                |
   ~ Rgb(212, 212, 212)/Rgb(15, 15, 15)/NONE×160
14|                                                                                                                                                                |
   ~ Rgb(212, 212, 212)/Rgb(15, 15, 15)/NONE×160
15|                                                                                                                                                                |
   ~ Rgb(212, 212, 212)/Rgb(15, 15, 15)/NONE×160
16|                                                                                                                                                                |
   ~ Rgb(212, 212, 212)/Rgb(15, 15, 15)/NONE×160
17|                                                                                                                                                                |
   ~ Rgb(212, 212, 212)/Rgb(15, 15, 15)/NONE×160
18|                                                                                                                                                                |
   ~ Rgb(212, 212, 212)/Rgb(15, 15, 15)/NONE×160
19|                                                                                                                                                                |
   ~ Rgb(212, 212, 212)/Rgb(15, 15, 15)/NONE×160
20|                                                                                                                                                                |
   ~ Rgb(212, 212, 212)/Rgb(15, 15, 15)/NONE×160
21|                                                                                                                                                                |
   ~ Rgb(212, 212, 212)/Rgb(15, 15, 15)/NONE×160
22|                                                                                                                                                                |
   ~ Rgb(212, 212, 212)/Rgb(15, 15, 15)/NONE×160
23|                                                                                                                                                                |
   ~ Rgb(212, 212, 212)/Rgb(15, 15, 15)/NONE×160
24|                                                                                                                                                                |
   ~ Rgb(212, 212, 212)/Rgb(15, 15, 15)/NONE×160
25|                                                                                                                                                                |
   ~ Rgb(212, 212, 212)/Rgb(15, 15, 15)/NONE×160
26|                                                                                                                                                                |
   ~ Rgb(212, 212, 212)/Rgb(15, 15, 15)/NONE×160
27|                                                                                                                                                                |
   ~ Rgb(212, 212, 212)/Rgb(15, 15, 15)/NONE×160
28|                                                                                                                                                                |
   ~ Rgb(212, 212, 212)/Rgb(15, 15, 15)/NONE×160
29|                                                                                                                                                                |
   ~ Rgb(212, 212, 212)/Rgb(15, 15, 15)/NONE×160
30|                                                                                                                                                                |
   ~ Rgb(212, 212, 212)/Rgb(15, 15, 15)/NONE×160
31|                                                                                                                                                                |
   ~ Rgb(212, 212, 212)/Rgb(15, 15, 15)/NONE×160
32|                                                                                                                                                                |
   ~ Rgb(212, 212, 212)/Rgb(15, 15, 15)/NONE×160
33|                                                                                                                                                                |
   ~ Rgb(212, 212, 212)/Rgb(15, 15, 15)/NONE×160
34|                                                                                                                                                                |
   ~ Rgb(212, 212, 212)/Rgb(15, 15, 15)/NONE×160
35|                                                                                                                                                                |
   ~ Rgb(212, 212, 212)/Rgb(15, 15, 15)/NONE×160
36|                                                                                                                                                                |
   ~ Rgb(212, 212, 212)/Rgb(15, 15, 15)/NONE×160
37|                                                                                                                                                                |
   ~ Rgb(212, 212, 212)/Rgb(15, 15, 15)/NONE×160
38|                                                                                                                                                                |
   ~ Rgb(212, 212, 212)/Rgb(15, 15, 15)/NONE×160
39|                                                                                                                                                                |
   ~ Rgb(212, 212, 212)/Rgb(15, 15, 15)/NONE×160
40|                                                                                                                                                                |
   ~ Rgb(212, 212, 212)/Rgb(15, 15, 15)/NONE×160
41|                                                                                                                                                                |
   ~ Rgb(212, 212, 212)/Rgb(15, 15, 15)/NONE×160
42|                                                                                                                                                                |
   ~ Rgb(212, 212, 212)/Rgb(15, 15, 15)/NONE×160
43|                                                                                                                                                                |
   ~ Rgb(212, 212, 212)/Rgb(15, 15, 15)/NONE×160
44|                                                                                                                                                                |
   ~ Rgb(212, 212, 212)/Rgb(15, 15, 15)/NONE×160
45|                                                                                                                                                                |
   ~ Rgb(212, 212, 212)/Rgb(15, 15, 15)/NONE×160
46|────────────────────────────────────────────────────────────────────────────────────────────────────────────────────────────────────────────────────────────────|
   ~ Rgb(68, 68, 68)/Rgb(15, 15, 15)/NONE×160
47|↑↓ select · 1-9 pick · ⏎ trust / revoke · esc back                                                                                                              |
   ~ Rgb(139, 148, 158)/Rgb(15, 15, 15)/NONE×50; Rgb(212, 212, 212)/Rgb(15, 15, 15)/NONE×110
48|────────────────────────────────────────────────────────────────────────────────────────────────────────────────────────────────────────────────────────────────|
   ~ Rgb(68, 68, 68)/Rgb(15, 15, 15)/NONE×160
49| [ IDLE ]  0 tok · ▱▱▱▱▱▱▱▱▱▱ 0% of 200k                                                                                                                        |
   ~ Rgb(212, 212, 212)/Rgb(15, 15, 15)/NONE×1; Rgb(68, 68, 68)/Rgb(15, 15, 15)/NONE×2; Rgb(139, 148, 158)/Rgb(15, 15, 15)/NONE×4; Rgb(68, 68, 68)/Rgb(15, 15, 15)/NONE×2; Rgb(139, 148, 158)/Rgb(15, 15, 15)/NONE×33; Rgb(212, 212, 212)/Rgb(15, 15, 15)/NONE×118
