# tuivirt golden · report_sessions · 80x24
00|SESSIONS  3 on this machine                                                     |
   ~ Rgb(242, 242, 242)/Rgb(15, 15, 15)/NONE×8; Rgb(139, 148, 158)/Rgb(15, 15, 15)/NONE×19; Rgb(212, 212, 212)/Rgb(15, 15, 15)/NONE×53
01|  search: type title / dir / model / id                                         |
   ~ Rgb(139, 148, 158)/Rgb(15, 15, 15)/NONE×39; Rgb(212, 212, 212)/Rgb(15, 15, 15)/NONE×41
02|  · billing-service  fable-5  ·  ~/dev/diffforge/cloud  ·  12m                  |
   ~ Rgb(139, 148, 158)/Rgb(39, 39, 39)/NONE×4; Rgb(242, 242, 242)/Rgb(39, 39, 39)/NONE×15; Rgb(139, 148, 158)/Rgb(39, 39, 39)/NONE×43; Rgb(212, 212, 212)/Rgb(15, 15, 15)/NONE×18
03|  · cellular-pool-fix  gpt-5.6  ·  ~/dev/diffforge/cellular  ·  2h              |
   ~ Rgb(139, 148, 158)/Rgb(15, 15, 15)/NONE×4; Rgb(212, 212, 212)/Rgb(15, 15, 15)/NONE×17; Rgb(139, 148, 158)/Rgb(15, 15, 15)/NONE×45; Rgb(212, 212, 212)/Rgb(15, 15, 15)/NONE×14
04|  ◉ l1-remote-projects  gemini-3  ·  ~/dev/diffforge/web  ·  1d                 |
   ~ Rgb(217, 181, 68)/Rgb(15, 15, 15)/NONE×4; Rgb(212, 212, 212)/Rgb(15, 15, 15)/NONE×18; Rgb(139, 148, 158)/Rgb(15, 15, 15)/NONE×41; Rgb(212, 212, 212)/Rgb(15, 15, 15)/NONE×17
05|                                                                                |
   ~ Rgb(212, 212, 212)/Rgb(15, 15, 15)/NONE×80
06|                                                                                |
   ~ Rgb(212, 212, 212)/Rgb(15, 15, 15)/NONE×80
07|                                                                                |
   ~ Rgb(212, 212, 212)/Rgb(15, 15, 15)/NONE×80
08|                                                                                |
   ~ Rgb(212, 212, 212)/Rgb(15, 15, 15)/NONE×80
09|                                                                                |
   ~ Rgb(212, 212, 212)/Rgb(15, 15, 15)/NONE×80
10|                                                                                |
   ~ Rgb(212, 212, 212)/Rgb(15, 15, 15)/NONE×80
11|                                                                                |
   ~ Rgb(212, 212, 212)/Rgb(15, 15, 15)/NONE×80
12|                                                                                |
   ~ Rgb(212, 212, 212)/Rgb(15, 15, 15)/NONE×80
13|                                                                                |
   ~ Rgb(212, 212, 212)/Rgb(15, 15, 15)/NONE×80
14|                                                                                |
   ~ Rgb(212, 212, 212)/Rgb(15, 15, 15)/NONE×80
15|                                                                                |
   ~ Rgb(212, 212, 212)/Rgb(15, 15, 15)/NONE×80
16|                                                                                |
   ~ Rgb(212, 212, 212)/Rgb(15, 15, 15)/NONE×80
17|                                                                                |
   ~ Rgb(212, 212, 212)/Rgb(15, 15, 15)/NONE×80
18|                                                                                |
   ~ Rgb(212, 212, 212)/Rgb(15, 15, 15)/NONE×80
19|                                                                                |
   ~ Rgb(212, 212, 212)/Rgb(15, 15, 15)/NONE×80
20|────────────────────────────────────────────────────────────────────────────────|
   ~ Rgb(68, 68, 68)/Rgb(15, 15, 15)/NONE×80
21|↑↓ select · ⏎ open · type to search · esc back                                  |
   ~ Rgb(58, 58, 58)/Rgb(15, 15, 15)/NONE×46; Rgb(212, 212, 212)/Rgb(15, 15, 15)/NONE×34
22|────────────────────────────────────────────────────────────────────────────────|
   ~ Rgb(68, 68, 68)/Rgb(15, 15, 15)/NONE×80
23| [ IDLE ]  0 tok · ▱▱▱▱▱▱▱▱▱▱ 0% of 200k                                        |
   ~ Rgb(212, 212, 212)/Rgb(15, 15, 15)/NONE×1; Rgb(68, 68, 68)/Rgb(15, 15, 15)/NONE×2; Rgb(139, 148, 158)/Rgb(15, 15, 15)/NONE×4; Rgb(68, 68, 68)/Rgb(15, 15, 15)/NONE×2; Rgb(139, 148, 158)/Rgb(15, 15, 15)/NONE×33; Rgb(212, 212, 212)/Rgb(15, 15, 15)/NONE×38
