# tuivirt golden · task_line_none_light · 120x40
00|[ ← main ]     ▄▄  ██   ▄▄  ▀▀▀▀▀██▄  haider v<VERSION> · ~/dev/enterprise-suite              [ ◉ voice · whisper→openai ]|
   ~ Rgb(184, 184, 184)/Rgb(253, 253, 253)/NONE×2; Rgb(110, 110, 110)/Rgb(253, 253, 253)/NONE×6; Rgb(184, 184, 184)/Rgb(253, 253, 253)/NONE×2; Rgb(54, 54, 54)/Rgb(253, 253, 253)/NONE×5; Rgb(124, 45, 18)/Rgb(253, 253, 253)/BOLD×2; Rgb(54, 54, 54)/Rgb(253, 253, 253)/NONE×2; Rgb(124, 45, 18)/Rgb(253, 253, 253)/BOLD×2; Rgb(54, 54, 54)/Rgb(253, 253, 253)/NONE×3; Rgb(124, 45, 18)/Rgb(253, 253, 253)/BOLD×2; Rgb(54, 54, 54)/Rgb(253, 253, 253)/NONE×2; Rgb(124, 45, 18)/Rgb(253, 253, 253)/BOLD×8; Rgb(54, 54, 54)/Rgb(253, 253, 253)/NONE×2; Rgb(125, 90, 5)/Rgb(253, 253, 253)/BOLD×6; Rgb(110, 110, 110)/Rgb(253, 253, 253)/NONE×9; Rgb(23, 23, 23)/Rgb(253, 253, 253)/NONE×25; Rgb(54, 54, 54)/Rgb(253, 253, 253)/NONE×14; Rgb(184, 184, 184)/Rgb(253, 253, 253)/NONE×2; Rgb(125, 90, 5)/Rgb(253, 253, 253)/NONE×24; Rgb(184, 184, 184)/Rgb(253, 253, 253)/NONE×2
01|            ▄▄█▀  ▀▀▀▀▀▀▀▀▀▀▀▀▀▀▀▀▀▀  session ▸   · branch main · test-lion-box                                         |
   ~ Rgb(54, 54, 54)/Rgb(253, 253, 253)/NONE×12; Rgb(124, 45, 18)/Rgb(253, 253, 253)/BOLD×4; Rgb(54, 54, 54)/Rgb(253, 253, 253)/NONE×2; Rgb(124, 45, 18)/Rgb(253, 253, 253)/BOLD×4; Rgb(124, 45, 18)/Rgb(125, 90, 5)/BOLD×2; Rgb(124, 45, 18)/Rgb(253, 253, 253)/BOLD×2; Rgb(124, 45, 18)/Rgb(125, 90, 5)/BOLD×2; Rgb(124, 45, 18)/Rgb(253, 253, 253)/BOLD×8; Rgb(54, 54, 54)/Rgb(253, 253, 253)/NONE×2; Rgb(110, 110, 110)/Rgb(253, 253, 253)/NONE×7; Rgb(125, 90, 5)/Rgb(253, 253, 253)/NONE×4; Rgb(110, 110, 110)/Rgb(253, 253, 253)/NONE×30; Rgb(54, 54, 54)/Rgb(253, 253, 253)/NONE×41
02|────────────────────────────────────────────────────────────────────────────────────────────────────────────────────────|
   ~ Rgb(184, 184, 184)/Rgb(253, 253, 253)/NONE×120
03|                                                                                                                        |
   ~ Rgb(54, 54, 54)/Rgb(253, 253, 253)/NONE×120
04| ❯ keep the wave moving                                                                                                 |
   ~ Rgb(54, 54, 54)/Rgb(253, 253, 253)/NONE×1; Rgb(124, 45, 18)/Rgb(253, 253, 253)/BOLD×2; Rgb(23, 23, 23)/Rgb(253, 253, 253)/NONE×20; Rgb(54, 54, 54)/Rgb(253, 253, 253)/NONE×97
05|                                                                                                                        |
   ~ Rgb(54, 54, 54)/Rgb(253, 253, 253)/NONE×120
06|                                                                                                                        |
   ~ Rgb(54, 54, 54)/Rgb(253, 253, 253)/NONE×120
07|                                                                                                                        |
   ~ Rgb(54, 54, 54)/Rgb(253, 253, 253)/NONE×120
08|                                                                                                                        |
   ~ Rgb(54, 54, 54)/Rgb(253, 253, 253)/NONE×120
09|                                                                                                                        |
   ~ Rgb(54, 54, 54)/Rgb(253, 253, 253)/NONE×120
10|                                                                                                                        |
   ~ Rgb(54, 54, 54)/Rgb(253, 253, 253)/NONE×120
11|                                                                                                                        |
   ~ Rgb(54, 54, 54)/Rgb(253, 253, 253)/NONE×120
12|                                                                                                                        |
   ~ Rgb(54, 54, 54)/Rgb(253, 253, 253)/NONE×120
13|                                                                                                                        |
   ~ Rgb(54, 54, 54)/Rgb(253, 253, 253)/NONE×120
14|                                                                                                                        |
   ~ Rgb(54, 54, 54)/Rgb(253, 253, 253)/NONE×120
15|                                                                                                                        |
   ~ Rgb(54, 54, 54)/Rgb(253, 253, 253)/NONE×120
16|                                                                                                                        |
   ~ Rgb(54, 54, 54)/Rgb(253, 253, 253)/NONE×120
17|                                                                                                                        |
   ~ Rgb(54, 54, 54)/Rgb(253, 253, 253)/NONE×120
18|                                                                                                                        |
   ~ Rgb(54, 54, 54)/Rgb(253, 253, 253)/NONE×120
19|                                                                                                                        |
   ~ Rgb(54, 54, 54)/Rgb(253, 253, 253)/NONE×120
20|                                                                                                                        |
   ~ Rgb(54, 54, 54)/Rgb(253, 253, 253)/NONE×120
21|                                                                                                                        |
   ~ Rgb(54, 54, 54)/Rgb(253, 253, 253)/NONE×120
22|                                                                                                                        |
   ~ Rgb(54, 54, 54)/Rgb(253, 253, 253)/NONE×120
23|                                                                                                                        |
   ~ Rgb(54, 54, 54)/Rgb(253, 253, 253)/NONE×120
24|                                                                                                                        |
   ~ Rgb(54, 54, 54)/Rgb(253, 253, 253)/NONE×120
25|                                                                                                                        |
   ~ Rgb(54, 54, 54)/Rgb(253, 253, 253)/NONE×120
26|                                                                                                                        |
   ~ Rgb(54, 54, 54)/Rgb(253, 253, 253)/NONE×120
27|                                                                                                                        |
   ~ Rgb(54, 54, 54)/Rgb(253, 253, 253)/NONE×120
28|                                                                                                                        |
   ~ Rgb(54, 54, 54)/Rgb(253, 253, 253)/NONE×120
29|                                                                                                                        |
   ~ Rgb(54, 54, 54)/Rgb(253, 253, 253)/NONE×120
30|                                                                                                                        |
   ~ Rgb(54, 54, 54)/Rgb(253, 253, 253)/NONE×120
31|                                                                                                                        |
   ~ Rgb(54, 54, 54)/Rgb(253, 253, 253)/NONE×120
32|                                                                                                                        |
   ~ Rgb(54, 54, 54)/Rgb(253, 253, 253)/NONE×120
33|                                                                                                                        |
   ~ Rgb(54, 54, 54)/Rgb(253, 253, 253)/NONE×120
34|                                                                                                                        |
   ~ Rgb(54, 54, 54)/Rgb(253, 253, 253)/NONE×120
35|───────────────────────────────────────────────────────────────────────────────────────────────────────────── fable-5 ──|
   ~ Rgb(125, 90, 5)/Rgb(253, 253, 253)/NONE×109; Rgb(110, 110, 110)/Rgb(253, 253, 253)/NONE×9; Rgb(125, 90, 5)/Rgb(253, 253, 253)/NONE×2
36|  ❯   message haider — ⏎ send · ⇧⏎ newline · / commands · paste images/text                                 [ ◉ talk ]  |
   ~ Rgb(23, 23, 23)/Rgb(244, 244, 244)/NONE×2; Rgb(125, 90, 5)/Rgb(244, 244, 244)/BOLD×2; Rgb(253, 253, 253)/Rgb(125, 90, 5)/NONE×1; Rgb(110, 110, 110)/Rgb(244, 244, 244)/NONE×70; Rgb(23, 23, 23)/Rgb(244, 244, 244)/NONE×33; Rgb(184, 184, 184)/Rgb(244, 244, 244)/NONE×2; Rgb(125, 90, 5)/Rgb(244, 244, 244)/NONE×6; Rgb(184, 184, 184)/Rgb(244, 244, 244)/NONE×2; Rgb(23, 23, 23)/Rgb(244, 244, 244)/NONE×2
37| ▸▸ bypass permissions on                                                                                               |
   ~ Rgb(125, 90, 5)/Rgb(253, 253, 253)/NONE×25; Rgb(54, 54, 54)/Rgb(253, 253, 253)/NONE×95
38|────────────────────────────────────────────────────────────────────────────────────────────────────────────────────────|
   ~ Rgb(184, 184, 184)/Rgb(253, 253, 253)/NONE×120
39| [ IDLE ]  0 tok · ▱▱▱▱▱▱▱▱▱▱ 0% of 200k  · main                                                                        |
   ~ Rgb(54, 54, 54)/Rgb(253, 253, 253)/NONE×1; Rgb(184, 184, 184)/Rgb(253, 253, 253)/NONE×2; Rgb(110, 110, 110)/Rgb(253, 253, 253)/NONE×4; Rgb(184, 184, 184)/Rgb(253, 253, 253)/NONE×2; Rgb(110, 110, 110)/Rgb(253, 253, 253)/NONE×33; Rgb(54, 54, 54)/Rgb(253, 253, 253)/NONE×78
