# tuivirt golden · task_line_many_water · 120x40
00|[ ← main ]     ▄▄  ██   ▄▄  ▀▀▀▀▀██▄  haider v<VERSION> · ~/dev/enterprise-suite              [ ◉ voice · whisper→openai ]|
   ~ Rgb(167, 200, 206)/Rgb(227, 238, 240)/NONE×2; Rgb(76, 103, 116)/Rgb(227, 238, 240)/NONE×6; Rgb(167, 200, 206)/Rgb(227, 238, 240)/NONE×2; Rgb(36, 59, 71)/Rgb(227, 238, 240)/NONE×5; Rgb(160, 58, 77)/Rgb(227, 238, 240)/BOLD×2; Rgb(36, 59, 71)/Rgb(227, 238, 240)/NONE×2; Rgb(160, 58, 77)/Rgb(227, 238, 240)/BOLD×2; Rgb(36, 59, 71)/Rgb(227, 238, 240)/NONE×3; Rgb(160, 58, 77)/Rgb(227, 238, 240)/BOLD×2; Rgb(36, 59, 71)/Rgb(227, 238, 240)/NONE×2; Rgb(160, 58, 77)/Rgb(227, 238, 240)/BOLD×8; Rgb(36, 59, 71)/Rgb(227, 238, 240)/NONE×2; Rgb(13, 102, 120)/Rgb(227, 238, 240)/BOLD×6; Rgb(76, 103, 116)/Rgb(227, 238, 240)/NONE×9; Rgb(18, 39, 48)/Rgb(227, 238, 240)/NONE×25; Rgb(36, 59, 71)/Rgb(227, 238, 240)/NONE×14; Rgb(167, 200, 206)/Rgb(227, 238, 240)/NONE×2; Rgb(13, 102, 120)/Rgb(227, 238, 240)/NONE×24; Rgb(167, 200, 206)/Rgb(227, 238, 240)/NONE×2
01|            ▄▄█▀  ▀▀▀▀▀▀▀▀▀▀▀▀▀▀▀▀▀▀  session ▸   · branch main · test-lion-box                                         |
   ~ Rgb(36, 59, 71)/Rgb(227, 238, 240)/NONE×12; Rgb(160, 58, 77)/Rgb(227, 238, 240)/BOLD×4; Rgb(36, 59, 71)/Rgb(227, 238, 240)/NONE×2; Rgb(160, 58, 77)/Rgb(227, 238, 240)/BOLD×4; Rgb(160, 58, 77)/Rgb(13, 102, 120)/BOLD×2; Rgb(160, 58, 77)/Rgb(227, 238, 240)/BOLD×2; Rgb(160, 58, 77)/Rgb(13, 102, 120)/BOLD×2; Rgb(160, 58, 77)/Rgb(227, 238, 240)/BOLD×8; Rgb(36, 59, 71)/Rgb(227, 238, 240)/NONE×2; Rgb(76, 103, 116)/Rgb(227, 238, 240)/NONE×7; Rgb(13, 102, 120)/Rgb(227, 238, 240)/NONE×4; Rgb(76, 103, 116)/Rgb(227, 238, 240)/NONE×30; Rgb(36, 59, 71)/Rgb(227, 238, 240)/NONE×41
02|────────────────────────────────────────────────────────────────────────────────────────────────────────────────────────|
   ~ Rgb(167, 200, 206)/Rgb(227, 238, 240)/NONE×120
03|                                                                                                                        |
   ~ Rgb(36, 59, 71)/Rgb(227, 238, 240)/NONE×120
04| ❯ keep the wave moving                                                                                                 |
   ~ Rgb(36, 59, 71)/Rgb(227, 238, 240)/NONE×1; Rgb(160, 58, 77)/Rgb(227, 238, 240)/BOLD×2; Rgb(18, 39, 48)/Rgb(227, 238, 240)/NONE×20; Rgb(36, 59, 71)/Rgb(227, 238, 240)/NONE×97
05|                                                                                                                        |
   ~ Rgb(36, 59, 71)/Rgb(227, 238, 240)/NONE×120
06|                                                                                                                        |
   ~ Rgb(36, 59, 71)/Rgb(227, 238, 240)/NONE×120
07|                                                                                                                        |
   ~ Rgb(36, 59, 71)/Rgb(227, 238, 240)/NONE×120
08|                                                                                                                        |
   ~ Rgb(36, 59, 71)/Rgb(227, 238, 240)/NONE×120
09|                                                                                                                        |
   ~ Rgb(36, 59, 71)/Rgb(227, 238, 240)/NONE×120
10|                                                                                                                        |
   ~ Rgb(36, 59, 71)/Rgb(227, 238, 240)/NONE×120
11|                                                                                                                        |
   ~ Rgb(36, 59, 71)/Rgb(227, 238, 240)/NONE×120
12|                                                                                                                        |
   ~ Rgb(36, 59, 71)/Rgb(227, 238, 240)/NONE×120
13|                                                                                                                        |
   ~ Rgb(36, 59, 71)/Rgb(227, 238, 240)/NONE×120
14|                                                                                                                        |
   ~ Rgb(36, 59, 71)/Rgb(227, 238, 240)/NONE×120
15|                                                                                                                        |
   ~ Rgb(36, 59, 71)/Rgb(227, 238, 240)/NONE×120
16|                                                                                                                        |
   ~ Rgb(36, 59, 71)/Rgb(227, 238, 240)/NONE×120
17|                                                                                                                        |
   ~ Rgb(36, 59, 71)/Rgb(227, 238, 240)/NONE×120
18|                                                                                                                        |
   ~ Rgb(36, 59, 71)/Rgb(227, 238, 240)/NONE×120
19|                                                                                                                        |
   ~ Rgb(36, 59, 71)/Rgb(227, 238, 240)/NONE×120
20|                                                                                                                        |
   ~ Rgb(36, 59, 71)/Rgb(227, 238, 240)/NONE×120
21|                                                                                                                        |
   ~ Rgb(36, 59, 71)/Rgb(227, 238, 240)/NONE×120
22|                                                                                                                        |
   ~ Rgb(36, 59, 71)/Rgb(227, 238, 240)/NONE×120
23|                                                                                                                        |
   ~ Rgb(36, 59, 71)/Rgb(227, 238, 240)/NONE×120
24|                                                                                                                        |
   ~ Rgb(36, 59, 71)/Rgb(227, 238, 240)/NONE×120
25|                                                                                                                        |
   ~ Rgb(36, 59, 71)/Rgb(227, 238, 240)/NONE×120
26|                                                                                                                        |
   ~ Rgb(36, 59, 71)/Rgb(227, 238, 240)/NONE×120
27|                                                                                                                        |
   ~ Rgb(36, 59, 71)/Rgb(227, 238, 240)/NONE×120
28|                                                                                                                        |
   ~ Rgb(36, 59, 71)/Rgb(227, 238, 240)/NONE×120
29|                                                                                                                        |
   ~ Rgb(36, 59, 71)/Rgb(227, 238, 240)/NONE×120
30|                                                                                                                        |
   ~ Rgb(36, 59, 71)/Rgb(227, 238, 240)/NONE×120
31|                                                                                                                        |
   ~ Rgb(36, 59, 71)/Rgb(227, 238, 240)/NONE×120
32|                                                                                                                        |
   ~ Rgb(36, 59, 71)/Rgb(227, 238, 240)/NONE×120
33|                                                                                                                        |
   ~ Rgb(36, 59, 71)/Rgb(227, 238, 240)/NONE×120
34|                                                                                                                        |
   ~ Rgb(36, 59, 71)/Rgb(227, 238, 240)/NONE×120
35|───────────────────────────────────────────────────────────────────────────────────────────────────────────── fable-5 ──|
   ~ Rgb(13, 102, 120)/Rgb(227, 238, 240)/NONE×109; Rgb(76, 103, 116)/Rgb(227, 238, 240)/NONE×9; Rgb(13, 102, 120)/Rgb(227, 238, 240)/NONE×2
36|  ❯   message haider — ⏎ send · ⇧⏎ newline · / commands · paste images/text                                 [ ◉ talk ]  |
   ~ Rgb(18, 39, 48)/Rgb(235, 243, 244)/NONE×2; Rgb(13, 102, 120)/Rgb(235, 243, 244)/BOLD×2; Rgb(227, 238, 240)/Rgb(13, 102, 120)/NONE×1; Rgb(76, 103, 116)/Rgb(235, 243, 244)/NONE×70; Rgb(18, 39, 48)/Rgb(235, 243, 244)/NONE×33; Rgb(167, 200, 206)/Rgb(235, 243, 244)/NONE×2; Rgb(13, 102, 120)/Rgb(235, 243, 244)/NONE×6; Rgb(167, 200, 206)/Rgb(235, 243, 244)/NONE×2; Rgb(18, 39, 48)/Rgb(235, 243, 244)/NONE×2
37| ▸▸ bypass permissions on · 6 shells, 14 monitors                                                                       |
   ~ Rgb(13, 102, 120)/Rgb(227, 238, 240)/NONE×25; Rgb(183, 204, 210)/Rgb(227, 238, 240)/NONE×3; Rgb(76, 103, 116)/Rgb(227, 238, 240)/NONE×21; Rgb(36, 59, 71)/Rgb(227, 238, 240)/NONE×71
38|────────────────────────────────────────────────────────────────────────────────────────────────────────────────────────|
   ~ Rgb(167, 200, 206)/Rgb(227, 238, 240)/NONE×120
39| [ IDLE ]  0 tok · ▱▱▱▱▱▱▱▱▱▱ 0% of 200k  · main                                                                        |
   ~ Rgb(36, 59, 71)/Rgb(227, 238, 240)/NONE×1; Rgb(167, 200, 206)/Rgb(227, 238, 240)/NONE×2; Rgb(76, 103, 116)/Rgb(227, 238, 240)/NONE×4; Rgb(167, 200, 206)/Rgb(227, 238, 240)/NONE×2; Rgb(76, 103, 116)/Rgb(227, 238, 240)/NONE×33; Rgb(36, 59, 71)/Rgb(227, 238, 240)/NONE×78
