# tuivirt golden · task_line_few_water · 80x24
00|[ ← main ]     ▄▄  ██   ▄▄  ▀▀▀▀▀██▄  haider v<VERSION> · ~/dev/enterprise-suite  |
   ~ Rgb(167, 200, 206)/Rgb(227, 238, 240)/NONE×2; Rgb(76, 103, 116)/Rgb(227, 238, 240)/NONE×6; Rgb(167, 200, 206)/Rgb(227, 238, 240)/NONE×2; Rgb(36, 59, 71)/Rgb(227, 238, 240)/NONE×5; Rgb(160, 58, 77)/Rgb(227, 238, 240)/BOLD×2; Rgb(36, 59, 71)/Rgb(227, 238, 240)/NONE×2; Rgb(160, 58, 77)/Rgb(227, 238, 240)/BOLD×2; Rgb(36, 59, 71)/Rgb(227, 238, 240)/NONE×3; Rgb(160, 58, 77)/Rgb(227, 238, 240)/BOLD×2; Rgb(36, 59, 71)/Rgb(227, 238, 240)/NONE×2; Rgb(160, 58, 77)/Rgb(227, 238, 240)/BOLD×8; Rgb(36, 59, 71)/Rgb(227, 238, 240)/NONE×2; Rgb(13, 102, 120)/Rgb(227, 238, 240)/BOLD×6; Rgb(76, 103, 116)/Rgb(227, 238, 240)/NONE×9; Rgb(18, 39, 48)/Rgb(227, 238, 240)/NONE×25; Rgb(36, 59, 71)/Rgb(227, 238, 240)/NONE×2
01|            ▄▄█▀  ▀▀▀▀▀▀▀▀▀▀▀▀▀▀▀▀▀▀  session ▸   · branch main · test-lion-box |
   ~ Rgb(36, 59, 71)/Rgb(227, 238, 240)/NONE×12; Rgb(160, 58, 77)/Rgb(227, 238, 240)/BOLD×4; Rgb(36, 59, 71)/Rgb(227, 238, 240)/NONE×2; Rgb(160, 58, 77)/Rgb(227, 238, 240)/BOLD×4; Rgb(160, 58, 77)/Rgb(13, 102, 120)/BOLD×2; Rgb(160, 58, 77)/Rgb(227, 238, 240)/BOLD×2; Rgb(160, 58, 77)/Rgb(13, 102, 120)/BOLD×2; Rgb(160, 58, 77)/Rgb(227, 238, 240)/BOLD×8; Rgb(36, 59, 71)/Rgb(227, 238, 240)/NONE×2; Rgb(76, 103, 116)/Rgb(227, 238, 240)/NONE×7; Rgb(13, 102, 120)/Rgb(227, 238, 240)/NONE×4; Rgb(76, 103, 116)/Rgb(227, 238, 240)/NONE×30; Rgb(36, 59, 71)/Rgb(227, 238, 240)/NONE×1
02|────────────────────────────────────────────────────────────────────────────────|
   ~ Rgb(167, 200, 206)/Rgb(227, 238, 240)/NONE×80
03|                                                                                |
   ~ Rgb(36, 59, 71)/Rgb(227, 238, 240)/NONE×80
04| ❯ keep the wave moving                                                         |
   ~ Rgb(36, 59, 71)/Rgb(227, 238, 240)/NONE×1; Rgb(160, 58, 77)/Rgb(227, 238, 240)/BOLD×2; Rgb(18, 39, 48)/Rgb(227, 238, 240)/NONE×20; Rgb(36, 59, 71)/Rgb(227, 238, 240)/NONE×57
05|                                                                                |
   ~ Rgb(36, 59, 71)/Rgb(227, 238, 240)/NONE×80
06|                                                                                |
   ~ Rgb(36, 59, 71)/Rgb(227, 238, 240)/NONE×80
07|                                                                                |
   ~ Rgb(36, 59, 71)/Rgb(227, 238, 240)/NONE×80
08|                                                                                |
   ~ Rgb(36, 59, 71)/Rgb(227, 238, 240)/NONE×80
09|                                                                                |
   ~ Rgb(36, 59, 71)/Rgb(227, 238, 240)/NONE×80
10|                                                                                |
   ~ Rgb(36, 59, 71)/Rgb(227, 238, 240)/NONE×80
11|                                                                                |
   ~ Rgb(36, 59, 71)/Rgb(227, 238, 240)/NONE×80
12|                                                                                |
   ~ Rgb(36, 59, 71)/Rgb(227, 238, 240)/NONE×80
13|                                                                                |
   ~ Rgb(36, 59, 71)/Rgb(227, 238, 240)/NONE×80
14|                                                                                |
   ~ Rgb(36, 59, 71)/Rgb(227, 238, 240)/NONE×80
15|                                                                                |
   ~ Rgb(36, 59, 71)/Rgb(227, 238, 240)/NONE×80
16|                                                                                |
   ~ Rgb(36, 59, 71)/Rgb(227, 238, 240)/NONE×80
17|                                                                                |
   ~ Rgb(36, 59, 71)/Rgb(227, 238, 240)/NONE×80
18|                                                          · 1 shell · 2 monitors|
   ~ Rgb(36, 59, 71)/Rgb(227, 238, 240)/NONE×58; Rgb(76, 103, 116)/Rgb(227, 238, 240)/NONE×9; Rgb(36, 59, 71)/Rgb(227, 238, 240)/NONE×1; Rgb(76, 103, 116)/Rgb(227, 238, 240)/NONE×12
19|───────────────────────────────────────────────────────────────────── fable-5 ──|
   ~ Rgb(13, 102, 120)/Rgb(227, 238, 240)/NONE×69; Rgb(76, 103, 116)/Rgb(227, 238, 240)/NONE×9; Rgb(13, 102, 120)/Rgb(227, 238, 240)/NONE×2
20|  ❯   message haider — ⏎ send · ⇧⏎ newline · / commands · paste images/text     |
   ~ Rgb(18, 39, 48)/Rgb(235, 243, 244)/NONE×2; Rgb(13, 102, 120)/Rgb(235, 243, 244)/BOLD×2; Rgb(227, 238, 240)/Rgb(13, 102, 120)/NONE×1; Rgb(76, 103, 116)/Rgb(235, 243, 244)/NONE×70; Rgb(18, 39, 48)/Rgb(235, 243, 244)/NONE×5
21| ▸▸ bypass permissions on · 1 shell, 2 monitors                                 |
   ~ Rgb(13, 102, 120)/Rgb(227, 238, 240)/NONE×25; Rgb(183, 204, 210)/Rgb(227, 238, 240)/NONE×3; Rgb(76, 103, 116)/Rgb(227, 238, 240)/NONE×19; Rgb(36, 59, 71)/Rgb(227, 238, 240)/NONE×33
22|────────────────────────────────────────────────────────────────────────────────|
   ~ Rgb(167, 200, 206)/Rgb(227, 238, 240)/NONE×80
23| [ IDLE ]  0 tok · ▱▱▱▱▱▱▱▱▱▱ 0% of 200k  · main                                |
   ~ Rgb(36, 59, 71)/Rgb(227, 238, 240)/NONE×1; Rgb(167, 200, 206)/Rgb(227, 238, 240)/NONE×2; Rgb(76, 103, 116)/Rgb(227, 238, 240)/NONE×4; Rgb(167, 200, 206)/Rgb(227, 238, 240)/NONE×2; Rgb(76, 103, 116)/Rgb(227, 238, 240)/NONE×33; Rgb(36, 59, 71)/Rgb(227, 238, 240)/NONE×38
