# tuivirt golden · task_line_few_desert · 120x40
00|[ ← main ]     ▄▄  ██   ▄▄  ▀▀▀▀▀██▄  haider v<VERSION> · ~/dev/enterprise-suite              [ ◉ voice · whisper→openai ]|
   ~ Rgb(207, 175, 165)/Rgb(240, 228, 204)/NONE×2; Rgb(112, 93, 65)/Rgb(240, 228, 204)/NONE×6; Rgb(207, 175, 165)/Rgb(240, 228, 204)/NONE×2; Rgb(77, 58, 32)/Rgb(240, 228, 204)/NONE×5; Rgb(123, 39, 64)/Rgb(240, 228, 204)/BOLD×2; Rgb(77, 58, 32)/Rgb(240, 228, 204)/NONE×2; Rgb(123, 39, 64)/Rgb(240, 228, 204)/BOLD×2; Rgb(77, 58, 32)/Rgb(240, 228, 204)/NONE×3; Rgb(123, 39, 64)/Rgb(240, 228, 204)/BOLD×2; Rgb(77, 58, 32)/Rgb(240, 228, 204)/NONE×2; Rgb(123, 39, 64)/Rgb(240, 228, 204)/BOLD×8; Rgb(77, 58, 32)/Rgb(240, 228, 204)/NONE×2; Rgb(156, 98, 2)/Rgb(240, 228, 204)/BOLD×6; Rgb(112, 93, 65)/Rgb(240, 228, 204)/NONE×9; Rgb(46, 33, 16)/Rgb(240, 228, 204)/NONE×25; Rgb(77, 58, 32)/Rgb(240, 228, 204)/NONE×14; Rgb(207, 175, 165)/Rgb(240, 228, 204)/NONE×2; Rgb(156, 98, 2)/Rgb(240, 228, 204)/NONE×24; Rgb(207, 175, 165)/Rgb(240, 228, 204)/NONE×2
01|            ▄▄█▀  ▀▀▀▀▀▀▀▀▀▀▀▀▀▀▀▀▀▀  session ▸   · branch main · test-lion-box                                         |
   ~ Rgb(77, 58, 32)/Rgb(240, 228, 204)/NONE×12; Rgb(123, 39, 64)/Rgb(240, 228, 204)/BOLD×4; Rgb(77, 58, 32)/Rgb(240, 228, 204)/NONE×2; Rgb(123, 39, 64)/Rgb(240, 228, 204)/BOLD×4; Rgb(123, 39, 64)/Rgb(156, 98, 2)/BOLD×2; Rgb(123, 39, 64)/Rgb(240, 228, 204)/BOLD×2; Rgb(123, 39, 64)/Rgb(156, 98, 2)/BOLD×2; Rgb(123, 39, 64)/Rgb(240, 228, 204)/BOLD×8; Rgb(77, 58, 32)/Rgb(240, 228, 204)/NONE×2; Rgb(112, 93, 65)/Rgb(240, 228, 204)/NONE×7; Rgb(156, 98, 2)/Rgb(240, 228, 204)/NONE×4; Rgb(112, 93, 65)/Rgb(240, 228, 204)/NONE×30; Rgb(77, 58, 32)/Rgb(240, 228, 204)/NONE×41
02|────────────────────────────────────────────────────────────────────────────────────────────────────────────────────────|
   ~ Rgb(207, 175, 165)/Rgb(240, 228, 204)/NONE×120
03|                                                                                                                        |
   ~ Rgb(77, 58, 32)/Rgb(240, 228, 204)/NONE×120
04| ❯ keep the wave moving                                                                                                 |
   ~ Rgb(77, 58, 32)/Rgb(240, 228, 204)/NONE×1; Rgb(123, 39, 64)/Rgb(240, 228, 204)/BOLD×2; Rgb(46, 33, 16)/Rgb(240, 228, 204)/NONE×20; Rgb(77, 58, 32)/Rgb(240, 228, 204)/NONE×97
05|                                                                                                                        |
   ~ Rgb(77, 58, 32)/Rgb(240, 228, 204)/NONE×120
06|                                                                                                                        |
   ~ Rgb(77, 58, 32)/Rgb(240, 228, 204)/NONE×120
07|                                                                                                                        |
   ~ Rgb(77, 58, 32)/Rgb(240, 228, 204)/NONE×120
08|                                                                                                                        |
   ~ Rgb(77, 58, 32)/Rgb(240, 228, 204)/NONE×120
09|                                                                                                                        |
   ~ Rgb(77, 58, 32)/Rgb(240, 228, 204)/NONE×120
10|                                                                                                                        |
   ~ Rgb(77, 58, 32)/Rgb(240, 228, 204)/NONE×120
11|                                                                                                                        |
   ~ Rgb(77, 58, 32)/Rgb(240, 228, 204)/NONE×120
12|                                                                                                                        |
   ~ Rgb(77, 58, 32)/Rgb(240, 228, 204)/NONE×120
13|                                                                                                                        |
   ~ Rgb(77, 58, 32)/Rgb(240, 228, 204)/NONE×120
14|                                                                                                                        |
   ~ Rgb(77, 58, 32)/Rgb(240, 228, 204)/NONE×120
15|                                                                                                                        |
   ~ Rgb(77, 58, 32)/Rgb(240, 228, 204)/NONE×120
16|                                                                                                                        |
   ~ Rgb(77, 58, 32)/Rgb(240, 228, 204)/NONE×120
17|                                                                                                                        |
   ~ Rgb(77, 58, 32)/Rgb(240, 228, 204)/NONE×120
18|                                                                                                                        |
   ~ Rgb(77, 58, 32)/Rgb(240, 228, 204)/NONE×120
19|                                                                                                                        |
   ~ Rgb(77, 58, 32)/Rgb(240, 228, 204)/NONE×120
20|                                                                                                                        |
   ~ Rgb(77, 58, 32)/Rgb(240, 228, 204)/NONE×120
21|                                                                                                                        |
   ~ Rgb(77, 58, 32)/Rgb(240, 228, 204)/NONE×120
22|                                                                                                                        |
   ~ Rgb(77, 58, 32)/Rgb(240, 228, 204)/NONE×120
23|                                                                                                                        |
   ~ Rgb(77, 58, 32)/Rgb(240, 228, 204)/NONE×120
24|                                                                                                                        |
   ~ Rgb(77, 58, 32)/Rgb(240, 228, 204)/NONE×120
25|                                                                                                                        |
   ~ Rgb(77, 58, 32)/Rgb(240, 228, 204)/NONE×120
26|                                                                                                                        |
   ~ Rgb(77, 58, 32)/Rgb(240, 228, 204)/NONE×120
27|                                                                                                                        |
   ~ Rgb(77, 58, 32)/Rgb(240, 228, 204)/NONE×120
28|                                                                                                                        |
   ~ Rgb(77, 58, 32)/Rgb(240, 228, 204)/NONE×120
29|                                                                                                                        |
   ~ Rgb(77, 58, 32)/Rgb(240, 228, 204)/NONE×120
30|                                                                                                                        |
   ~ Rgb(77, 58, 32)/Rgb(240, 228, 204)/NONE×120
31|                                                                                                                        |
   ~ Rgb(77, 58, 32)/Rgb(240, 228, 204)/NONE×120
32|                                                                                                                        |
   ~ Rgb(77, 58, 32)/Rgb(240, 228, 204)/NONE×120
33|                                                                                                                        |
   ~ Rgb(77, 58, 32)/Rgb(240, 228, 204)/NONE×120
34|                                                                                                                        |
   ~ Rgb(77, 58, 32)/Rgb(240, 228, 204)/NONE×120
35|───────────────────────────────────────────────────────────────────────────────────────────────────────────── fable-5 ──|
   ~ Rgb(156, 98, 2)/Rgb(240, 228, 204)/NONE×109; Rgb(112, 93, 65)/Rgb(240, 228, 204)/NONE×9; Rgb(156, 98, 2)/Rgb(240, 228, 204)/NONE×2
36|  ❯   message haider — ⏎ send · ⇧⏎ newline · / commands · paste images/text                                 [ ◉ talk ]  |
   ~ Rgb(46, 33, 16)/Rgb(244, 236, 218)/NONE×2; Rgb(156, 98, 2)/Rgb(244, 236, 218)/BOLD×2; Rgb(240, 228, 204)/Rgb(156, 98, 2)/NONE×1; Rgb(112, 93, 65)/Rgb(244, 236, 218)/NONE×70; Rgb(46, 33, 16)/Rgb(244, 236, 218)/NONE×33; Rgb(207, 175, 165)/Rgb(244, 236, 218)/NONE×2; Rgb(156, 98, 2)/Rgb(244, 236, 218)/NONE×6; Rgb(207, 175, 165)/Rgb(244, 236, 218)/NONE×2; Rgb(46, 33, 16)/Rgb(244, 236, 218)/NONE×2
37| ▸▸ bypass permissions on · 1 shell, 2 monitors                                                                         |
   ~ Rgb(156, 98, 2)/Rgb(240, 228, 204)/NONE×25; Rgb(210, 191, 155)/Rgb(240, 228, 204)/NONE×3; Rgb(112, 93, 65)/Rgb(240, 228, 204)/NONE×19; Rgb(77, 58, 32)/Rgb(240, 228, 204)/NONE×73
38|────────────────────────────────────────────────────────────────────────────────────────────────────────────────────────|
   ~ Rgb(207, 175, 165)/Rgb(240, 228, 204)/NONE×120
39| [ IDLE ]  0 tok · ▱▱▱▱▱▱▱▱▱▱ 0% of 200k  · main                                                                        |
   ~ Rgb(77, 58, 32)/Rgb(240, 228, 204)/NONE×1; Rgb(207, 175, 165)/Rgb(240, 228, 204)/NONE×2; Rgb(112, 93, 65)/Rgb(240, 228, 204)/NONE×4; Rgb(207, 175, 165)/Rgb(240, 228, 204)/NONE×2; Rgb(112, 93, 65)/Rgb(240, 228, 204)/NONE×33; Rgb(77, 58, 32)/Rgb(240, 228, 204)/NONE×78
