# tuivirt golden · task_line_many_light · 80x24
00|[ ← main ]     ▄▄  ██   ▄▄  ▀▀▀▀▀██▄  haider v<VERSION> · ~/dev/enterprise-suite  |
   ~ Rgb(184, 184, 184)/Rgb(253, 253, 253)/NONE×2; Rgb(110, 110, 110)/Rgb(253, 253, 253)/NONE×6; Rgb(184, 184, 184)/Rgb(253, 253, 253)/NONE×2; Rgb(54, 54, 54)/Rgb(253, 253, 253)/NONE×5; Rgb(124, 45, 18)/Rgb(253, 253, 253)/BOLD×2; Rgb(54, 54, 54)/Rgb(253, 253, 253)/NONE×2; Rgb(124, 45, 18)/Rgb(253, 253, 253)/BOLD×2; Rgb(54, 54, 54)/Rgb(253, 253, 253)/NONE×3; Rgb(124, 45, 18)/Rgb(253, 253, 253)/BOLD×2; Rgb(54, 54, 54)/Rgb(253, 253, 253)/NONE×2; Rgb(124, 45, 18)/Rgb(253, 253, 253)/BOLD×8; Rgb(54, 54, 54)/Rgb(253, 253, 253)/NONE×2; Rgb(125, 90, 5)/Rgb(253, 253, 253)/BOLD×6; Rgb(110, 110, 110)/Rgb(253, 253, 253)/NONE×9; Rgb(23, 23, 23)/Rgb(253, 253, 253)/NONE×25; Rgb(54, 54, 54)/Rgb(253, 253, 253)/NONE×2
01|            ▄▄█▀  ▀▀▀▀▀▀▀▀▀▀▀▀▀▀▀▀▀▀  session ▸   · branch main · test-lion-box |
   ~ Rgb(54, 54, 54)/Rgb(253, 253, 253)/NONE×12; Rgb(124, 45, 18)/Rgb(253, 253, 253)/BOLD×4; Rgb(54, 54, 54)/Rgb(253, 253, 253)/NONE×2; Rgb(124, 45, 18)/Rgb(253, 253, 253)/BOLD×4; Rgb(124, 45, 18)/Rgb(125, 90, 5)/BOLD×2; Rgb(124, 45, 18)/Rgb(253, 253, 253)/BOLD×2; Rgb(124, 45, 18)/Rgb(125, 90, 5)/BOLD×2; Rgb(124, 45, 18)/Rgb(253, 253, 253)/BOLD×8; Rgb(54, 54, 54)/Rgb(253, 253, 253)/NONE×2; Rgb(110, 110, 110)/Rgb(253, 253, 253)/NONE×7; Rgb(125, 90, 5)/Rgb(253, 253, 253)/NONE×4; Rgb(110, 110, 110)/Rgb(253, 253, 253)/NONE×30; Rgb(54, 54, 54)/Rgb(253, 253, 253)/NONE×1
02|────────────────────────────────────────────────────────────────────────────────|
   ~ Rgb(184, 184, 184)/Rgb(253, 253, 253)/NONE×80
03|                                                                                |
   ~ Rgb(54, 54, 54)/Rgb(253, 253, 253)/NONE×80
04| ❯ keep the wave moving                                                         |
   ~ Rgb(54, 54, 54)/Rgb(253, 253, 253)/NONE×1; Rgb(124, 45, 18)/Rgb(253, 253, 253)/BOLD×2; Rgb(23, 23, 23)/Rgb(253, 253, 253)/NONE×20; Rgb(54, 54, 54)/Rgb(253, 253, 253)/NONE×57
05|                                                                                |
   ~ Rgb(54, 54, 54)/Rgb(253, 253, 253)/NONE×80
06|                                                                                |
   ~ Rgb(54, 54, 54)/Rgb(253, 253, 253)/NONE×80
07|                                                                                |
   ~ Rgb(54, 54, 54)/Rgb(253, 253, 253)/NONE×80
08|                                                                                |
   ~ Rgb(54, 54, 54)/Rgb(253, 253, 253)/NONE×80
09|                                                                                |
   ~ Rgb(54, 54, 54)/Rgb(253, 253, 253)/NONE×80
10|                                                                                |
   ~ Rgb(54, 54, 54)/Rgb(253, 253, 253)/NONE×80
11|                                                                                |
   ~ Rgb(54, 54, 54)/Rgb(253, 253, 253)/NONE×80
12|                                                                                |
   ~ Rgb(54, 54, 54)/Rgb(253, 253, 253)/NONE×80
13|                                                                                |
   ~ Rgb(54, 54, 54)/Rgb(253, 253, 253)/NONE×80
14|                                                                                |
   ~ Rgb(54, 54, 54)/Rgb(253, 253, 253)/NONE×80
15|                                                                                |
   ~ Rgb(54, 54, 54)/Rgb(253, 253, 253)/NONE×80
16|                                                                                |
   ~ Rgb(54, 54, 54)/Rgb(253, 253, 253)/NONE×80
17|                                                                                |
   ~ Rgb(54, 54, 54)/Rgb(253, 253, 253)/NONE×80
18|                                                                                |
   ~ Rgb(54, 54, 54)/Rgb(253, 253, 253)/NONE×80
19|───────────────────────────────────────────────────────────────────── fable-5 ──|
   ~ Rgb(125, 90, 5)/Rgb(253, 253, 253)/NONE×69; Rgb(110, 110, 110)/Rgb(253, 253, 253)/NONE×9; Rgb(125, 90, 5)/Rgb(253, 253, 253)/NONE×2
20|  ❯   message haider — ⏎ send · ⇧⏎ newline · / commands · paste images/text     |
   ~ Rgb(23, 23, 23)/Rgb(244, 244, 244)/NONE×2; Rgb(125, 90, 5)/Rgb(244, 244, 244)/BOLD×2; Rgb(253, 253, 253)/Rgb(125, 90, 5)/NONE×1; Rgb(110, 110, 110)/Rgb(244, 244, 244)/NONE×70; Rgb(23, 23, 23)/Rgb(244, 244, 244)/NONE×5
21| ▸▸ bypass permissions on · 6 shells, 14 monitors                               |
   ~ Rgb(125, 90, 5)/Rgb(253, 253, 253)/NONE×25; Rgb(217, 217, 217)/Rgb(253, 253, 253)/NONE×3; Rgb(110, 110, 110)/Rgb(253, 253, 253)/NONE×21; Rgb(54, 54, 54)/Rgb(253, 253, 253)/NONE×31
22|────────────────────────────────────────────────────────────────────────────────|
   ~ Rgb(184, 184, 184)/Rgb(253, 253, 253)/NONE×80
23| [ IDLE ]  0 tok · ▱▱▱▱▱▱▱▱▱▱ 0% of 200k  · main                                |
   ~ Rgb(54, 54, 54)/Rgb(253, 253, 253)/NONE×1; Rgb(184, 184, 184)/Rgb(253, 253, 253)/NONE×2; Rgb(110, 110, 110)/Rgb(253, 253, 253)/NONE×4; Rgb(184, 184, 184)/Rgb(253, 253, 253)/NONE×2; Rgb(110, 110, 110)/Rgb(253, 253, 253)/NONE×33; Rgb(54, 54, 54)/Rgb(253, 253, 253)/NONE×38
