# tuivirt golden · toolview_detail_edit · 80x24
00|  ● Edit(state/970-STATUS.md)                                                   |
   ~ Rgb(139, 148, 158)/Rgb(15, 15, 15)/NONE×2; Rgb(134, 196, 147)/Rgb(15, 15, 15)/NONE×2; Rgb(229, 122, 74)/Rgb(15, 15, 15)/NONE×4; Rgb(139, 148, 158)/Rgb(15, 15, 15)/NONE×21; Rgb(212, 212, 212)/Rgb(15, 15, 15)/NONE×51
01|    ⎿ Added 2 lines, removed 1 line                                             |
   ~ Rgb(139, 148, 158)/Rgb(15, 15, 15)/NONE×12; Rgb(242, 242, 242)/Rgb(15, 15, 15)/BOLD×1; Rgb(139, 148, 158)/Rgb(15, 15, 15)/NONE×16; Rgb(242, 242, 242)/Rgb(15, 15, 15)/BOLD×1; Rgb(139, 148, 158)/Rgb(15, 15, 15)/NONE×5; Rgb(212, 212, 212)/Rgb(15, 15, 15)/NONE×45
02|      full detail · rows 1–13 of 13 · ↑↓ PgUp PgDn scroll · esc / ⌃O back       |
   ~ Rgb(58, 58, 58)/Rgb(15, 15, 15)/NONE×6; Rgb(139, 148, 158)/Rgb(15, 15, 15)/NONE×67; Rgb(212, 212, 212)/Rgb(15, 15, 15)/NONE×7
03|                                                                                |
   ~ Rgb(212, 212, 212)/Rgb(15, 15, 15)/NONE×80
04|      Diff · +2 −1                                                              |
   ~ Rgb(58, 58, 58)/Rgb(15, 15, 15)/NONE×6; Rgb(139, 148, 158)/Rgb(15, 15, 15)/BOLD×12; Rgb(212, 212, 212)/Rgb(15, 15, 15)/NONE×62
05|      41   ## Stage                                                             |
   ~ Rgb(58, 58, 58)/Rgb(15, 15, 15)/NONE×6; Rgb(139, 148, 158)/Rgb(15, 15, 15)/NONE×13; Rgb(212, 212, 212)/Rgb(15, 15, 15)/NONE×61
06|      42 - planning (not started; 972 release chain first)                      |
   ~ Rgb(58, 58, 58)/Rgb(15, 15, 15)/NONE×6; Rgb(212, 212, 212)/Rgb(58, 36, 34)/NONE×74
07|      42 + RE-SCOPED by owner 2026-09-23                                        |
   ~ Rgb(58, 58, 58)/Rgb(15, 15, 15)/NONE×6; Rgb(212, 212, 212)/Rgb(36, 48, 39)/NONE×74
08|      43 + implementation under way                                             |
   ~ Rgb(58, 58, 58)/Rgb(15, 15, 15)/NONE×6; Rgb(212, 212, 212)/Rgb(36, 48, 39)/NONE×74
09|      44   ## Owner                                                             |
   ~ Rgb(58, 58, 58)/Rgb(15, 15, 15)/NONE×6; Rgb(139, 148, 158)/Rgb(15, 15, 15)/NONE×13; Rgb(212, 212, 212)/Rgb(15, 15, 15)/NONE×61
10|      Output · 1 line                                                           |
   ~ Rgb(58, 58, 58)/Rgb(15, 15, 15)/NONE×6; Rgb(139, 148, 158)/Rgb(15, 15, 15)/BOLD×15; Rgb(212, 212, 212)/Rgb(15, 15, 15)/NONE×59
11|      edited state/970-STATUS.md (1 replacement)                                |
   ~ Rgb(58, 58, 58)/Rgb(15, 15, 15)/NONE×6; Rgb(139, 148, 158)/Rgb(15, 15, 15)/NONE×42; Rgb(212, 212, 212)/Rgb(15, 15, 15)/NONE×32
12|      Arguments                                                                 |
   ~ Rgb(58, 58, 58)/Rgb(15, 15, 15)/NONE×6; Rgb(139, 148, 158)/Rgb(15, 15, 15)/BOLD×9; Rgb(212, 212, 212)/Rgb(15, 15, 15)/NONE×65
13|      {                                                                         |
   ~ Rgb(58, 58, 58)/Rgb(15, 15, 15)/NONE×6; Rgb(212, 212, 212)/Rgb(15, 15, 15)/NONE×74
14|        "path": "/work/haider/state/970-STATUS.md"                              |
   ~ Rgb(58, 58, 58)/Rgb(15, 15, 15)/NONE×6; Rgb(212, 212, 212)/Rgb(15, 15, 15)/NONE×74
15|      }                                                                         |
   ~ Rgb(58, 58, 58)/Rgb(15, 15, 15)/NONE×6; Rgb(212, 212, 212)/Rgb(15, 15, 15)/NONE×74
16|      (content: see the diff above)                                             |
   ~ Rgb(58, 58, 58)/Rgb(15, 15, 15)/NONE×6; Rgb(212, 212, 212)/Rgb(15, 15, 15)/NONE×74
17|                                                                                |
   ~ Rgb(212, 212, 212)/Rgb(15, 15, 15)/NONE×80
18|                                                                                |
   ~ Rgb(212, 212, 212)/Rgb(15, 15, 15)/NONE×80
19|                                                                                |
   ~ Rgb(212, 212, 212)/Rgb(15, 15, 15)/NONE×80
20|                                                                                |
   ~ Rgb(212, 212, 212)/Rgb(15, 15, 15)/NONE×80
21|                                                                                |
   ~ Rgb(212, 212, 212)/Rgb(15, 15, 15)/NONE×80
22|                                                                                |
   ~ Rgb(212, 212, 212)/Rgb(15, 15, 15)/NONE×80
23| [ IDLE ]  request cap 64 (tranche 32)  0 tok · ▱▱▱▱▱▱▱▱▱▱ 0% of 200k  · main   |
   ~ Rgb(212, 212, 212)/Rgb(15, 15, 15)/NONE×1; Rgb(68, 68, 68)/Rgb(15, 15, 15)/NONE×2; Rgb(139, 148, 158)/Rgb(15, 15, 15)/NONE×4; Rgb(68, 68, 68)/Rgb(15, 15, 15)/NONE×2; Rgb(139, 148, 158)/Rgb(15, 15, 15)/NONE×62; Rgb(212, 212, 212)/Rgb(15, 15, 15)/NONE×9
