# tuivirt golden · toolview_detail_shell · 80x24
00|  ● Bash(cat >> experience-log.jsonl <<'EOF' …)                                 |
   ~ Rgb(58, 58, 58)/Rgb(15, 15, 15)/NONE×2; Rgb(134, 196, 147)/Rgb(15, 15, 15)/NONE×2; Rgb(229, 122, 74)/Rgb(15, 15, 15)/NONE×4; Rgb(139, 148, 158)/Rgb(15, 15, 15)/NONE×39; Rgb(212, 212, 212)/Rgb(15, 15, 15)/NONE×33
01|    ⎿ 1 line of output                                                          |
   ~ Rgb(58, 58, 58)/Rgb(15, 15, 15)/NONE×6; Rgb(139, 148, 158)/Rgb(15, 15, 15)/NONE×16; Rgb(212, 212, 212)/Rgb(15, 15, 15)/NONE×58
02|      full detail · rows 1–7 of 7 · ↑↓ PgUp PgDn scroll · esc / ⌃O back         |
   ~ Rgb(58, 58, 58)/Rgb(15, 15, 15)/NONE×6; Rgb(139, 148, 158)/Rgb(15, 15, 15)/NONE×65; Rgb(212, 212, 212)/Rgb(15, 15, 15)/NONE×9
03|                                                                                |
   ~ Rgb(212, 212, 212)/Rgb(15, 15, 15)/NONE×80
04|      Arguments                                                                 |
   ~ Rgb(58, 58, 58)/Rgb(15, 15, 15)/NONE×6; Rgb(139, 148, 158)/Rgb(15, 15, 15)/BOLD×9; Rgb(212, 212, 212)/Rgb(15, 15, 15)/NONE×65
05|      cat >> experience-log.jsonl <<'EOF'                                       |
   ~ Rgb(58, 58, 58)/Rgb(15, 15, 15)/NONE×6; Rgb(212, 212, 212)/Rgb(15, 15, 15)/NONE×74
06|      {"t":"2026-09-23T20:01:00Z","tool":"fs_write","ok":true}                  |
   ~ Rgb(58, 58, 58)/Rgb(15, 15, 15)/NONE×6; Rgb(212, 212, 212)/Rgb(15, 15, 15)/NONE×74
07|      EOF                                                                       |
   ~ Rgb(58, 58, 58)/Rgb(15, 15, 15)/NONE×6; Rgb(212, 212, 212)/Rgb(15, 15, 15)/NONE×74
08|      wc -l experience-log.jsonl                                                |
   ~ Rgb(58, 58, 58)/Rgb(15, 15, 15)/NONE×6; Rgb(212, 212, 212)/Rgb(15, 15, 15)/NONE×74
09|      Output · 1 line                                                           |
   ~ Rgb(58, 58, 58)/Rgb(15, 15, 15)/NONE×6; Rgb(139, 148, 158)/Rgb(15, 15, 15)/BOLD×15; Rgb(212, 212, 212)/Rgb(15, 15, 15)/NONE×59
10|      42 experience-log.jsonl                                                   |
   ~ Rgb(58, 58, 58)/Rgb(15, 15, 15)/NONE×6; Rgb(139, 148, 158)/Rgb(15, 15, 15)/NONE×23; Rgb(212, 212, 212)/Rgb(15, 15, 15)/NONE×51
11|                                                                                |
   ~ Rgb(212, 212, 212)/Rgb(15, 15, 15)/NONE×80
12|                                                                                |
   ~ Rgb(212, 212, 212)/Rgb(15, 15, 15)/NONE×80
13|                                                                                |
   ~ Rgb(212, 212, 212)/Rgb(15, 15, 15)/NONE×80
14|                                                                                |
   ~ Rgb(212, 212, 212)/Rgb(15, 15, 15)/NONE×80
15|                                                                                |
   ~ Rgb(212, 212, 212)/Rgb(15, 15, 15)/NONE×80
16|                                                                                |
   ~ Rgb(212, 212, 212)/Rgb(15, 15, 15)/NONE×80
17|                                                                                |
   ~ Rgb(212, 212, 212)/Rgb(15, 15, 15)/NONE×80
18|                                                                                |
   ~ Rgb(212, 212, 212)/Rgb(15, 15, 15)/NONE×80
19|                                                                                |
   ~ Rgb(212, 212, 212)/Rgb(15, 15, 15)/NONE×80
20|                                                                                |
   ~ Rgb(212, 212, 212)/Rgb(15, 15, 15)/NONE×80
21|                                                                                |
   ~ Rgb(212, 212, 212)/Rgb(15, 15, 15)/NONE×80
22|                                                                                |
   ~ Rgb(212, 212, 212)/Rgb(15, 15, 15)/NONE×80
23| [ IDLE ]  0 tok · ▱▱▱▱▱▱▱▱▱▱ 0% of 200k  · main                                |
   ~ Rgb(212, 212, 212)/Rgb(15, 15, 15)/NONE×1; Rgb(68, 68, 68)/Rgb(15, 15, 15)/NONE×2; Rgb(139, 148, 158)/Rgb(15, 15, 15)/NONE×4; Rgb(68, 68, 68)/Rgb(15, 15, 15)/NONE×2; Rgb(139, 148, 158)/Rgb(15, 15, 15)/NONE×33; Rgb(212, 212, 212)/Rgb(15, 15, 15)/NONE×38
