# tuivirt golden · tool_call_boxes · 80x24
00|[ ← main ]     ▄▄  ██   ▄▄  ▀▀▀▀▀██▄  haider v<VERSION> · ~/dev/enterprise-suite  |
   ~ Rgb(68, 68, 68)/Rgb(15, 15, 15)/NONE×2; Rgb(139, 148, 158)/Rgb(15, 15, 15)/NONE×6; Rgb(68, 68, 68)/Rgb(15, 15, 15)/NONE×2; Rgb(212, 212, 212)/Rgb(15, 15, 15)/NONE×5; Rgb(229, 122, 74)/Rgb(15, 15, 15)/BOLD×2; Rgb(212, 212, 212)/Rgb(15, 15, 15)/NONE×2; Rgb(229, 122, 74)/Rgb(15, 15, 15)/BOLD×2; Rgb(212, 212, 212)/Rgb(15, 15, 15)/NONE×3; Rgb(229, 122, 74)/Rgb(15, 15, 15)/BOLD×2; Rgb(212, 212, 212)/Rgb(15, 15, 15)/NONE×2; Rgb(229, 122, 74)/Rgb(15, 15, 15)/BOLD×8; Rgb(212, 212, 212)/Rgb(15, 15, 15)/NONE×2; Rgb(217, 181, 68)/Rgb(15, 15, 15)/BOLD×6; Rgb(139, 148, 158)/Rgb(15, 15, 15)/NONE×9; Rgb(242, 242, 242)/Rgb(15, 15, 15)/NONE×25; Rgb(212, 212, 212)/Rgb(15, 15, 15)/NONE×2
01|            ▄▄█▀  ▀▀▀▀▀▀▀▀▀▀▀▀▀▀▀▀▀▀  session ▸   · branch main · test-lion-box |
   ~ Rgb(212, 212, 212)/Rgb(15, 15, 15)/NONE×12; Rgb(229, 122, 74)/Rgb(15, 15, 15)/BOLD×4; Rgb(212, 212, 212)/Rgb(15, 15, 15)/NONE×2; Rgb(229, 122, 74)/Rgb(15, 15, 15)/BOLD×4; Rgb(229, 122, 74)/Rgb(217, 181, 68)/BOLD×2; Rgb(229, 122, 74)/Rgb(15, 15, 15)/BOLD×2; Rgb(229, 122, 74)/Rgb(217, 181, 68)/BOLD×2; Rgb(229, 122, 74)/Rgb(15, 15, 15)/BOLD×8; Rgb(212, 212, 212)/Rgb(15, 15, 15)/NONE×2; Rgb(139, 148, 158)/Rgb(15, 15, 15)/NONE×7; Rgb(217, 181, 68)/Rgb(15, 15, 15)/NONE×4; Rgb(139, 148, 158)/Rgb(15, 15, 15)/NONE×30; Rgb(212, 212, 212)/Rgb(15, 15, 15)/NONE×1
02|────────────────────────────────────────────────────────────────────────────────|
   ~ Rgb(68, 68, 68)/Rgb(15, 15, 15)/NONE×80
03|    output line 0244 — bounded tail probe                                       |
   ~ Rgb(58, 58, 58)/Rgb(15, 15, 15)/NONE×41; Rgb(212, 212, 212)/Rgb(15, 15, 15)/NONE×39
04|    output line 0245 — bounded tail probe                                       |
   ~ Rgb(58, 58, 58)/Rgb(15, 15, 15)/NONE×41; Rgb(212, 212, 212)/Rgb(15, 15, 15)/NONE×39
05|    output line 0246 — bounded tail probe                                       |
   ~ Rgb(58, 58, 58)/Rgb(15, 15, 15)/NONE×41; Rgb(212, 212, 212)/Rgb(15, 15, 15)/NONE×39
06|    output line 0247 — bounded tail probe                                       |
   ~ Rgb(58, 58, 58)/Rgb(15, 15, 15)/NONE×41; Rgb(212, 212, 212)/Rgb(15, 15, 15)/NONE×39
07|    output line 0248 — bounded tail probe                                       |
   ~ Rgb(58, 58, 58)/Rgb(15, 15, 15)/NONE×41; Rgb(212, 212, 212)/Rgb(15, 15, 15)/NONE×39
08|    output line 0249 — bounded tail probe                                       |
   ~ Rgb(58, 58, 58)/Rgb(15, 15, 15)/NONE×41; Rgb(212, 212, 212)/Rgb(15, 15, 15)/NONE×39
09|    output line 0250 — bounded tail probe                                       |
   ~ Rgb(58, 58, 58)/Rgb(15, 15, 15)/NONE×41; Rgb(212, 212, 212)/Rgb(15, 15, 15)/NONE×39
10|    output line 0251 — bounded tail probe                                       |
   ~ Rgb(58, 58, 58)/Rgb(15, 15, 15)/NONE×41; Rgb(212, 212, 212)/Rgb(15, 15, 15)/NONE×39
11|    output line 0252 — bounded tail probe                                       |
   ~ Rgb(58, 58, 58)/Rgb(15, 15, 15)/NONE×41; Rgb(212, 212, 212)/Rgb(15, 15, 15)/NONE×39
12|    output line 0253 — bounded tail probe                                       |
   ~ Rgb(58, 58, 58)/Rgb(15, 15, 15)/NONE×41; Rgb(212, 212, 212)/Rgb(15, 15, 15)/NONE×39
13|    output line 0254 — bounded tail probe                                       |
   ~ Rgb(58, 58, 58)/Rgb(15, 15, 15)/NONE×41; Rgb(212, 212, 212)/Rgb(15, 15, 15)/NONE×39
14|    output line 0255 — bounded tail probe                                       |
   ~ Rgb(58, 58, 58)/Rgb(15, 15, 15)/NONE×41; Rgb(212, 212, 212)/Rgb(15, 15, 15)/NONE×39
15|    ⋯ output above is a bounded tail — earlier output truncated                 |
   ~ Rgb(139, 148, 158)/Rgb(15, 15, 15)/NONE×63; Rgb(212, 212, 212)/Rgb(15, 15, 15)/NONE×17
16|  $ git status --short ✓ · exit 0                                               |
   ~ Rgb(217, 181, 68)/Rgb(15, 15, 15)/NONE×4; Rgb(212, 212, 212)/Rgb(15, 15, 15)/NONE×18; Rgb(139, 148, 158)/Rgb(15, 15, 15)/NONE×11; Rgb(212, 212, 212)/Rgb(15, 15, 15)/NONE×47
17|  ✓ fs_edit crates/haider-store/src/event_store.rs +4 −1                        |
   ~ Rgb(212, 212, 212)/Rgb(15, 15, 15)/NONE×2; Rgb(134, 196, 147)/Rgb(15, 15, 15)/NONE×2; Rgb(229, 122, 74)/Rgb(15, 15, 15)/NONE×7; Rgb(139, 148, 158)/Rgb(15, 15, 15)/NONE×45; Rgb(212, 212, 212)/Rgb(15, 15, 15)/NONE×24
18|                                                                                |
   ~ Rgb(212, 212, 212)/Rgb(15, 15, 15)/NONE×80
19|───────────────────────────────────────────────────────────────────── fable-5 ──|
   ~ Rgb(217, 181, 68)/Rgb(15, 15, 15)/NONE×69; Rgb(139, 148, 158)/Rgb(15, 15, 15)/NONE×9; Rgb(217, 181, 68)/Rgb(15, 15, 15)/NONE×2
20|  ❯   message haider — ⏎ send · ⇧⏎ newline · / commands · paste images/text     |
   ~ Rgb(242, 242, 242)/Rgb(26, 26, 26)/NONE×2; Rgb(217, 181, 68)/Rgb(26, 26, 26)/BOLD×2; Rgb(15, 15, 15)/Rgb(217, 181, 68)/NONE×1; Rgb(139, 148, 158)/Rgb(26, 26, 26)/NONE×70; Rgb(242, 242, 242)/Rgb(26, 26, 26)/NONE×5
21|────────────────────────────────────────────────────────────────────────────────|
   ~ Rgb(68, 68, 68)/Rgb(15, 15, 15)/NONE×80
22|                                                                                |
   ~ Rgb(212, 212, 212)/Rgb(15, 15, 15)/NONE×80
23| [ IDLE ]  0 tok · ▱▱▱▱▱▱▱▱▱▱ 0% of 200k  · main                                |
   ~ Rgb(212, 212, 212)/Rgb(15, 15, 15)/NONE×1; Rgb(68, 68, 68)/Rgb(15, 15, 15)/NONE×2; Rgb(139, 148, 158)/Rgb(15, 15, 15)/NONE×4; Rgb(68, 68, 68)/Rgb(15, 15, 15)/NONE×2; Rgb(139, 148, 158)/Rgb(15, 15, 15)/NONE×33; Rgb(212, 212, 212)/Rgb(15, 15, 15)/NONE×38
