# tuivirt golden · tool_call_boxes · 118x36
00|[ ← main ]     ▄▄  ██   ▄▄  ▀▀▀▀▀██▄  haider v<VERSION> · ~/dev/enterprise-suite            [ ◉ voice · whisper→openai ]|
   ~ Rgb(68, 68, 68)/Rgb(15, 15, 15)/NONE×2; Rgb(139, 148, 158)/Rgb(15, 15, 15)/NONE×6; Rgb(68, 68, 68)/Rgb(15, 15, 15)/NONE×2; Rgb(212, 212, 212)/Rgb(15, 15, 15)/NONE×5; Rgb(229, 122, 74)/Rgb(15, 15, 15)/BOLD×2; Rgb(212, 212, 212)/Rgb(15, 15, 15)/NONE×2; Rgb(229, 122, 74)/Rgb(15, 15, 15)/BOLD×2; Rgb(212, 212, 212)/Rgb(15, 15, 15)/NONE×3; Rgb(229, 122, 74)/Rgb(15, 15, 15)/BOLD×2; Rgb(212, 212, 212)/Rgb(15, 15, 15)/NONE×2; Rgb(229, 122, 74)/Rgb(15, 15, 15)/BOLD×8; Rgb(212, 212, 212)/Rgb(15, 15, 15)/NONE×2; Rgb(217, 181, 68)/Rgb(15, 15, 15)/BOLD×6; Rgb(139, 148, 158)/Rgb(15, 15, 15)/NONE×9; Rgb(242, 242, 242)/Rgb(15, 15, 15)/NONE×25; Rgb(212, 212, 212)/Rgb(15, 15, 15)/NONE×12; Rgb(68, 68, 68)/Rgb(15, 15, 15)/NONE×2; Rgb(217, 181, 68)/Rgb(15, 15, 15)/NONE×24; Rgb(68, 68, 68)/Rgb(15, 15, 15)/NONE×2
01|            ▄▄█▀  ▀▀▀▀▀▀▀▀▀▀▀▀▀▀▀▀▀▀  session ▸   · branch main · test-lion-box                                       |
   ~ Rgb(212, 212, 212)/Rgb(15, 15, 15)/NONE×12; Rgb(229, 122, 74)/Rgb(15, 15, 15)/BOLD×4; Rgb(212, 212, 212)/Rgb(15, 15, 15)/NONE×2; Rgb(229, 122, 74)/Rgb(15, 15, 15)/BOLD×4; Rgb(229, 122, 74)/Rgb(217, 181, 68)/BOLD×2; Rgb(229, 122, 74)/Rgb(15, 15, 15)/BOLD×2; Rgb(229, 122, 74)/Rgb(217, 181, 68)/BOLD×2; Rgb(229, 122, 74)/Rgb(15, 15, 15)/BOLD×8; Rgb(212, 212, 212)/Rgb(15, 15, 15)/NONE×2; Rgb(139, 148, 158)/Rgb(15, 15, 15)/NONE×7; Rgb(217, 181, 68)/Rgb(15, 15, 15)/NONE×4; Rgb(139, 148, 158)/Rgb(15, 15, 15)/NONE×30; Rgb(212, 212, 212)/Rgb(15, 15, 15)/NONE×39
02|──────────────────────────────────────────────────────────────────────────────────────────────────────────────────────|
   ~ Rgb(68, 68, 68)/Rgb(15, 15, 15)/NONE×118
03|    output line 0232 — bounded tail probe                                                                             |
   ~ Rgb(58, 58, 58)/Rgb(15, 15, 15)/NONE×41; Rgb(212, 212, 212)/Rgb(15, 15, 15)/NONE×77
04|    output line 0233 — bounded tail probe                                                                             |
   ~ Rgb(58, 58, 58)/Rgb(15, 15, 15)/NONE×41; Rgb(212, 212, 212)/Rgb(15, 15, 15)/NONE×77
05|    output line 0234 — bounded tail probe                                                                             |
   ~ Rgb(58, 58, 58)/Rgb(15, 15, 15)/NONE×41; Rgb(212, 212, 212)/Rgb(15, 15, 15)/NONE×77
06|    output line 0235 — bounded tail probe                                                                             |
   ~ Rgb(58, 58, 58)/Rgb(15, 15, 15)/NONE×41; Rgb(212, 212, 212)/Rgb(15, 15, 15)/NONE×77
07|    output line 0236 — bounded tail probe                                                                             |
   ~ Rgb(58, 58, 58)/Rgb(15, 15, 15)/NONE×41; Rgb(212, 212, 212)/Rgb(15, 15, 15)/NONE×77
08|    output line 0237 — bounded tail probe                                                                             |
   ~ Rgb(58, 58, 58)/Rgb(15, 15, 15)/NONE×41; Rgb(212, 212, 212)/Rgb(15, 15, 15)/NONE×77
09|    output line 0238 — bounded tail probe                                                                             |
   ~ Rgb(58, 58, 58)/Rgb(15, 15, 15)/NONE×41; Rgb(212, 212, 212)/Rgb(15, 15, 15)/NONE×77
10|    output line 0239 — bounded tail probe                                                                             |
   ~ Rgb(58, 58, 58)/Rgb(15, 15, 15)/NONE×41; Rgb(212, 212, 212)/Rgb(15, 15, 15)/NONE×77
11|    output line 0240 — bounded tail probe                                                                             |
   ~ Rgb(58, 58, 58)/Rgb(15, 15, 15)/NONE×41; Rgb(212, 212, 212)/Rgb(15, 15, 15)/NONE×77
12|    output line 0241 — bounded tail probe                                                                             |
   ~ Rgb(58, 58, 58)/Rgb(15, 15, 15)/NONE×41; Rgb(212, 212, 212)/Rgb(15, 15, 15)/NONE×77
13|    output line 0242 — bounded tail probe                                                                             |
   ~ Rgb(58, 58, 58)/Rgb(15, 15, 15)/NONE×41; Rgb(212, 212, 212)/Rgb(15, 15, 15)/NONE×77
14|    output line 0243 — bounded tail probe                                                                             |
   ~ Rgb(58, 58, 58)/Rgb(15, 15, 15)/NONE×41; Rgb(212, 212, 212)/Rgb(15, 15, 15)/NONE×77
15|    output line 0244 — bounded tail probe                                                                             |
   ~ Rgb(58, 58, 58)/Rgb(15, 15, 15)/NONE×41; Rgb(212, 212, 212)/Rgb(15, 15, 15)/NONE×77
16|    output line 0245 — bounded tail probe                                                                             |
   ~ Rgb(58, 58, 58)/Rgb(15, 15, 15)/NONE×41; Rgb(212, 212, 212)/Rgb(15, 15, 15)/NONE×77
17|    output line 0246 — bounded tail probe                                                                             |
   ~ Rgb(58, 58, 58)/Rgb(15, 15, 15)/NONE×41; Rgb(212, 212, 212)/Rgb(15, 15, 15)/NONE×77
18|    output line 0247 — bounded tail probe                                                                             |
   ~ Rgb(58, 58, 58)/Rgb(15, 15, 15)/NONE×41; Rgb(212, 212, 212)/Rgb(15, 15, 15)/NONE×77
19|    output line 0248 — bounded tail probe                                                                             |
   ~ Rgb(58, 58, 58)/Rgb(15, 15, 15)/NONE×41; Rgb(212, 212, 212)/Rgb(15, 15, 15)/NONE×77
20|    output line 0249 — bounded tail probe                                                                             |
   ~ Rgb(58, 58, 58)/Rgb(15, 15, 15)/NONE×41; Rgb(212, 212, 212)/Rgb(15, 15, 15)/NONE×77
21|    output line 0250 — bounded tail probe                                                                             |
   ~ Rgb(58, 58, 58)/Rgb(15, 15, 15)/NONE×41; Rgb(212, 212, 212)/Rgb(15, 15, 15)/NONE×77
22|    output line 0251 — bounded tail probe                                                                             |
   ~ Rgb(58, 58, 58)/Rgb(15, 15, 15)/NONE×41; Rgb(212, 212, 212)/Rgb(15, 15, 15)/NONE×77
23|    output line 0252 — bounded tail probe                                                                             |
   ~ Rgb(58, 58, 58)/Rgb(15, 15, 15)/NONE×41; Rgb(212, 212, 212)/Rgb(15, 15, 15)/NONE×77
24|    output line 0253 — bounded tail probe                                                                             |
   ~ Rgb(58, 58, 58)/Rgb(15, 15, 15)/NONE×41; Rgb(212, 212, 212)/Rgb(15, 15, 15)/NONE×77
25|    output line 0254 — bounded tail probe                                                                             |
   ~ Rgb(58, 58, 58)/Rgb(15, 15, 15)/NONE×41; Rgb(212, 212, 212)/Rgb(15, 15, 15)/NONE×77
26|    output line 0255 — bounded tail probe                                                                             |
   ~ Rgb(58, 58, 58)/Rgb(15, 15, 15)/NONE×41; Rgb(212, 212, 212)/Rgb(15, 15, 15)/NONE×77
27|    ⋯ output above is a bounded tail — earlier output truncated                                                       |
   ~ Rgb(139, 148, 158)/Rgb(15, 15, 15)/NONE×63; Rgb(212, 212, 212)/Rgb(15, 15, 15)/NONE×55
28|  $ git status --short ✓ · exit 0                                                                                     |
   ~ Rgb(217, 181, 68)/Rgb(15, 15, 15)/NONE×4; Rgb(212, 212, 212)/Rgb(15, 15, 15)/NONE×18; Rgb(139, 148, 158)/Rgb(15, 15, 15)/NONE×11; Rgb(212, 212, 212)/Rgb(15, 15, 15)/NONE×85
29|  ✓ fs_edit crates/haider-store/src/event_store.rs +4 −1                                                              |
   ~ Rgb(212, 212, 212)/Rgb(15, 15, 15)/NONE×2; Rgb(134, 196, 147)/Rgb(15, 15, 15)/NONE×2; Rgb(229, 122, 74)/Rgb(15, 15, 15)/NONE×7; Rgb(139, 148, 158)/Rgb(15, 15, 15)/NONE×45; Rgb(212, 212, 212)/Rgb(15, 15, 15)/NONE×62
30|                                                                                                                      |
   ~ Rgb(212, 212, 212)/Rgb(15, 15, 15)/NONE×118
31|─────────────────────────────────────────────────────────────────────────────────────────────────────────── fable-5 ──|
   ~ Rgb(217, 181, 68)/Rgb(15, 15, 15)/NONE×107; Rgb(139, 148, 158)/Rgb(15, 15, 15)/NONE×9; Rgb(217, 181, 68)/Rgb(15, 15, 15)/NONE×2
32|  ❯   message haider — ⏎ send · ⇧⏎ newline · / commands · paste images/text                               [ ◉ talk ]  |
   ~ Rgb(242, 242, 242)/Rgb(26, 26, 26)/NONE×2; Rgb(217, 181, 68)/Rgb(26, 26, 26)/BOLD×2; Rgb(15, 15, 15)/Rgb(217, 181, 68)/NONE×1; Rgb(139, 148, 158)/Rgb(26, 26, 26)/NONE×70; Rgb(242, 242, 242)/Rgb(26, 26, 26)/NONE×31; Rgb(68, 68, 68)/Rgb(26, 26, 26)/NONE×2; Rgb(217, 181, 68)/Rgb(26, 26, 26)/NONE×6; Rgb(68, 68, 68)/Rgb(26, 26, 26)/NONE×2; Rgb(242, 242, 242)/Rgb(26, 26, 26)/NONE×2
33|──────────────────────────────────────────────────────────────────────────────────────────────────────────────────────|
   ~ Rgb(68, 68, 68)/Rgb(15, 15, 15)/NONE×118
34|                                                                                                                      |
   ~ Rgb(212, 212, 212)/Rgb(15, 15, 15)/NONE×118
35| [ IDLE ]  0 tok · ▱▱▱▱▱▱▱▱▱▱ 0% of 200k  · main                                                                      |
   ~ Rgb(212, 212, 212)/Rgb(15, 15, 15)/NONE×1; Rgb(68, 68, 68)/Rgb(15, 15, 15)/NONE×2; Rgb(139, 148, 158)/Rgb(15, 15, 15)/NONE×4; Rgb(68, 68, 68)/Rgb(15, 15, 15)/NONE×2; Rgb(139, 148, 158)/Rgb(15, 15, 15)/NONE×33; Rgb(212, 212, 212)/Rgb(15, 15, 15)/NONE×76
